============================================================================================== 
Warning! Mixing Conda and module environments may lead to corruption of the
user environment. 
We do not recommend users mixing those two environments unless absolutely
necessary. Note that 
SURF does not provide any support for Conda environment.
For more information, please refer to our software policy page:
https://servicedesk.surf.nl/wiki/display/WIKI/Software+policy+Snellius#SoftwarepolicySnellius-UseofAnacondaandMinicondaenvironmentsonSnellius 

Remember that many packages have already been installed on the system and can
be loaded using 
the 'module load <package__name>' command. If you are uncertain if a package is
already available 
on the system, please use 'module avail' or 'module spider' to search for it.
============================================================================================== 
/var/spool/slurm/slurmd/job25934978/slurm_script: line 18: cd: /home/binal1/...: No such file or directory
# Log started at 2026-08-21T15:40:16.320866
# Log file: /gpfs/home5/binal1/plantmetbench/runs/baseline/hgt/seed_42/train.log

Run: baseline  seed=42  →  /gpfs/home5/binal1/plantmetbench/runs/baseline/hgt/seed_42
  Device: cuda  (NVIDIA H100)

Loading graph from /gpfs/home5/binal1/plantmetbench/data …
  Protein embeddings: 8,445/13,682 nodes covered (61.7%)  dim=960
  Removed 6 is_part_of edge type(s) and Pathway node store
Loading taxa split …
  Conversion fingerprints: 19,927/84,470 nodes (23.6%)  dim=3072
  Ranking pool: 8,445/13,682 proteins have embeddings (61.7%)

────────────────────────────────────────────────────────────────────────
Dataset summary
────────────────────────────────────────────────────────────────────────
  Target edge : ('Protein', 'catalyzes', 'Interaction')

Node types:
  GeneProduct   num_nodes=    6,480  x=(6480, 1024)
  Interaction   num_nodes=   84,470  x=(84470, 3072)
  Metabolite    num_nodes=   17,476  x=(17476, 1024)
  Organism      num_nodes=      424  x=(424, 64)
  Protein       num_nodes=   13,682  x=(13682, 960)
Edge types:
  ('GeneProduct', 'encodes', 'Protein')               num_edges=     2,762
  ('GeneProduct', 'is_about', 'GeneProduct')          num_edges=     4,580
  ('GeneProduct', 'organism', 'Organism')             num_edges=     6,504
  ('Interaction', 'is_about', 'Interaction')          num_edges=    29,740
  ('Interaction', 'participants', 'Interaction')      num_edges=     9,813
  ('Interaction', 'participants', 'Metabolite')       num_edges=    34,793
  ('Interaction', 'source', 'Metabolite')             num_edges=     7,554
  ('Interaction', 'target', 'Interaction')            num_edges=        17
  ('Interaction', 'target', 'Metabolite')             num_edges=    18,622
  ('Metabolite', 'is_about', 'Metabolite')            num_edges=    12,812
  ('Metabolite', 'organism', 'Organism')              num_edges=    17,489
  ('Protein', 'catalyzes', 'Interaction')             num_edges=     7,655
  ('Protein', 'encoded_by', 'GeneProduct')            num_edges=     2,762
  ('Protein', 'is_about', 'GeneProduct')              num_edges=        83
  ('Protein', 'is_about', 'Protein')                  num_edges=     9,932
  ('Protein', 'organism', 'Organism')                 num_edges=    13,725

  Positive edge splits:
    train    9,569 edges
    val      1,211 edges
    test     1,200 edges

  Ranking pool : 8,445 proteins  (embedded only)
  Random P-H@50: 0.0059  (0.59%)
────────────────────────────────────────────────────────────────────────

Node types : ['GeneProduct', 'Interaction', 'Metabolite', 'Organism', 'Protein']
  GeneProduct  num_nodes=    6,480  x=(6480, 1024)
  Interaction  num_nodes=   84,470  x=(84470, 3072)
  Metabolite  num_nodes=   17,476  x=(17476, 1024)
  Organism    num_nodes=      424  x=(424, 64)
  Protein     num_nodes=   13,682  x=(13682, 960)
 ---------- GNN = HGT -----------
Running dummy forward pass to materialize weights...
Model: HeteroGNN  hidden_dim=128  num_layers=2  decoder=dot  dropout=0.3
  Edge types in GNN: 16
  Trainable parameters: 1,971,914
 Epoch     loss val_loss tst_loss  P-H@10   P-H@50   CP-AUC    time
──────────────────────────────────────────────────────────────────
    50   0.4937   0.9164    0.9286  0.0000   0.0000   0.5196    0.3s
   100   0.3690   0.9610    0.9636  0.0000   0.0000   0.8624    0.3s
   150   0.2566   0.8647    0.8702  0.0012   0.0174   0.8851    0.3s
   200   0.2288   0.9739    1.0269  0.0023   0.0406   0.8799    0.3s

Best checkpoint: epoch 143  val P-H@50 = 0.0545

── Final evaluation (best checkpoint) ──────────────────────────────
  val:
    P-H@1=0.0000  P-H@5=0.0000  P-H@10=0.0035  P-H@50=0.0545
    CP-AUC=0.8902  CP-AP=0.8077  loss=0.8980
  test:
    P-H@1=0.0000  P-H@5=0.0021  P-H@10=0.0021  P-H@50=0.0150
    CP-AUC=0.8984  CP-AP=0.8109  loss=0.8890

Report saved → /gpfs/home5/binal1/plantmetbench/runs/baseline/hgt/seed_42/report_hgt_epoch143.json
Checkpoint → /gpfs/home5/binal1/plantmetbench/runs/baseline/hgt/seed_42/hgt_L2_epoch143_best.pt
Log        → /gpfs/home5/binal1/plantmetbench/runs/baseline/hgt/seed_42/train.log
History    → /gpfs/home5/binal1/plantmetbench/runs/baseline/hgt/seed_42/history_hgt_epoch143.json
# Log started at 2026-08-21T15:41:27.965340
# Log file: /gpfs/home5/binal1/plantmetbench/runs/baseline/hgt/seed_42/train.log

Run: baseline  seed=42  →  /gpfs/home5/binal1/plantmetbench/runs/baseline/hgt/seed_42
  Device: cuda  (NVIDIA H100)

Loading graph from /gpfs/home5/binal1/plantmetbench/data …
  Protein embeddings: 8,445/13,682 nodes covered (61.7%)  dim=960
  Removed 6 is_part_of edge type(s) and Pathway node store
Loading taxa split …
  Conversion fingerprints: 19,927/84,470 nodes (23.6%)  dim=3072
  Ranking pool: 8,445/13,682 proteins have embeddings (61.7%)

────────────────────────────────────────────────────────────────────────
Dataset summary
────────────────────────────────────────────────────────────────────────
  Target edge : ('Protein', 'catalyzes', 'Interaction')

Node types:
  GeneProduct   num_nodes=    6,480  x=(6480, 1024)
  Interaction   num_nodes=   84,470  x=(84470, 3072)
  Metabolite    num_nodes=   17,476  x=(17476, 1024)
  Organism      num_nodes=      424  x=(424, 64)
  Protein       num_nodes=   13,682  x=(13682, 960)
Edge types:
  ('GeneProduct', 'encodes', 'Protein')               num_edges=     2,762
  ('GeneProduct', 'is_about', 'GeneProduct')          num_edges=     4,580
  ('GeneProduct', 'organism', 'Organism')             num_edges=     6,504
  ('Interaction', 'is_about', 'Interaction')          num_edges=    29,740
  ('Interaction', 'participants', 'Interaction')      num_edges=     9,813
  ('Interaction', 'participants', 'Metabolite')       num_edges=    34,793
  ('Interaction', 'source', 'Metabolite')             num_edges=     7,554
  ('Interaction', 'target', 'Interaction')            num_edges=        17
  ('Interaction', 'target', 'Metabolite')             num_edges=    18,622
  ('Metabolite', 'is_about', 'Metabolite')            num_edges=    12,812
  ('Metabolite', 'organism', 'Organism')              num_edges=    17,489
  ('Protein', 'catalyzes', 'Interaction')             num_edges=     7,655
  ('Protein', 'encoded_by', 'GeneProduct')            num_edges=     2,762
  ('Protein', 'is_about', 'GeneProduct')              num_edges=        83
  ('Protein', 'is_about', 'Protein')                  num_edges=     9,932
  ('Protein', 'organism', 'Organism')                 num_edges=    13,725

  Positive edge splits:
    train    9,569 edges
    val      1,211 edges
    test     1,200 edges

  Ranking pool : 8,445 proteins  (embedded only)
  Random P-H@50: 0.0059  (0.59%)
────────────────────────────────────────────────────────────────────────

Node types : ['GeneProduct', 'Interaction', 'Metabolite', 'Organism', 'Protein']
  GeneProduct  num_nodes=    6,480  x=(6480, 1024)
  Interaction  num_nodes=   84,470  x=(84470, 3072)
  Metabolite  num_nodes=   17,476  x=(17476, 1024)
  Organism    num_nodes=      424  x=(424, 64)
  Protein     num_nodes=   13,682  x=(13682, 960)
 ---------- GNN = HGT -----------
Running dummy forward pass to materialize weights...
Model: HeteroGNN  hidden_dim=128  num_layers=1  decoder=dot  dropout=0.3
  Edge types in GNN: 16
  Trainable parameters: 1,379,493
 Epoch     loss val_loss tst_loss  P-H@10   P-H@50   CP-AUC    time
──────────────────────────────────────────────────────────────────
    50   0.4614   1.1296    1.1655  0.0000   0.0000   0.5970    0.2s
   100   0.3882   0.9764    1.0008  0.0000   0.1217   0.8106    0.2s
   150   0.3100   0.8829    0.8702  0.0046   0.0939   0.8738    0.2s
   200   0.2587   0.9182    0.9305  0.0070   0.0846   0.8942    0.2s

Best checkpoint: epoch 164  val P-H@50 = 0.1692

── Final evaluation (best checkpoint) ──────────────────────────────
  val:
    P-H@1=0.0000  P-H@5=0.0012  P-H@10=0.0023  P-H@50=0.1692
    CP-AUC=0.8872  CP-AP=0.8170  loss=0.8809
  test:
    P-H@1=0.0000  P-H@5=0.0000  P-H@10=0.0011  P-H@50=0.0321
    CP-AUC=0.8917  CP-AP=0.8011  loss=0.8963

Report saved → /gpfs/home5/binal1/plantmetbench/runs/baseline/hgt/seed_42/report_hgt_epoch164.json
Checkpoint → /gpfs/home5/binal1/plantmetbench/runs/baseline/hgt/seed_42/hgt_L1_epoch164_best.pt
Log        → /gpfs/home5/binal1/plantmetbench/runs/baseline/hgt/seed_42/train.log
History    → /gpfs/home5/binal1/plantmetbench/runs/baseline/hgt/seed_42/history_hgt_epoch164.json
# Log started at 2026-08-21T15:41:24.928538
# Log file: /gpfs/home5/binal1/plantmetbench/runs/baseline/hgt/seed_0/train.log

Run: baseline  seed=0  →  /gpfs/home5/binal1/plantmetbench/runs/baseline/hgt/seed_0
  Device: cuda  (NVIDIA H100)

Loading graph from /gpfs/home5/binal1/plantmetbench/data …
  Protein embeddings: 8,445/13,682 nodes covered (61.7%)  dim=960
  Removed 6 is_part_of edge type(s) and Pathway node store
Loading taxa split …
  Conversion fingerprints: 19,927/84,470 nodes (23.6%)  dim=3072
  Ranking pool: 8,445/13,682 proteins have embeddings (61.7%)
Node types : ['GeneProduct', 'Interaction', 'Metabolite', 'Organism', 'Protein']
  GeneProduct  num_nodes=    6,480  x=(6480, 1024)
  Interaction  num_nodes=   84,470  x=(84470, 3072)
  Metabolite  num_nodes=   17,476  x=(17476, 1024)
  Organism    num_nodes=      424  x=(424, 64)
  Protein     num_nodes=   13,682  x=(13682, 960)
 ---------- GNN = HGT -----------
Running dummy forward pass to materialize weights...
Model: HeteroGNN  hidden_dim=128  num_layers=2  decoder=dot  dropout=0.3
  Edge types in GNN: 16
  Trainable parameters: 1,971,914
 Epoch     loss val_loss tst_loss  P-H@10   P-H@50   CP-AUC    time
──────────────────────────────────────────────────────────────────
    50   0.4941   0.9047    0.9174  0.0000   0.0000   0.5253    0.3s
   100   0.3680   0.9711    0.9804  0.0000   0.0000   0.8557    0.3s
   150   0.2623   0.8865    0.8658  0.0000   0.0255   0.8991    0.3s
   200   0.2313   0.8733    0.9249  0.0151   0.1356   0.8799    0.3s

Best checkpoint: epoch 200  val P-H@50 = 0.1356

── Final evaluation (best checkpoint) ──────────────────────────────
  val:
    P-H@1=0.0000  P-H@5=0.0000  P-H@10=0.0151  P-H@50=0.1356
    CP-AUC=0.8735  CP-AP=0.8055  loss=0.8733
  test:
    P-H@1=0.0000  P-H@5=0.0011  P-H@10=0.0011  P-H@50=0.0300
    CP-AUC=0.8752  CP-AP=0.7956  loss=0.9249

Report saved → /gpfs/home5/binal1/plantmetbench/runs/baseline/hgt/seed_0/report_hgt_epoch200.json
Checkpoint → /gpfs/home5/binal1/plantmetbench/runs/baseline/hgt/seed_0/hgt_L2_epoch200_best.pt
Log        → /gpfs/home5/binal1/plantmetbench/runs/baseline/hgt/seed_0/train.log
History    → /gpfs/home5/binal1/plantmetbench/runs/baseline/hgt/seed_0/history_hgt_epoch200.json
# Log started at 2026-08-21T15:42:15.169732
# Log file: /gpfs/home5/binal1/plantmetbench/runs/baseline/hgt/seed_0/train.log

Run: baseline  seed=0  →  /gpfs/home5/binal1/plantmetbench/runs/baseline/hgt/seed_0
  Device: cuda  (NVIDIA H100)

Loading graph from /gpfs/home5/binal1/plantmetbench/data …
  Protein embeddings: 8,445/13,682 nodes covered (61.7%)  dim=960
  Removed 6 is_part_of edge type(s) and Pathway node store
Loading taxa split …
  Conversion fingerprints: 19,927/84,470 nodes (23.6%)  dim=3072
  Ranking pool: 8,445/13,682 proteins have embeddings (61.7%)
Node types : ['GeneProduct', 'Interaction', 'Metabolite', 'Organism', 'Protein']
  GeneProduct  num_nodes=    6,480  x=(6480, 1024)
  Interaction  num_nodes=   84,470  x=(84470, 3072)
  Metabolite  num_nodes=   17,476  x=(17476, 1024)
  Organism    num_nodes=      424  x=(424, 64)
  Protein     num_nodes=   13,682  x=(13682, 960)
 ---------- GNN = HGT -----------
Running dummy forward pass to materialize weights...
Model: HeteroGNN  hidden_dim=128  num_layers=1  decoder=dot  dropout=0.3
  Edge types in GNN: 16
  Trainable parameters: 1,379,493
 Epoch     loss val_loss tst_loss  P-H@10   P-H@50   CP-AUC    time
──────────────────────────────────────────────────────────────────
    50   0.4650   1.1283    1.1666  0.0012   0.0127   0.6073    0.2s
   100   0.3916   0.9538    0.9818  0.0000   0.0915   0.8165    0.2s
   150   0.3104   0.8794    0.8910  0.0070   0.1205   0.8899    0.2s
   200   0.2627   0.9105    0.9147  0.0081   0.1298   0.8906    0.2s

Best checkpoint: epoch 168  val P-H@50 = 0.1530

── Final evaluation (best checkpoint) ──────────────────────────────
  val:
    P-H@1=0.0000  P-H@5=0.0000  P-H@10=0.0093  P-H@50=0.1530
    CP-AUC=0.8762  CP-AP=0.7919  loss=0.8710
  test:
    P-H@1=0.0000  P-H@5=0.0021  P-H@10=0.0043  P-H@50=0.0396
    CP-AUC=0.8972  CP-AP=0.8082  loss=0.8828

Report saved → /gpfs/home5/binal1/plantmetbench/runs/baseline/hgt/seed_0/report_hgt_epoch168.json
Checkpoint → /gpfs/home5/binal1/plantmetbench/runs/baseline/hgt/seed_0/hgt_L1_epoch168_best.pt
Log        → /gpfs/home5/binal1/plantmetbench/runs/baseline/hgt/seed_0/train.log
History    → /gpfs/home5/binal1/plantmetbench/runs/baseline/hgt/seed_0/history_hgt_epoch168.json
# Log started at 2026-08-21T15:42:33.978253
# Log file: /gpfs/home5/binal1/plantmetbench/runs/baseline/hgt/seed_1/train.log

Run: baseline  seed=1  →  /gpfs/home5/binal1/plantmetbench/runs/baseline/hgt/seed_1
  Device: cuda  (NVIDIA H100)

Loading graph from /gpfs/home5/binal1/plantmetbench/data …
  Protein embeddings: 8,445/13,682 nodes covered (61.7%)  dim=960
  Removed 6 is_part_of edge type(s) and Pathway node store
Loading taxa split …
  Conversion fingerprints: 19,927/84,470 nodes (23.6%)  dim=3072
  Ranking pool: 8,445/13,682 proteins have embeddings (61.7%)
Node types : ['GeneProduct', 'Interaction', 'Metabolite', 'Organism', 'Protein']
  GeneProduct  num_nodes=    6,480  x=(6480, 1024)
  Interaction  num_nodes=   84,470  x=(84470, 3072)
  Metabolite  num_nodes=   17,476  x=(17476, 1024)
  Organism    num_nodes=      424  x=(424, 64)
  Protein     num_nodes=   13,682  x=(13682, 960)
 ---------- GNN = HGT -----------
Running dummy forward pass to materialize weights...
Model: HeteroGNN  hidden_dim=128  num_layers=2  decoder=dot  dropout=0.3
  Edge types in GNN: 16
  Trainable parameters: 1,971,914
 Epoch     loss val_loss tst_loss  P-H@10   P-H@50   CP-AUC    time
──────────────────────────────────────────────────────────────────
    50   0.5006   0.9358    0.9491  0.0000   0.0000   0.5042    0.3s
   100   0.3647   0.9579    0.9599  0.0000   0.0000   0.8606    0.3s
   150   0.2512   0.8455    0.8366  0.0081   0.0394   0.8813    0.3s
   200   0.2316   0.9910    1.0060  0.0070   0.0556   0.8724    0.3s

Best checkpoint: epoch 153  val P-H@50 = 0.0649

── Final evaluation (best checkpoint) ──────────────────────────────
  val:
    P-H@1=0.0000  P-H@5=0.0023  P-H@10=0.0035  P-H@50=0.0649
    CP-AUC=0.8807  CP-AP=0.8042  loss=0.8560
  test:
    P-H@1=0.0000  P-H@5=0.0064  P-H@10=0.0064  P-H@50=0.0557
    CP-AUC=0.8863  CP-AP=0.8035  loss=0.8523

Report saved → /gpfs/home5/binal1/plantmetbench/runs/baseline/hgt/seed_1/report_hgt_epoch153.json
Checkpoint → /gpfs/home5/binal1/plantmetbench/runs/baseline/hgt/seed_1/hgt_L2_epoch153_best.pt
Log        → /gpfs/home5/binal1/plantmetbench/runs/baseline/hgt/seed_1/train.log
History    → /gpfs/home5/binal1/plantmetbench/runs/baseline/hgt/seed_1/history_hgt_epoch153.json
# Log started at 2026-08-21T15:43:02.897754
# Log file: /gpfs/home5/binal1/plantmetbench/runs/baseline/hgt/seed_1/train.log

Run: baseline  seed=1  →  /gpfs/home5/binal1/plantmetbench/runs/baseline/hgt/seed_1
  Device: cuda  (NVIDIA H100)

Loading graph from /gpfs/home5/binal1/plantmetbench/data …
  Protein embeddings: 8,445/13,682 nodes covered (61.7%)  dim=960
  Removed 6 is_part_of edge type(s) and Pathway node store
Loading taxa split …
  Conversion fingerprints: 19,927/84,470 nodes (23.6%)  dim=3072
  Ranking pool: 8,445/13,682 proteins have embeddings (61.7%)
Node types : ['GeneProduct', 'Interaction', 'Metabolite', 'Organism', 'Protein']
  GeneProduct  num_nodes=    6,480  x=(6480, 1024)
  Interaction  num_nodes=   84,470  x=(84470, 3072)
  Metabolite  num_nodes=   17,476  x=(17476, 1024)
  Organism    num_nodes=      424  x=(424, 64)
  Protein     num_nodes=   13,682  x=(13682, 960)
 ---------- GNN = HGT -----------
Running dummy forward pass to materialize weights...
Model: HeteroGNN  hidden_dim=128  num_layers=1  decoder=dot  dropout=0.3
  Edge types in GNN: 16
  Trainable parameters: 1,379,493
 Epoch     loss val_loss tst_loss  P-H@10   P-H@50   CP-AUC    time
──────────────────────────────────────────────────────────────────
    50   0.4629   1.1647    1.2035  0.0000   0.0093   0.5836    0.2s
   100   0.3862   1.0019    1.0292  0.0023   0.0498   0.8010    0.2s
   150   0.3018   0.8960    0.8956  0.0093   0.0417   0.8784    0.2s
   200   0.2552   0.9346    0.9273  0.0070   0.0440   0.8915    0.2s

Best checkpoint: epoch 84  val P-H@50 = 0.0892

── Final evaluation (best checkpoint) ──────────────────────────────
  val:
    P-H@1=0.0000  P-H@5=0.0000  P-H@10=0.0000  P-H@50=0.0892
    CP-AUC=0.7512  CP-AP=0.6710  loss=1.0472
  test:
    P-H@1=0.0000  P-H@5=0.0000  P-H@10=0.0000  P-H@50=0.0182
    CP-AUC=0.7584  CP-AP=0.6782  loss=1.0841

Report saved → /gpfs/home5/binal1/plantmetbench/runs/baseline/hgt/seed_1/report_hgt_epoch084.json
Checkpoint → /gpfs/home5/binal1/plantmetbench/runs/baseline/hgt/seed_1/hgt_L1_epoch084_best.pt
Log        → /gpfs/home5/binal1/plantmetbench/runs/baseline/hgt/seed_1/train.log
History    → /gpfs/home5/binal1/plantmetbench/runs/baseline/hgt/seed_1/history_hgt_epoch084.json
# Log started at 2026-08-21T15:43:49.147158
# Log file: /gpfs/home5/binal1/plantmetbench/runs/baseline/hgt/seed_2/train.log

Run: baseline  seed=2  →  /gpfs/home5/binal1/plantmetbench/runs/baseline/hgt/seed_2
  Device: cuda  (NVIDIA H100)

Loading graph from /gpfs/home5/binal1/plantmetbench/data …
  Protein embeddings: 8,445/13,682 nodes covered (61.7%)  dim=960
  Removed 6 is_part_of edge type(s) and Pathway node store
Loading taxa split …
  Conversion fingerprints: 19,927/84,470 nodes (23.6%)  dim=3072
  Ranking pool: 8,445/13,682 proteins have embeddings (61.7%)
Node types : ['GeneProduct', 'Interaction', 'Metabolite', 'Organism', 'Protein']
  GeneProduct  num_nodes=    6,480  x=(6480, 1024)
  Interaction  num_nodes=   84,470  x=(84470, 3072)
  Metabolite  num_nodes=   17,476  x=(17476, 1024)
  Organism    num_nodes=      424  x=(424, 64)
  Protein     num_nodes=   13,682  x=(13682, 960)
 ---------- GNN = HGT -----------
Running dummy forward pass to materialize weights...
Model: HeteroGNN  hidden_dim=128  num_layers=1  decoder=dot  dropout=0.3
  Edge types in GNN: 16
  Trainable parameters: 1,379,493
 Epoch     loss val_loss tst_loss  P-H@10   P-H@50   CP-AUC    time
──────────────────────────────────────────────────────────────────
    50   0.4643   1.1315    1.1553  0.0000   0.0035   0.5930    0.2s
   100   0.3931   0.9743    0.9964  0.0081   0.1645   0.8087    0.2s
   150   0.3170   0.9095    0.9030  0.0151   0.1159   0.8820    0.2s
   200   0.2606   0.9151    0.9113  0.0104   0.0950   0.8955    0.2s

Best checkpoint: epoch 113  val P-H@50 = 0.1784

── Final evaluation (best checkpoint) ──────────────────────────────
  val:
    P-H@1=0.0000  P-H@5=0.0023  P-H@10=0.0127  P-H@50=0.1784
    CP-AUC=0.8355  CP-AP=0.7672  loss=0.9468
  test:
    P-H@1=0.0000  P-H@5=0.0171  P-H@10=0.0203  P-H@50=0.0332
    CP-AUC=0.8468  CP-AP=0.7747  loss=0.9607

Report saved → /gpfs/home5/binal1/plantmetbench/runs/baseline/hgt/seed_2/report_hgt_epoch113.json
Checkpoint → /gpfs/home5/binal1/plantmetbench/runs/baseline/hgt/seed_2/hgt_L1_epoch113_best.pt
Log        → /gpfs/home5/binal1/plantmetbench/runs/baseline/hgt/seed_2/train.log
History    → /gpfs/home5/binal1/plantmetbench/runs/baseline/hgt/seed_2/history_hgt_epoch113.json
# Log started at 2026-08-21T15:43:42.201817
# Log file: /gpfs/home5/binal1/plantmetbench/runs/baseline/hgt/seed_2/train.log

Run: baseline  seed=2  →  /gpfs/home5/binal1/plantmetbench/runs/baseline/hgt/seed_2
  Device: cuda  (NVIDIA H100)

Loading graph from /gpfs/home5/binal1/plantmetbench/data …
  Protein embeddings: 8,445/13,682 nodes covered (61.7%)  dim=960
  Removed 6 is_part_of edge type(s) and Pathway node store
Loading taxa split …
  Conversion fingerprints: 19,927/84,470 nodes (23.6%)  dim=3072
  Ranking pool: 8,445/13,682 proteins have embeddings (61.7%)
Node types : ['GeneProduct', 'Interaction', 'Metabolite', 'Organism', 'Protein']
  GeneProduct  num_nodes=    6,480  x=(6480, 1024)
  Interaction  num_nodes=   84,470  x=(84470, 3072)
  Metabolite  num_nodes=   17,476  x=(17476, 1024)
  Organism    num_nodes=      424  x=(424, 64)
  Protein     num_nodes=   13,682  x=(13682, 960)
 ---------- GNN = HGT -----------
Running dummy forward pass to materialize weights...
Model: HeteroGNN  hidden_dim=128  num_layers=2  decoder=dot  dropout=0.3
  Edge types in GNN: 16
  Trainable parameters: 1,971,914
 Epoch     loss val_loss tst_loss  P-H@10   P-H@50   CP-AUC    time
──────────────────────────────────────────────────────────────────
    50   0.4961   0.8833    0.8881  0.0000   0.0000   0.5430    0.3s
   100   0.3669   0.9748    0.9729  0.0000   0.0000   0.8599    0.3s
   150   0.2650   0.8698    0.8642  0.0035   0.0498   0.8936    0.3s
   200   0.2307   0.8959    0.9193  0.0209   0.1031   0.8828    0.3s

Best checkpoint: epoch 194  val P-H@50 = 0.1240

── Final evaluation (best checkpoint) ──────────────────────────────
  val:
    P-H@1=0.0000  P-H@5=0.0081  P-H@10=0.0104  P-H@50=0.1240
    CP-AUC=0.8690  CP-AP=0.7962  loss=0.8498
  test:
    P-H@1=0.0000  P-H@5=0.0032  P-H@10=0.0043  P-H@50=0.0236
    CP-AUC=0.8732  CP-AP=0.7871  loss=0.8767

Report saved → /gpfs/home5/binal1/plantmetbench/runs/baseline/hgt/seed_2/report_hgt_epoch194.json
Checkpoint → /gpfs/home5/binal1/plantmetbench/runs/baseline/hgt/seed_2/hgt_L2_epoch194_best.pt
Log        → /gpfs/home5/binal1/plantmetbench/runs/baseline/hgt/seed_2/train.log
History    → /gpfs/home5/binal1/plantmetbench/runs/baseline/hgt/seed_2/history_hgt_epoch194.json
# Log started at 2026-08-21T15:44:36.056573
# Log file: /gpfs/home5/binal1/plantmetbench/runs/baseline/hgt/seed_3/train.log

Run: baseline  seed=3  →  /gpfs/home5/binal1/plantmetbench/runs/baseline/hgt/seed_3
  Device: cuda  (NVIDIA H100)

Loading graph from /gpfs/home5/binal1/plantmetbench/data …
  Protein embeddings: 8,445/13,682 nodes covered (61.7%)  dim=960
  Removed 6 is_part_of edge type(s) and Pathway node store
Loading taxa split …
  Conversion fingerprints: 19,927/84,470 nodes (23.6%)  dim=3072
  Ranking pool: 8,445/13,682 proteins have embeddings (61.7%)
Node types : ['GeneProduct', 'Interaction', 'Metabolite', 'Organism', 'Protein']
  GeneProduct  num_nodes=    6,480  x=(6480, 1024)
  Interaction  num_nodes=   84,470  x=(84470, 3072)
  Metabolite  num_nodes=   17,476  x=(17476, 1024)
  Organism    num_nodes=      424  x=(424, 64)
  Protein     num_nodes=   13,682  x=(13682, 960)
 ---------- GNN = HGT -----------
Running dummy forward pass to materialize weights...
Model: HeteroGNN  hidden_dim=128  num_layers=1  decoder=dot  dropout=0.3
  Edge types in GNN: 16
  Trainable parameters: 1,379,493
 Epoch     loss val_loss tst_loss  P-H@10   P-H@50   CP-AUC    time
──────────────────────────────────────────────────────────────────
    50   0.4663   1.1590    1.1965  0.0000   0.0000   0.5824    0.2s
   100   0.3944   1.0125    1.0482  0.0023   0.0950   0.8070    0.2s
   150   0.3078   0.8885    0.9055  0.0093   0.1333   0.8695    0.2s
   200   0.2592   0.9379    0.9531  0.0070   0.1043   0.8870    0.2s

Best checkpoint: epoch 82  val P-H@50 = 0.1367

── Final evaluation (best checkpoint) ──────────────────────────────
  val:
    P-H@1=0.0000  P-H@5=0.0000  P-H@10=0.0000  P-H@50=0.1367
    CP-AUC=0.7493  CP-AP=0.6739  loss=1.0390
  test:
    P-H@1=0.0000  P-H@5=0.0000  P-H@10=0.0000  P-H@50=0.0107
    CP-AUC=0.7508  CP-AP=0.6799  loss=1.0821

Report saved → /gpfs/home5/binal1/plantmetbench/runs/baseline/hgt/seed_3/report_hgt_epoch082.json
Checkpoint → /gpfs/home5/binal1/plantmetbench/runs/baseline/hgt/seed_3/hgt_L1_epoch082_best.pt
Log        → /gpfs/home5/binal1/plantmetbench/runs/baseline/hgt/seed_3/train.log
History    → /gpfs/home5/binal1/plantmetbench/runs/baseline/hgt/seed_3/history_hgt_epoch082.json
Remaining : ['--gnn-name', 'hgt', '--num-layers', '1', '--epochs', '200', '--decoder', 'dot']
PlantMetBench — multi-seed training
  Seeds    : [42, 0, 1, 2, 3]
  Run name : baseline
  Extra    : --gnn-name hgt --num-layers 1 --epochs 200 --decoder dot

======================================================================
  Seed 42  →  /gpfs/home5/binal1/plantmetbench/runs/baseline/hgt/seed_42/
======================================================================

======================================================================
  Seed 0  →  /gpfs/home5/binal1/plantmetbench/runs/baseline/hgt/seed_0/
======================================================================

======================================================================
  Seed 1  →  /gpfs/home5/binal1/plantmetbench/runs/baseline/hgt/seed_1/
======================================================================

======================================================================
  Seed 2  →  /gpfs/home5/binal1/plantmetbench/runs/baseline/hgt/seed_2/
======================================================================

======================================================================
  Seed 3  →  /gpfs/home5/binal1/plantmetbench/runs/baseline/hgt/seed_3/
======================================================================

======================================================================
  Multi-seed summary
======================================================================
  Metric                    Mean       Std  n
  --------------------------------------------------
  val_ph50                0.1261    0.0381  5
  val_ph10                0.0063    0.0063  5
  val_ph1                 0.0000    0.0000  5
  val_ph5                 0.0023    0.0034  5
  val_cp_auc              0.8519    0.0578  5
  val_cp_ap               0.7794    0.0594  5
  test_ph50               0.0304    0.0164  5
  test_ph10               0.0026    0.0027  5
  test_ph1                0.0000    0.0000  5
  test_ph5                0.0021    0.0027  5
  test_cp_auc             0.8554    0.0590  5
  test_cp_ap              0.7735    0.0527  5
  best_epoch            158.6000   47.1572  5

Summary saved → /gpfs/home5/binal1/plantmetbench/runs/baseline/seeds_summary_hgt_L1.json
Summary saved → /gpfs/home5/binal1/plantmetbench/runs/baseline/hgt/seeds_summary_hgt_L1.json
# Log started at 2026-08-21T15:44:51.361366
# Log file: /gpfs/home5/binal1/plantmetbench/runs/baseline/hgt/seed_3/train.log

Run: baseline  seed=3  →  /gpfs/home5/binal1/plantmetbench/runs/baseline/hgt/seed_3
  Device: cuda  (NVIDIA H100)

Loading graph from /gpfs/home5/binal1/plantmetbench/data …
  Protein embeddings: 8,445/13,682 nodes covered (61.7%)  dim=960
  Removed 6 is_part_of edge type(s) and Pathway node store
Loading taxa split …
  Conversion fingerprints: 19,927/84,470 nodes (23.6%)  dim=3072
  Ranking pool: 8,445/13,682 proteins have embeddings (61.7%)
Node types : ['GeneProduct', 'Interaction', 'Metabolite', 'Organism', 'Protein']
  GeneProduct  num_nodes=    6,480  x=(6480, 1024)
  Interaction  num_nodes=   84,470  x=(84470, 3072)
  Metabolite  num_nodes=   17,476  x=(17476, 1024)
  Organism    num_nodes=      424  x=(424, 64)
  Protein     num_nodes=   13,682  x=(13682, 960)
 ---------- GNN = HGT -----------
Running dummy forward pass to materialize weights...
Model: HeteroGNN  hidden_dim=128  num_layers=2  decoder=dot  dropout=0.3
  Edge types in GNN: 16
  Trainable parameters: 1,971,914
 Epoch     loss val_loss tst_loss  P-H@10   P-H@50   CP-AUC    time
──────────────────────────────────────────────────────────────────
    50   0.4988   0.9185    0.9303  0.0000   0.0000   0.5147    0.3s
   100   0.3768   1.0108    1.0225  0.0000   0.0000   0.8590    0.3s
   150   0.2600   0.8694    0.8541  0.0058   0.0290   0.8825    0.3s
   200   0.2296   0.9149    0.9506  0.0139   0.0939   0.8772    0.3s

Best checkpoint: epoch 176  val P-H@50 = 0.1066

── Final evaluation (best checkpoint) ──────────────────────────────
  val:
    P-H@1=0.0000  P-H@5=0.0012  P-H@10=0.0093  P-H@50=0.1066
    CP-AUC=0.8842  CP-AP=0.8150  loss=0.8934
  test:
    P-H@1=0.0000  P-H@5=0.0000  P-H@10=0.0000  P-H@50=0.0182
    CP-AUC=0.8850  CP-AP=0.8067  loss=0.9516

Report saved → /gpfs/home5/binal1/plantmetbench/runs/baseline/hgt/seed_3/report_hgt_epoch176.json
Checkpoint → /gpfs/home5/binal1/plantmetbench/runs/baseline/hgt/seed_3/hgt_L2_epoch176_best.pt
Log        → /gpfs/home5/binal1/plantmetbench/runs/baseline/hgt/seed_3/train.log
History    → /gpfs/home5/binal1/plantmetbench/runs/baseline/hgt/seed_3/history_hgt_epoch176.json
Remaining : ['--gnn-name', 'hgt', '--num-layers', '2', '--epochs', '200', '--decoder', 'dot']
PlantMetBench — multi-seed training
  Seeds    : [42, 0, 1, 2, 3]
  Run name : baseline
  Extra    : --gnn-name hgt --num-layers 2 --epochs 200 --decoder dot

======================================================================
  Seed 42  →  /gpfs/home5/binal1/plantmetbench/runs/baseline/hgt/seed_42/
======================================================================

======================================================================
  Seed 0  →  /gpfs/home5/binal1/plantmetbench/runs/baseline/hgt/seed_0/
======================================================================

======================================================================
  Seed 1  →  /gpfs/home5/binal1/plantmetbench/runs/baseline/hgt/seed_1/
======================================================================

======================================================================
  Seed 2  →  /gpfs/home5/binal1/plantmetbench/runs/baseline/hgt/seed_2/
======================================================================

======================================================================
  Seed 3  →  /gpfs/home5/binal1/plantmetbench/runs/baseline/hgt/seed_3/
======================================================================

======================================================================
  Multi-seed summary
======================================================================
  Metric                    Mean       Std  n
  --------------------------------------------------
  val_ph50                0.1200    0.0384  5
  val_ph10                0.0081    0.0052  5
  val_ph1                 0.0000    0.0000  5
  val_ph5                 0.0025    0.0032  5
  val_cp_auc              0.8789    0.0075  5
  val_cp_ap               0.8076    0.0085  5
  test_ph50               0.0319    0.0144  5
  test_ph10               0.0026    0.0027  5
  test_ph1                0.0000    0.0000  5
  test_ph5                0.0021    0.0027  5
  test_cp_auc             0.8823    0.0078  5
  test_cp_ap              0.7988    0.0077  5
  best_epoch            177.4000   19.7687  5

Summary saved → /gpfs/home5/binal1/plantmetbench/runs/baseline/seeds_summary_hgt_L2.json
Summary saved → /gpfs/home5/binal1/plantmetbench/runs/baseline/hgt/seeds_summary_hgt_L2.json
