============================================================================================== 
Warning! Mixing Conda and module environments may lead to corruption of the
user environment. 
We do not recommend users mixing those two environments unless absolutely
necessary. Note that 
SURF does not provide any support for Conda environment.
For more information, please refer to our software policy page:
https://servicedesk.surf.nl/wiki/display/WIKI/Software+policy+Snellius#SoftwarepolicySnellius-UseofAnacondaandMinicondaenvironmentsonSnellius 

Remember that many packages have already been installed on the system and can
be loaded using 
the 'module load <package__name>' command. If you are uncertain if a package is
already available 
on the system, please use 'module avail' or 'module spider' to search for it.
============================================================================================== 

==================================================================
  Config: gnn-name=hgt  num-layers=2  decoder=dot
  Run name: sweep_hgt_L2_dot
==================================================================
# Log started at 2026-08-22T15:28:43.755904
# Log file: /gpfs/home5/binal1/plantmetbench/runs/sweep_hgt_L2_dot/hgt_L2_h128_dot/seed_42/train.log

Run: sweep_hgt_L2_dot  seed=42  →  /gpfs/home5/binal1/plantmetbench/runs/sweep_hgt_L2_dot/hgt_L2_h128_dot/seed_42
  Device: cuda  (NVIDIA H100)

Loading graph from /gpfs/home5/binal1/plantmetbench/data …
  Protein embeddings: 8,445/13,682 nodes covered (61.7%)  dim=960
  Removed 6 is_part_of edge type(s) and Pathway node store
  Removed 3 Organism edge type(s) and Organism node store
Loading taxa split …
  Conversion fingerprints: 19,927/84,470 nodes (23.6%)  dim=3072
  Ranking pool: 8,445/13,682 proteins have embeddings (61.7%)

────────────────────────────────────────────────────────────────────────
Dataset summary
────────────────────────────────────────────────────────────────────────
  Target edge : ('Protein', 'catalyzes', 'Interaction')

Node types:
  GeneProduct   num_nodes=    6,480  x=(6480, 1024)
  Interaction   num_nodes=   84,470  x=(84470, 3072)
  Metabolite    num_nodes=   17,476  x=(17476, 1024)
  Protein       num_nodes=   13,682  x=(13682, 960)
Edge types:
  ('GeneProduct', 'encodes', 'Protein')               num_edges=     2,762
  ('GeneProduct', 'is_about', 'GeneProduct')          num_edges=     4,580
  ('Interaction', 'is_about', 'Interaction')          num_edges=    29,740
  ('Interaction', 'participants', 'Interaction')      num_edges=     9,813
  ('Interaction', 'participants', 'Metabolite')       num_edges=    34,793
  ('Interaction', 'source', 'Metabolite')             num_edges=     7,554
  ('Interaction', 'target', 'Interaction')            num_edges=        17
  ('Interaction', 'target', 'Metabolite')             num_edges=    18,622
  ('Metabolite', 'is_about', 'Metabolite')            num_edges=    12,812
  ('Protein', 'catalyzes', 'Interaction')             num_edges=     7,655
  ('Protein', 'encoded_by', 'GeneProduct')            num_edges=     2,762
  ('Protein', 'is_about', 'GeneProduct')              num_edges=        83
  ('Protein', 'is_about', 'Protein')                  num_edges=     9,932

  Positive edge splits:
    train    9,569 edges
    val      1,211 edges
    test     1,200 edges

  Ranking pool : 8,445 proteins  (embedded only)
  Random P-H@50: 0.0059  (0.59%)
────────────────────────────────────────────────────────────────────────

Node types : ['GeneProduct', 'Interaction', 'Metabolite', 'Protein']
  GeneProduct  num_nodes=    6,480  x=(6480, 1024)
  Interaction  num_nodes=   84,470  x=(84470, 3072)
  Metabolite  num_nodes=   17,476  x=(17476, 1024)
  Protein     num_nodes=   13,682  x=(13682, 960)
 ---------- GNN = HGT -----------
Running dummy forward pass to materialize weights...
Model: HeteroGNN  hidden_dim=128  num_layers=2  decoder=dot  dropout=0.3
  Edge types in GNN: 13
  Trainable parameters: 1,733,180
 Epoch     loss val_loss tst_loss  P-H@10   P-H@50   CP-AUC    time
──────────────────────────────────────────────────────────────────
     5   0.6832   0.7006    0.7013  0.0000   0.0000   0.4745    0.2s
    10   0.6635   0.7090    0.7103  0.0000   0.0000   0.4777    0.2s
    15   0.6434   0.7189    0.7210  0.0000   0.0000   0.4815    0.2s
    20   0.6238   0.7311    0.7339  0.0000   0.0000   0.4842    0.2s
    25   0.6038   0.7461    0.7498  0.0000   0.0000   0.4877    0.2s
    30   0.5830   0.7650    0.7697  0.0000   0.0000   0.4924    0.2s
    35   0.5633   0.7890    0.7949  0.0000   0.0000   0.4957    0.2s
    40   0.5428   0.8193    0.8265  0.0000   0.0000   0.5031    0.2s
    45   0.5232   0.8570    0.8658  0.0000   0.0000   0.5083    0.2s
    50   0.5043   0.9028    0.9134  0.0000   0.0000   0.5133    0.2s
    55   0.4866   0.9558    0.9684  0.0000   0.0000   0.5246    0.2s
    60   0.4737   1.0120    1.0265  0.0000   0.0000   0.5391    0.2s
    65   0.4600   1.0631    1.0791  0.0000   0.0000   0.5689    0.2s
    70   0.4450   1.1003    1.1170  0.0000   0.0000   0.6025    0.2s
    75   0.4345   1.1177    1.1340  0.0000   0.0000   0.6502    0.2s
    80   0.4241   1.1162    1.1311  0.0000   0.0000   0.7008    0.2s
    85   0.4114   1.1010    1.1137  0.0000   0.0000   0.7575    0.2s
    90   0.3989   1.0760    1.0861  0.0000   0.0000   0.7969    0.2s
    95   0.3879   1.0434    1.0507  0.0000   0.0000   0.8391    0.2s
   100   0.3781   1.0041    1.0083  0.0000   0.0000   0.8574    0.2s
   105   0.3695   0.9598    0.9608  0.0000   0.0000   0.8648    0.2s
   110   0.3605   0.9176    0.9152  0.0000   0.0127   0.8737    0.2s
   115   0.3502   0.8871    0.8812  0.0000   0.0209   0.8681    0.2s
   120   0.3384   0.8741    0.8648  0.0000   0.0139   0.8723    0.2s
   125   0.3243   0.8621    0.8497  0.0000   0.0174   0.8803    0.2s
   130   0.3089   0.8247    0.8100  0.0012   0.0197   0.8782    0.2s
   135   0.2959   0.8416    0.8275  0.0012   0.0429   0.8984    0.2s
   140   0.2837   0.8606    0.8487  0.0046   0.0371   0.8770    0.2s
   145   0.2741   0.8529    0.8432  0.0093   0.0857   0.8907    0.2s
   150   0.2666   0.8356    0.8305  0.0070   0.0857   0.8888    0.2s
   155   0.2617   0.8669    0.8703  0.0093   0.0834   0.8921    0.2s
   160   0.2544   0.8748    0.8850  0.0046   0.0614   0.8871    0.2s
   165   0.2491   0.8446    0.8608  0.0023   0.0313   0.8867    0.2s
   170   0.2437   0.8317    0.8598  0.0000   0.0127   0.8722    0.2s
   175   0.2406   0.8689    0.9156  0.0000   0.0070   0.8813    0.2s
   180   0.2388   0.8920    0.9509  0.0000   0.0058   0.8742    0.2s
   185   0.2339   0.8551    0.9093  0.0000   0.0070   0.8813    0.2s
   190   0.2323   0.9206    0.9830  0.0000   0.0070   0.8851    0.2s
   195   0.2312   0.8755    0.9279  0.0000   0.0070   0.8873    0.2s
   200   0.2308   0.9752    1.0331  0.0000   0.0070   0.8797    0.2s

Best checkpoint: epoch 148  val P-H@50 = 0.0950

── Final evaluation (best checkpoint) ──────────────────────────────
  val:
    P-H@1=0.0000  P-H@5=0.0023  P-H@10=0.0070  P-H@50=0.0950
    CP-AUC=0.8968  CP-AP=0.8227  loss=0.8476
  test:
    P-H@1=0.0000  P-H@5=0.0011  P-H@10=0.0011  P-H@50=0.0246
    CP-AUC=0.9018  CP-AP=0.8213  loss=0.8403

Report saved → /gpfs/home5/binal1/plantmetbench/runs/sweep_hgt_L2_dot/hgt_L2_h128_dot/seed_42/report_hgt_epoch148.json
Checkpoint → /gpfs/home5/binal1/plantmetbench/runs/sweep_hgt_L2_dot/hgt_L2_h128_dot/seed_42/hgt_L2_epoch148_best.pt
Log        → /gpfs/home5/binal1/plantmetbench/runs/sweep_hgt_L2_dot/hgt_L2_h128_dot/seed_42/train.log
History    → /gpfs/home5/binal1/plantmetbench/runs/sweep_hgt_L2_dot/hgt_L2_h128_dot/seed_42/history_hgt_epoch148.json
# Log started at 2026-08-22T15:29:46.097546
# Log file: /gpfs/home5/binal1/plantmetbench/runs/sweep_hgt_L2_dot/hgt_L2_h128_dot/seed_0/train.log

Run: sweep_hgt_L2_dot  seed=0  →  /gpfs/home5/binal1/plantmetbench/runs/sweep_hgt_L2_dot/hgt_L2_h128_dot/seed_0
  Device: cuda  (NVIDIA H100)

Loading graph from /gpfs/home5/binal1/plantmetbench/data …
  Protein embeddings: 8,445/13,682 nodes covered (61.7%)  dim=960
  Removed 6 is_part_of edge type(s) and Pathway node store
  Removed 3 Organism edge type(s) and Organism node store
Loading taxa split …
  Conversion fingerprints: 19,927/84,470 nodes (23.6%)  dim=3072
  Ranking pool: 8,445/13,682 proteins have embeddings (61.7%)
Node types : ['GeneProduct', 'Interaction', 'Metabolite', 'Protein']
  GeneProduct  num_nodes=    6,480  x=(6480, 1024)
  Interaction  num_nodes=   84,470  x=(84470, 3072)
  Metabolite  num_nodes=   17,476  x=(17476, 1024)
  Protein     num_nodes=   13,682  x=(13682, 960)
 ---------- GNN = HGT -----------
Running dummy forward pass to materialize weights...
Model: HeteroGNN  hidden_dim=128  num_layers=2  decoder=dot  dropout=0.3
  Edge types in GNN: 13
  Trainable parameters: 1,733,180
 Epoch     loss val_loss tst_loss  P-H@10   P-H@50   CP-AUC    time
──────────────────────────────────────────────────────────────────
     5   0.6796   0.7000    0.7007  0.0000   0.0000   0.4519    0.2s
    10   0.6605   0.7074    0.7090  0.0000   0.0000   0.4732    0.2s
    15   0.6414   0.7167    0.7193  0.0000   0.0000   0.4814    0.2s
    20   0.6228   0.7285    0.7321  0.0000   0.0000   0.4850    0.2s
    25   0.6028   0.7435    0.7483  0.0000   0.0000   0.4888    0.2s
    30   0.5827   0.7628    0.7689  0.0000   0.0000   0.4914    0.2s
    35   0.5628   0.7875    0.7951  0.0000   0.0000   0.4919    0.2s
    40   0.5420   0.8190    0.8282  0.0000   0.0000   0.4942    0.2s
    45   0.5225   0.8587    0.8698  0.0000   0.0000   0.4987    0.2s
    50   0.5035   0.9073    0.9206  0.0000   0.0000   0.5057    0.2s
    55   0.4856   0.9643    0.9801  0.0000   0.0000   0.5157    0.2s
    60   0.4694   1.0259    1.0444  0.0000   0.0000   0.5315    0.2s
    65   0.4578   1.0843    1.1053  0.0000   0.0000   0.5522    0.2s
    70   0.4444   1.1278    1.1506  0.0000   0.0000   0.5930    0.2s
    75   0.4314   1.1489    1.1721  0.0000   0.0000   0.6335    0.2s
    80   0.4191   1.1477    1.1700  0.0000   0.0000   0.6919    0.2s
    85   0.4068   1.1288    1.1491  0.0000   0.0000   0.7427    0.2s
    90   0.3956   1.0971    1.1148  0.0000   0.0000   0.7936    0.2s
    95   0.3837   1.0557    1.0702  0.0000   0.0000   0.8399    0.2s
   100   0.3732   1.0049    1.0153  0.0000   0.0000   0.8502    0.2s
   105   0.3617   0.9485    0.9538  0.0000   0.0000   0.8729    0.2s
   110   0.3512   0.8998    0.8986  0.0000   0.0093   0.8671    0.2s
   115   0.3389   0.8729    0.8640  0.0000   0.0035   0.8881    0.2s
   120   0.3246   0.8642    0.8456  0.0000   0.0000   0.8796    0.2s
   125   0.3068   0.8407    0.8099  0.0000   0.0000   0.8766    0.2s
   130   0.2919   0.8694    0.8301  0.0000   0.0046   0.8800    0.2s
   135   0.2830   0.9448    0.9036  0.0000   0.0035   0.8823    0.2s
   140   0.2725   0.9194    0.8802  0.0000   0.0035   0.8801    0.2s
   145   0.2668   0.8979    0.8656  0.0000   0.0058   0.8895    0.2s
   150   0.2604   0.8820    0.8604  0.0000   0.0174   0.8953    0.2s
   155   0.2544   0.8705    0.8598  0.0035   0.0336   0.8893    0.2s
   160   0.2480   0.8319    0.8337  0.0000   0.0614   0.8856    0.2s
   165   0.2465   0.8532    0.8740  0.0000   0.0463   0.8856    0.2s
   170   0.2390   0.8537    0.8908  0.0012   0.0463   0.8846    0.2s
   175   0.2389   0.8586    0.9075  0.0000   0.0463   0.8843    0.2s
   180   0.2378   0.8455    0.8926  0.0012   0.0475   0.8824    0.2s
   185   0.2362   0.8906    0.9387  0.0012   0.0463   0.8732    0.2s
   190   0.2354   0.8558    0.8943  0.0012   0.0394   0.8770    0.2s
   195   0.2326   0.8647    0.9006  0.0012   0.0429   0.8813    0.2s
   200   0.2328   0.8863    0.9274  0.0012   0.0417   0.8818    0.2s

Best checkpoint: epoch 159  val P-H@50 = 0.0718

── Final evaluation (best checkpoint) ──────────────────────────────
  val:
    P-H@1=0.0000  P-H@5=0.0000  P-H@10=0.0058  P-H@50=0.0718
    CP-AUC=0.8785  CP-AP=0.8076  loss=0.8146
  test:
    P-H@1=0.0000  P-H@5=0.0054  P-H@10=0.0128  P-H@50=0.0632
    CP-AUC=0.8884  CP-AP=0.8202  loss=0.8117

Report saved → /gpfs/home5/binal1/plantmetbench/runs/sweep_hgt_L2_dot/hgt_L2_h128_dot/seed_0/report_hgt_epoch159.json
Checkpoint → /gpfs/home5/binal1/plantmetbench/runs/sweep_hgt_L2_dot/hgt_L2_h128_dot/seed_0/hgt_L2_epoch159_best.pt
Log        → /gpfs/home5/binal1/plantmetbench/runs/sweep_hgt_L2_dot/hgt_L2_h128_dot/seed_0/train.log
History    → /gpfs/home5/binal1/plantmetbench/runs/sweep_hgt_L2_dot/hgt_L2_h128_dot/seed_0/history_hgt_epoch159.json
# Log started at 2026-08-22T15:30:47.100796
# Log file: /gpfs/home5/binal1/plantmetbench/runs/sweep_hgt_L2_dot/hgt_L2_h128_dot/seed_1/train.log

Run: sweep_hgt_L2_dot  seed=1  →  /gpfs/home5/binal1/plantmetbench/runs/sweep_hgt_L2_dot/hgt_L2_h128_dot/seed_1
  Device: cuda  (NVIDIA H100)

Loading graph from /gpfs/home5/binal1/plantmetbench/data …
  Protein embeddings: 8,445/13,682 nodes covered (61.7%)  dim=960
  Removed 6 is_part_of edge type(s) and Pathway node store
  Removed 3 Organism edge type(s) and Organism node store
Loading taxa split …
  Conversion fingerprints: 19,927/84,470 nodes (23.6%)  dim=3072
  Ranking pool: 8,445/13,682 proteins have embeddings (61.7%)
Node types : ['GeneProduct', 'Interaction', 'Metabolite', 'Protein']
  GeneProduct  num_nodes=    6,480  x=(6480, 1024)
  Interaction  num_nodes=   84,470  x=(84470, 3072)
  Metabolite  num_nodes=   17,476  x=(17476, 1024)
  Protein     num_nodes=   13,682  x=(13682, 960)
 ---------- GNN = HGT -----------
Running dummy forward pass to materialize weights...
Model: HeteroGNN  hidden_dim=128  num_layers=2  decoder=dot  dropout=0.3
  Edge types in GNN: 13
  Trainable parameters: 1,733,180
 Epoch     loss val_loss tst_loss  P-H@10   P-H@50   CP-AUC    time
──────────────────────────────────────────────────────────────────
     5   0.6769   0.6999    0.7006  0.0000   0.0000   0.4802    0.2s
    10   0.6558   0.7084    0.7101  0.0000   0.0000   0.4904    0.2s
    15   0.6346   0.7191    0.7217  0.0000   0.0000   0.4950    0.2s
    20   0.6137   0.7325    0.7361  0.0000   0.0000   0.4981    0.2s
    25   0.5925   0.7494    0.7541  0.0000   0.0000   0.5012    0.2s
    30   0.5724   0.7707    0.7765  0.0000   0.0000   0.5035    0.2s
    35   0.5507   0.7973    0.8043  0.0000   0.0000   0.5063    0.2s
    40   0.5310   0.8303    0.8385  0.0000   0.0000   0.5098    0.2s
    45   0.5119   0.8703    0.8801  0.0000   0.0000   0.5141    0.2s
    50   0.4953   0.9177    0.9290  0.0000   0.0000   0.5240    0.2s
    55   0.4792   0.9707    0.9837  0.0000   0.0000   0.5361    0.2s
    60   0.4645   1.0249    1.0395  0.0000   0.0000   0.5527    0.2s
    65   0.4517   1.0728    1.0885  0.0000   0.0000   0.5786    0.2s
    70   0.4388   1.1058    1.1219  0.0000   0.0000   0.6230    0.2s
    75   0.4264   1.1187    1.1342  0.0000   0.0000   0.6683    0.2s
    80   0.4118   1.1115    1.1256  0.0000   0.0000   0.7300    0.2s
    85   0.4000   1.0877    1.0999  0.0000   0.0000   0.7872    0.2s
    90   0.3875   1.0501    1.0598  0.0000   0.0000   0.8344    0.2s
    95   0.3747   0.9997    1.0064  0.0000   0.0000   0.8639    0.2s
   100   0.3617   0.9431    0.9455  0.0000   0.0023   0.8694    0.2s
   105   0.3521   0.9010    0.8978  0.0000   0.0023   0.8670    0.2s
   110   0.3399   0.8953    0.8855  0.0000   0.0035   0.8844    0.2s
   115   0.3263   0.9032    0.8862  0.0000   0.0023   0.8825    0.2s
   120   0.3100   0.8684    0.8428  0.0000   0.0012   0.8545    0.2s
   125   0.2907   0.8633    0.8323  0.0000   0.0023   0.8778    0.2s
   130   0.2825   0.9127    0.8853  0.0000   0.0070   0.8797    0.2s
   135   0.2725   0.9302    0.9083  0.0000   0.0174   0.8854    0.2s
   140   0.2664   0.9278    0.9089  0.0035   0.0382   0.8859    0.2s
   145   0.2577   0.8821    0.8683  0.0012   0.0359   0.8896    0.2s
   150   0.2510   0.8502    0.8438  0.0058   0.0788   0.8840    0.2s
   155   0.2454   0.8324    0.8373  0.0035   0.0637   0.8924    0.2s
   160   0.2449   0.8491    0.8711  0.0023   0.0649   0.8805    0.2s
   165   0.2412   0.8816    0.9194  0.0023   0.0463   0.8791    0.2s
   170   0.2372   0.8576    0.9010  0.0023   0.0568   0.8884    0.2s
   175   0.2371   0.8579    0.9022  0.0023   0.0568   0.8773    0.2s
   180   0.2339   0.8919    0.9393  0.0000   0.0498   0.8810    0.2s
   185   0.2328   0.8936    0.9311  0.0023   0.0545   0.8788    0.2s
   190   0.2330   0.9455    0.9791  0.0035   0.0637   0.8773    0.2s
   195   0.2303   0.8767    0.8980  0.0023   0.0498   0.8860    0.2s
   200   0.2313   0.9571    0.9814  0.0000   0.0475   0.8714    0.2s

Best checkpoint: epoch 153  val P-H@50 = 0.1112

── Final evaluation (best checkpoint) ──────────────────────────────
  val:
    P-H@1=0.0000  P-H@5=0.0000  P-H@10=0.0000  P-H@50=0.1112
    CP-AUC=0.8837  CP-AP=0.8076  loss=0.8643
  test:
    P-H@1=0.0000  P-H@5=0.0043  P-H@10=0.0139  P-H@50=0.0610
    CP-AUC=0.8874  CP-AP=0.8014  loss=0.8657

Report saved → /gpfs/home5/binal1/plantmetbench/runs/sweep_hgt_L2_dot/hgt_L2_h128_dot/seed_1/report_hgt_epoch153.json
Checkpoint → /gpfs/home5/binal1/plantmetbench/runs/sweep_hgt_L2_dot/hgt_L2_h128_dot/seed_1/hgt_L2_epoch153_best.pt
Log        → /gpfs/home5/binal1/plantmetbench/runs/sweep_hgt_L2_dot/hgt_L2_h128_dot/seed_1/train.log
History    → /gpfs/home5/binal1/plantmetbench/runs/sweep_hgt_L2_dot/hgt_L2_h128_dot/seed_1/history_hgt_epoch153.json
# Log started at 2026-08-22T15:31:47.449862
# Log file: /gpfs/home5/binal1/plantmetbench/runs/sweep_hgt_L2_dot/hgt_L2_h128_dot/seed_2/train.log

Run: sweep_hgt_L2_dot  seed=2  →  /gpfs/home5/binal1/plantmetbench/runs/sweep_hgt_L2_dot/hgt_L2_h128_dot/seed_2
  Device: cuda  (NVIDIA H100)

Loading graph from /gpfs/home5/binal1/plantmetbench/data …
  Protein embeddings: 8,445/13,682 nodes covered (61.7%)  dim=960
  Removed 6 is_part_of edge type(s) and Pathway node store
  Removed 3 Organism edge type(s) and Organism node store
Loading taxa split …
  Conversion fingerprints: 19,927/84,470 nodes (23.6%)  dim=3072
  Ranking pool: 8,445/13,682 proteins have embeddings (61.7%)
Node types : ['GeneProduct', 'Interaction', 'Metabolite', 'Protein']
  GeneProduct  num_nodes=    6,480  x=(6480, 1024)
  Interaction  num_nodes=   84,470  x=(84470, 3072)
  Metabolite  num_nodes=   17,476  x=(17476, 1024)
  Protein     num_nodes=   13,682  x=(13682, 960)
 ---------- GNN = HGT -----------
Running dummy forward pass to materialize weights...
Model: HeteroGNN  hidden_dim=128  num_layers=2  decoder=dot  dropout=0.3
  Edge types in GNN: 13
  Trainable parameters: 1,733,180
 Epoch     loss val_loss tst_loss  P-H@10   P-H@50   CP-AUC    time
──────────────────────────────────────────────────────────────────
     5   0.6800   0.6996    0.6999  0.0000   0.0000   0.5389    0.2s
    10   0.6602   0.7085    0.7091  0.0000   0.0000   0.5190    0.2s
    15   0.6397   0.7192    0.7202  0.0000   0.0000   0.5153    0.2s
    20   0.6185   0.7324    0.7338  0.0000   0.0000   0.5143    0.2s
    25   0.5987   0.7487    0.7504  0.0000   0.0000   0.5150    0.2s
    30   0.5771   0.7690    0.7712  0.0000   0.0000   0.5167    0.2s
    35   0.5557   0.7943    0.7971  0.0000   0.0000   0.5193    0.2s
    40   0.5364   0.8259    0.8293  0.0000   0.0000   0.5214    0.2s
    45   0.5156   0.8647    0.8691  0.0000   0.0000   0.5286    0.2s
    50   0.4968   0.9114    0.9170  0.0000   0.0000   0.5371    0.2s
    55   0.4810   0.9651    0.9721  0.0000   0.0000   0.5471    0.2s
    60   0.4670   1.0222    1.0308  0.0000   0.0000   0.5647    0.2s
    65   0.4530   1.0746    1.0846  0.0000   0.0000   0.5872    0.2s
    70   0.4427   1.1111    1.1219  0.0000   0.0000   0.6219    0.2s
    75   0.4298   1.1257    1.1365  0.0000   0.0000   0.6671    0.2s
    80   0.4201   1.1204    1.1304  0.0000   0.0000   0.7241    0.2s
    85   0.4065   1.1006    1.1093  0.0000   0.0000   0.7785    0.2s
    90   0.3938   1.0707    1.0778  0.0000   0.0000   0.8085    0.2s
    95   0.3857   1.0341    1.0393  0.0000   0.0000   0.8453    0.2s
   100   0.3741   0.9908    0.9940  0.0000   0.0000   0.8569    0.2s
   105   0.3681   0.9456    0.9462  0.0000   0.0000   0.8706    0.2s
   110   0.3561   0.9088    0.9059  0.0000   0.0023   0.8746    0.2s
   115   0.3476   0.8912    0.8842  0.0000   0.0000   0.8788    0.2s
   120   0.3352   0.8891    0.8773  0.0000   0.0000   0.8955    0.2s
   125   0.3192   0.8760    0.8590  0.0000   0.0000   0.8769    0.2s
   130   0.3050   0.8559    0.8339  0.0000   0.0000   0.8640    0.2s
   135   0.2907   0.9177    0.8942  0.0000   0.0000   0.8817    0.2s
   140   0.2814   0.9358    0.9111  0.0000   0.0000   0.8695    0.2s
   145   0.2697   0.9288    0.9040  0.0000   0.0035   0.8772    0.2s
   150   0.2656   0.9142    0.8958  0.0000   0.0104   0.8879    0.2s
   155   0.2545   0.8836    0.8702  0.0000   0.0197   0.8762    0.2s
   160   0.2503   0.8367    0.8281  0.0023   0.0498   0.8734    0.2s
   165   0.2465   0.8377    0.8427  0.0035   0.0579   0.8841    0.2s
   170   0.2429   0.8475    0.8648  0.0023   0.0718   0.8818    0.2s
   175   0.2384   0.8529    0.8753  0.0058   0.0556   0.8790    0.2s
   180   0.2370   0.9036    0.9325  0.0012   0.0742   0.8688    0.2s
   185   0.2338   0.8777    0.9004  0.0197   0.1089   0.8807    0.2s
   190   0.2342   0.8757    0.8936  0.0197   0.1043   0.8757    0.2s
   195   0.2331   0.9133    0.9294  0.0197   0.1275   0.8719    0.2s
   200   0.2297   0.9018    0.9144  0.0162   0.1205   0.8833    0.2s

Best checkpoint: epoch 196  val P-H@50 = 0.1309

── Final evaluation (best checkpoint) ──────────────────────────────
  val:
    P-H@1=0.0000  P-H@5=0.0070  P-H@10=0.0197  P-H@50=0.1309
    CP-AUC=0.8680  CP-AP=0.8004  loss=0.9176
  test:
    P-H@1=0.0000  P-H@5=0.0032  P-H@10=0.0075  P-H@50=0.0396
    CP-AUC=0.8718  CP-AP=0.7903  loss=0.9326

Report saved → /gpfs/home5/binal1/plantmetbench/runs/sweep_hgt_L2_dot/hgt_L2_h128_dot/seed_2/report_hgt_epoch196.json
Checkpoint → /gpfs/home5/binal1/plantmetbench/runs/sweep_hgt_L2_dot/hgt_L2_h128_dot/seed_2/hgt_L2_epoch196_best.pt
Log        → /gpfs/home5/binal1/plantmetbench/runs/sweep_hgt_L2_dot/hgt_L2_h128_dot/seed_2/train.log
History    → /gpfs/home5/binal1/plantmetbench/runs/sweep_hgt_L2_dot/hgt_L2_h128_dot/seed_2/history_hgt_epoch196.json
# Log started at 2026-08-22T15:32:48.312557
# Log file: /gpfs/home5/binal1/plantmetbench/runs/sweep_hgt_L2_dot/hgt_L2_h128_dot/seed_3/train.log

Run: sweep_hgt_L2_dot  seed=3  →  /gpfs/home5/binal1/plantmetbench/runs/sweep_hgt_L2_dot/hgt_L2_h128_dot/seed_3
  Device: cuda  (NVIDIA H100)

Loading graph from /gpfs/home5/binal1/plantmetbench/data …
  Protein embeddings: 8,445/13,682 nodes covered (61.7%)  dim=960
  Removed 6 is_part_of edge type(s) and Pathway node store
  Removed 3 Organism edge type(s) and Organism node store
Loading taxa split …
  Conversion fingerprints: 19,927/84,470 nodes (23.6%)  dim=3072
  Ranking pool: 8,445/13,682 proteins have embeddings (61.7%)
Node types : ['GeneProduct', 'Interaction', 'Metabolite', 'Protein']
  GeneProduct  num_nodes=    6,480  x=(6480, 1024)
  Interaction  num_nodes=   84,470  x=(84470, 3072)
  Metabolite  num_nodes=   17,476  x=(17476, 1024)
  Protein     num_nodes=   13,682  x=(13682, 960)
 ---------- GNN = HGT -----------
Running dummy forward pass to materialize weights...
Model: HeteroGNN  hidden_dim=128  num_layers=2  decoder=dot  dropout=0.3
  Edge types in GNN: 13
  Trainable parameters: 1,733,180
 Epoch     loss val_loss tst_loss  P-H@10   P-H@50   CP-AUC    time
──────────────────────────────────────────────────────────────────
     5   0.6660   0.7022    0.7034  0.0000   0.0000   0.4767    0.2s
    10   0.6437   0.7120    0.7141  0.0000   0.0000   0.4962    0.2s
    15   0.6205   0.7247    0.7279  0.0000   0.0000   0.5032    0.2s
    20   0.5979   0.7410    0.7454  0.0000   0.0000   0.5092    0.2s
    25   0.5754   0.7616    0.7672  0.0000   0.0000   0.5138    0.2s
    30   0.5536   0.7873    0.7943  0.0000   0.0000   0.5189    0.2s
    35   0.5336   0.8190    0.8277  0.0000   0.0000   0.5241    0.2s
    40   0.5144   0.8573    0.8678  0.0000   0.0000   0.5308    0.2s
    45   0.4951   0.9024    0.9150  0.0000   0.0000   0.5377    0.2s
    50   0.4792   0.9531    0.9680  0.0000   0.0000   0.5515    0.2s
    55   0.4664   1.0061    1.0233  0.0000   0.0000   0.5662    0.2s
    60   0.4537   1.0550    1.0743  0.0000   0.0000   0.5898    0.2s
    65   0.4412   1.0920    1.1127  0.0000   0.0000   0.6197    0.2s
    70   0.4297   1.1115    1.1325  0.0000   0.0000   0.6674    0.2s
    75   0.4178   1.1125    1.1329  0.0000   0.0000   0.7066    0.2s
    80   0.4065   1.0963    1.1150  0.0000   0.0000   0.7653    0.2s
    85   0.3965   1.0646    1.0806  0.0000   0.0000   0.8031    0.2s
    90   0.3837   1.0179    1.0301  0.0000   0.0000   0.8424    0.2s
    95   0.3698   0.9576    0.9648  0.0000   0.0162   0.8595    0.2s
   100   0.3572   0.8950    0.8958  0.0000   0.0220   0.8717    0.2s
   105   0.3434   0.8570    0.8507  0.0000   0.0104   0.8698    0.2s
   110   0.3287   0.8621    0.8484  0.0000   0.0104   0.8608    0.2s
   115   0.3156   0.8775    0.8565  0.0000   0.0081   0.8669    0.2s
   120   0.2989   0.9054    0.8792  0.0000   0.0127   0.8708    0.2s
   125   0.2910   0.9838    0.9533  0.0000   0.0127   0.8766    0.2s
   130   0.2819   0.9366    0.9005  0.0000   0.0139   0.8791    0.2s
   135   0.2740   0.8926    0.8547  0.0000   0.0174   0.8768    0.2s
   140   0.2652   0.8594    0.8257  0.0000   0.0197   0.9026    0.2s
   145   0.2605   0.8589    0.8343  0.0000   0.0267   0.8852    0.2s
   150   0.2530   0.8564    0.8415  0.0000   0.0463   0.8807    0.2s
   155   0.2474   0.8451    0.8428  0.0035   0.0591   0.8891    0.2s
   160   0.2440   0.8711    0.8838  0.0023   0.0707   0.8801    0.2s
   165   0.2400   0.8762    0.9009  0.0035   0.0660   0.8852    0.2s
   170   0.2379   0.8586    0.8938  0.0116   0.0915   0.8872    0.2s
   175   0.2336   0.8556    0.9004  0.0116   0.0950   0.8786    0.2s
   180   0.2333   0.9086    0.9611  0.0116   0.0985   0.8651    0.2s
   185   0.2308   0.9308    0.9827  0.0116   0.0927   0.8854    0.2s
   190   0.2313   0.9082    0.9531  0.0116   0.0927   0.8772    0.2s
   195   0.2289   0.9450    0.9886  0.0116   0.0939   0.8849    0.2s
   200   0.2271   0.9107    0.9497  0.0139   0.1031   0.8736    0.2s

Best checkpoint: epoch 200  val P-H@50 = 0.1031

── Final evaluation (best checkpoint) ──────────────────────────────
  val:
    P-H@1=0.0000  P-H@5=0.0000  P-H@10=0.0139  P-H@50=0.1031
    CP-AUC=0.8791  CP-AP=0.8090  loss=0.9107
  test:
    P-H@1=0.0000  P-H@5=0.0021  P-H@10=0.0021  P-H@50=0.0096
    CP-AUC=0.8793  CP-AP=0.8046  loss=0.9497

Report saved → /gpfs/home5/binal1/plantmetbench/runs/sweep_hgt_L2_dot/hgt_L2_h128_dot/seed_3/report_hgt_epoch200.json
Checkpoint → /gpfs/home5/binal1/plantmetbench/runs/sweep_hgt_L2_dot/hgt_L2_h128_dot/seed_3/hgt_L2_epoch200_best.pt
Log        → /gpfs/home5/binal1/plantmetbench/runs/sweep_hgt_L2_dot/hgt_L2_h128_dot/seed_3/train.log
History    → /gpfs/home5/binal1/plantmetbench/runs/sweep_hgt_L2_dot/hgt_L2_h128_dot/seed_3/history_hgt_epoch200.json
Remaining : ['--gnn-name', 'hgt', '--num-layers', '2', '--decoder', 'dot', '--epochs', '200']
PlantMetBench — multi-seed training
  Seeds    : [42, 0, 1, 2, 3]
  Run name : sweep_hgt_L2_dot
  Extra    : --gnn-name hgt --num-layers 2 --decoder dot --epochs 200

======================================================================
  Seed 42  →  /gpfs/home5/binal1/plantmetbench/runs/sweep_hgt_L2_dot/hgt_L2_h128_dot/seed_42/
======================================================================

======================================================================
  Seed 0  →  /gpfs/home5/binal1/plantmetbench/runs/sweep_hgt_L2_dot/hgt_L2_h128_dot/seed_0/
======================================================================

======================================================================
  Seed 1  →  /gpfs/home5/binal1/plantmetbench/runs/sweep_hgt_L2_dot/hgt_L2_h128_dot/seed_1/
======================================================================

======================================================================
  Seed 2  →  /gpfs/home5/binal1/plantmetbench/runs/sweep_hgt_L2_dot/hgt_L2_h128_dot/seed_2/
======================================================================

======================================================================
  Seed 3  →  /gpfs/home5/binal1/plantmetbench/runs/sweep_hgt_L2_dot/hgt_L2_h128_dot/seed_3/
======================================================================

======================================================================
  Multi-seed summary
======================================================================
  Metric                    Mean       Std  n
  --------------------------------------------------
  val_ph50                0.1024    0.0217  5
  val_ph10                0.0093    0.0076  5
  val_ph1                 0.0000    0.0000  5
  val_ph5                 0.0019    0.0030  5
  val_cp_auc              0.8812    0.0104  5
  val_cp_ap               0.8095    0.0081  5
  test_ph50               0.0396    0.0231  5
  test_ph10               0.0075    0.0059  5
  test_ph1                0.0000    0.0000  5
  test_ph5                0.0032    0.0017  5
  test_cp_auc             0.8857    0.0112  5
  test_cp_ap              0.8075    0.0132  5
  best_epoch            171.2000   24.8133  5

Summary saved → /gpfs/home5/binal1/plantmetbench/runs/sweep_hgt_L2_dot/seeds_summary_hgt_L2_h128_dot.json
Summary saved → /gpfs/home5/binal1/plantmetbench/runs/sweep_hgt_L2_dot/hgt_L2_h128_dot/seeds_summary_hgt_L2_h128_dot.json
