============================================================================================== 
Warning! Mixing Conda and module environments may lead to corruption of the
user environment. 
We do not recommend users mixing those two environments unless absolutely
necessary. Note that 
SURF does not provide any support for Conda environment.
For more information, please refer to our software policy page:
https://servicedesk.surf.nl/wiki/display/WIKI/Software+policy+Snellius#SoftwarepolicySnellius-UseofAnacondaandMinicondaenvironmentsonSnellius 

Remember that many packages have already been installed on the system and can
be loaded using 
the 'module load <package__name>' command. If you are uncertain if a package is
already available 
on the system, please use 'module avail' or 'module spider' to search for it.
============================================================================================== 

==================================================================
  Config: gnn-name=sage  num-layers=1  decoder=dot
  Run name: sweep_sage_L1_dot
==================================================================
# Log started at 2026-08-22T12:36:36.964128
# Log file: /gpfs/home5/binal1/plantmetbench/runs/sweep_sage_L1_dot/sage/seed_42/train.log

Run: sweep_sage_L1_dot  seed=42  →  /gpfs/home5/binal1/plantmetbench/runs/sweep_sage_L1_dot/sage/seed_42
  Device: cuda  (NVIDIA H100)

Loading graph from /gpfs/home5/binal1/plantmetbench/data …
  Protein embeddings: 8,445/13,682 nodes covered (61.7%)  dim=960
  Removed 6 is_part_of edge type(s) and Pathway node store
  Removed 3 Organism edge type(s) and Organism node store
Loading taxa split …
  Conversion fingerprints: 19,927/84,470 nodes (23.6%)  dim=3072
  Ranking pool: 8,445/13,682 proteins have embeddings (61.7%)

────────────────────────────────────────────────────────────────────────
Dataset summary
────────────────────────────────────────────────────────────────────────
  Target edge : ('Protein', 'catalyzes', 'Interaction')

Node types:
  GeneProduct   num_nodes=    6,480  x=(6480, 1024)
  Interaction   num_nodes=   84,470  x=(84470, 3072)
  Metabolite    num_nodes=   17,476  x=(17476, 1024)
  Protein       num_nodes=   13,682  x=(13682, 960)
Edge types:
  ('GeneProduct', 'encodes', 'Protein')               num_edges=     2,762
  ('GeneProduct', 'is_about', 'GeneProduct')          num_edges=     4,580
  ('Interaction', 'is_about', 'Interaction')          num_edges=    29,740
  ('Interaction', 'participants', 'Interaction')      num_edges=     9,813
  ('Interaction', 'participants', 'Metabolite')       num_edges=    34,793
  ('Interaction', 'source', 'Metabolite')             num_edges=     7,554
  ('Interaction', 'target', 'Interaction')            num_edges=        17
  ('Interaction', 'target', 'Metabolite')             num_edges=    18,622
  ('Metabolite', 'is_about', 'Metabolite')            num_edges=    12,812
  ('Protein', 'catalyzes', 'Interaction')             num_edges=     7,655
  ('Protein', 'encoded_by', 'GeneProduct')            num_edges=     2,762
  ('Protein', 'is_about', 'GeneProduct')              num_edges=        83
  ('Protein', 'is_about', 'Protein')                  num_edges=     9,932

  Positive edge splits:
    train    9,569 edges
    val      1,211 edges
    test     1,200 edges

  Ranking pool : 8,445 proteins  (embedded only)
  Random P-H@50: 0.0059  (0.59%)
────────────────────────────────────────────────────────────────────────

Node types : ['GeneProduct', 'Interaction', 'Metabolite', 'Protein']
  GeneProduct  num_nodes=    6,480  x=(6480, 1024)
  Interaction  num_nodes=   84,470  x=(84470, 3072)
  Metabolite  num_nodes=   17,476  x=(17476, 1024)
  Protein     num_nodes=   13,682  x=(13682, 960)
 -------- GNN = SAGE ------------
Running dummy forward pass to materialize weights...
Model: HeteroGNN  hidden_dim=128  num_layers=1  decoder=dot  dropout=0.3
  Edge types in GNN: 13
  Trainable parameters: 5,981,824
 Epoch     loss val_loss tst_loss  P-H@10   P-H@50   CP-AUC    time
──────────────────────────────────────────────────────────────────
     5   0.4808   1.4664    1.5944  0.0093   0.0684   0.6011    0.2s
    10   0.4604   1.6732    1.8999  0.0162   0.1611   0.6591    0.2s
    15   0.4268   1.2747    1.4486  0.0162   0.1634   0.7155    0.2s
    20   0.4113   1.1232    1.2443  0.0023   0.1553   0.7844    0.2s
    25   0.3957   1.0540    1.1317  0.0058   0.1309   0.8006    0.2s
    30   0.3839   1.1566    1.2391  0.0046   0.1321   0.8094    0.2s
    35   0.3721   1.1540    1.2287  0.0174   0.1124   0.8255    0.2s
    40   0.3639   1.0386    1.0803  0.0174   0.1240   0.8383    0.2s
    45   0.3525   1.0890    1.1118  0.0209   0.1170   0.8474    0.2s
    50   0.3448   1.0729    1.0929  0.0209   0.1333   0.8487    0.2s
    55   0.3362   1.0500    1.0730  0.0267   0.1286   0.8616    0.2s
    60   0.3287   1.0711    1.1005  0.0209   0.1217   0.8552    0.2s
    65   0.3235   1.0468    1.0869  0.0174   0.1796   0.8708    0.2s
    70   0.3120   1.0714    1.1233  0.0278   0.1889   0.8793    0.2s
    75   0.3065   1.1097    1.1610  0.0301   0.2028   0.8838    0.2s
    80   0.3036   1.0628    1.1115  0.0371   0.2121   0.8914    0.2s
    85   0.2991   1.0879    1.1399  0.0348   0.2051   0.8832    0.2s
    90   0.2916   1.1190    1.1744  0.0313   0.2074   0.8810    0.2s
    95   0.2856   1.1030    1.1454  0.0382   0.2063   0.8925    0.2s
   100   0.2800   1.1306    1.1639  0.0382   0.2074   0.8895    0.2s
   105   0.2768   1.1724    1.2050  0.0626   0.2167   0.8980    0.2s
   110   0.2711   1.1397    1.1615  0.0463   0.2086   0.8980    0.2s
   115   0.2659   1.1416    1.1602  0.0452   0.2236   0.8868    0.2s
   120   0.2601   1.1097    1.1213  0.0684   0.2283   0.8930    0.2s
   125   0.2580   1.1192    1.1139  0.0834   0.2352   0.8960    0.2s
   130   0.2525   1.1993    1.2076  0.0579   0.2364   0.9022    0.2s
   135   0.2499   1.1460    1.1494  0.0672   0.2572   0.8981    0.2s
   140   0.2434   1.1684    1.1782  0.0521   0.2514   0.8917    0.2s
   145   0.2415   1.2022    1.2009  0.0672   0.2503   0.8938    0.2s
   150   0.2388   1.2490    1.2456  0.0742   0.2491   0.8986    0.2s
   155   0.2323   1.2006    1.1887  0.0765   0.2630   0.9059    0.2s
   160   0.2322   1.2018    1.1944  0.0753   0.2561   0.8983    0.2s
   165   0.2294   1.2386    1.2296  0.0718   0.2503   0.9083    0.2s
   170   0.2267   1.1405    1.1153  0.0753   0.2596   0.9070    0.2s
   175   0.2303   1.2405    1.2313  0.0510   0.2584   0.9046    0.2s
   180   0.2245   1.4470    1.4651  0.0649   0.2549   0.8983    0.2s
   185   0.2221   1.3759    1.3807  0.0510   0.2491   0.9071    0.2s
   190   0.2182   1.2535    1.2440  0.0463   0.2607   0.9114    0.2s
   195   0.2166   1.5271    1.5437  0.0649   0.2514   0.9134    0.2s
   200   0.2168   1.4314    1.4283  0.0776   0.2723   0.9126    0.2s

Best checkpoint: epoch 193  val P-H@50 = 0.2723

── Final evaluation (best checkpoint) ──────────────────────────────
  val:
    P-H@1=0.0058  P-H@5=0.0151  P-H@10=0.0533  P-H@50=0.2723
    CP-AUC=0.9081  CP-AP=0.8883  loss=1.1971
  test:
    P-H@1=0.0086  P-H@5=0.0268  P-H@10=0.0364  P-H@50=0.2880
    CP-AUC=0.9145  CP-AP=0.8909  loss=1.1808

Report saved → /gpfs/home5/binal1/plantmetbench/runs/sweep_sage_L1_dot/sage/seed_42/report_sage_epoch193.json
Checkpoint → /gpfs/home5/binal1/plantmetbench/runs/sweep_sage_L1_dot/sage/seed_42/sage_L1_epoch193_best.pt
Log        → /gpfs/home5/binal1/plantmetbench/runs/sweep_sage_L1_dot/sage/seed_42/train.log
History    → /gpfs/home5/binal1/plantmetbench/runs/sweep_sage_L1_dot/sage/seed_42/history_sage_epoch193.json
# Log started at 2026-08-22T12:37:33.619244
# Log file: /gpfs/home5/binal1/plantmetbench/runs/sweep_sage_L1_dot/sage/seed_0/train.log

Run: sweep_sage_L1_dot  seed=0  →  /gpfs/home5/binal1/plantmetbench/runs/sweep_sage_L1_dot/sage/seed_0
  Device: cuda  (NVIDIA H100)

Loading graph from /gpfs/home5/binal1/plantmetbench/data …
  Protein embeddings: 8,445/13,682 nodes covered (61.7%)  dim=960
  Removed 6 is_part_of edge type(s) and Pathway node store
  Removed 3 Organism edge type(s) and Organism node store
Loading taxa split …
  Conversion fingerprints: 19,927/84,470 nodes (23.6%)  dim=3072
  Ranking pool: 8,445/13,682 proteins have embeddings (61.7%)
Node types : ['GeneProduct', 'Interaction', 'Metabolite', 'Protein']
  GeneProduct  num_nodes=    6,480  x=(6480, 1024)
  Interaction  num_nodes=   84,470  x=(84470, 3072)
  Metabolite  num_nodes=   17,476  x=(17476, 1024)
  Protein     num_nodes=   13,682  x=(13682, 960)
 -------- GNN = SAGE ------------
Running dummy forward pass to materialize weights...
Model: HeteroGNN  hidden_dim=128  num_layers=1  decoder=dot  dropout=0.3
  Edge types in GNN: 13
  Trainable parameters: 5,981,824
 Epoch     loss val_loss tst_loss  P-H@10   P-H@50   CP-AUC    time
──────────────────────────────────────────────────────────────────
     5   0.4726   1.5333    1.6821  0.0058   0.0904   0.6112    0.2s
    10   0.4568   1.6990    1.9461  0.0209   0.1425   0.6662    0.2s
    15   0.4237   1.1784    1.3506  0.0255   0.1518   0.7394    0.2s
    20   0.4108   1.1043    1.2150  0.0151   0.1460   0.7937    0.2s
    25   0.3951   1.0345    1.1129  0.0035   0.1460   0.8088    0.2s
    30   0.3791   1.0942    1.1791  0.0023   0.1356   0.8219    0.2s
    35   0.3691   1.0810    1.1457  0.0070   0.1390   0.8483    0.2s
    40   0.3602   1.0429    1.0696  0.0093   0.1495   0.8561    0.2s
    45   0.3511   1.0378    1.0501  0.0104   0.1587   0.8557    0.2s
    50   0.3397   1.0536    1.0778  0.0185   0.1877   0.8734    0.2s
    55   0.3319   1.0388    1.0682  0.0139   0.1900   0.8723    0.2s
    60   0.3240   1.0303    1.0521  0.0116   0.1866   0.8774    0.2s
    65   0.3182   1.0362    1.0673  0.0151   0.1831   0.8823    0.2s
    70   0.3121   1.0493    1.0823  0.0151   0.1935   0.8883    0.2s
    75   0.3042   1.0374    1.0556  0.0139   0.1970   0.8792    0.2s
    80   0.2973   1.1154    1.1404  0.0139   0.1866   0.8924    0.2s
    85   0.2923   1.0587    1.0749  0.0185   0.2028   0.8880    0.2s
    90   0.2884   1.0890    1.1035  0.0267   0.2213   0.8914    0.2s
    95   0.2828   1.1312    1.1463  0.0394   0.2063   0.8944    0.2s
   100   0.2759   1.1160    1.1276  0.0498   0.2016   0.8912    0.2s
   105   0.2705   1.1237    1.1375  0.0452   0.2086   0.8977    0.2s
   110   0.2656   1.2076    1.2204  0.0104   0.1947   0.8922    0.2s
   115   0.2611   1.1853    1.1802  0.0197   0.1993   0.9106    0.2s
   120   0.2586   1.1767    1.1649  0.0475   0.2005   0.9017    0.2s
   125   0.2563   1.1850    1.1810  0.0475   0.2167   0.8951    0.2s
   130   0.2522   1.1715    1.1544  0.0463   0.2178   0.9009    0.2s
   135   0.2501   1.2313    1.2204  0.0568   0.2283   0.8956    0.2s
   140   0.2450   1.2590    1.2395  0.0545   0.2294   0.9018    0.2s
   145   0.2417   1.2946    1.2750  0.0591   0.2329   0.9013    0.2s
   150   0.2382   1.1893    1.1537  0.0313   0.2375   0.9051    0.2s
   155   0.2333   1.5416    1.5629  0.0545   0.2596   0.9057    0.2s
   160   0.2311   1.5446    1.5597  0.0707   0.2723   0.9011    0.2s
   165   0.2381   1.4333    1.4129  0.0776   0.2503   0.9032    0.2s
   170   0.2311   1.4247    1.4123  0.0649   0.2619   0.9077    0.2s
   175   0.2256   1.2480    1.2151  0.0672   0.2642   0.9053    0.2s
   180   0.2295   1.2277    1.1877  0.0498   0.2654   0.9002    0.2s
   185   0.2235   1.5481    1.5323  0.0649   0.2549   0.8978    0.2s
   190   0.2221   1.4193    1.3957  0.0765   0.2711   0.9008    0.2s
   195   0.2233   1.3197    1.2871  0.0521   0.2688   0.9056    0.2s
   200   0.2208   1.3256    1.2839  0.0475   0.2677   0.9046    0.2s

Best checkpoint: epoch 194  val P-H@50 = 0.2885

── Final evaluation (best checkpoint) ──────────────────────────────
  val:
    P-H@1=0.0023  P-H@5=0.0139  P-H@10=0.0695  P-H@50=0.2885
    CP-AUC=0.9074  CP-AP=0.8952  loss=1.5368
  test:
    P-H@1=0.0086  P-H@5=0.0439  P-H@10=0.0824  P-H@50=0.2827
    CP-AUC=0.9230  CP-AP=0.9058  loss=1.5347

Report saved → /gpfs/home5/binal1/plantmetbench/runs/sweep_sage_L1_dot/sage/seed_0/report_sage_epoch194.json
Checkpoint → /gpfs/home5/binal1/plantmetbench/runs/sweep_sage_L1_dot/sage/seed_0/sage_L1_epoch194_best.pt
Log        → /gpfs/home5/binal1/plantmetbench/runs/sweep_sage_L1_dot/sage/seed_0/train.log
History    → /gpfs/home5/binal1/plantmetbench/runs/sweep_sage_L1_dot/sage/seed_0/history_sage_epoch194.json
# Log started at 2026-08-22T12:38:30.060753
# Log file: /gpfs/home5/binal1/plantmetbench/runs/sweep_sage_L1_dot/sage/seed_1/train.log

Run: sweep_sage_L1_dot  seed=1  →  /gpfs/home5/binal1/plantmetbench/runs/sweep_sage_L1_dot/sage/seed_1
  Device: cuda  (NVIDIA H100)

Loading graph from /gpfs/home5/binal1/plantmetbench/data …
  Protein embeddings: 8,445/13,682 nodes covered (61.7%)  dim=960
  Removed 6 is_part_of edge type(s) and Pathway node store
  Removed 3 Organism edge type(s) and Organism node store
Loading taxa split …
  Conversion fingerprints: 19,927/84,470 nodes (23.6%)  dim=3072
  Ranking pool: 8,445/13,682 proteins have embeddings (61.7%)
Node types : ['GeneProduct', 'Interaction', 'Metabolite', 'Protein']
  GeneProduct  num_nodes=    6,480  x=(6480, 1024)
  Interaction  num_nodes=   84,470  x=(84470, 3072)
  Metabolite  num_nodes=   17,476  x=(17476, 1024)
  Protein     num_nodes=   13,682  x=(13682, 960)
 -------- GNN = SAGE ------------
Running dummy forward pass to materialize weights...
Model: HeteroGNN  hidden_dim=128  num_layers=1  decoder=dot  dropout=0.3
  Edge types in GNN: 13
  Trainable parameters: 5,981,824
 Epoch     loss val_loss tst_loss  P-H@10   P-H@50   CP-AUC    time
──────────────────────────────────────────────────────────────────
     5   0.4745   1.3795    1.4832  0.0023   0.0093   0.6062    0.2s
    10   0.4566   1.6542    1.8678  0.0046   0.0197   0.6746    0.2s
    15   0.4314   1.2953    1.4702  0.0000   0.0220   0.7339    0.2s
    20   0.4145   1.0995    1.2216  0.0012   0.0290   0.7970    0.2s
    25   0.3978   1.0497    1.1229  0.0035   0.0301   0.8088    0.2s
    30   0.3865   1.0443    1.1023  0.0000   0.1112   0.8198    0.2s
    35   0.3747   1.1100    1.1664  0.0070   0.1089   0.8285    0.2s
    40   0.3645   1.0506    1.0918  0.0104   0.1251   0.8370    0.2s
    45   0.3558   1.0502    1.0749  0.0116   0.1194   0.8550    0.2s
    50   0.3488   1.0535    1.0760  0.0127   0.1263   0.8587    0.2s
    55   0.3420   1.0357    1.0721  0.0174   0.1159   0.8690    0.2s
    60   0.3328   1.0210    1.0675  0.0197   0.1576   0.8707    0.2s
    65   0.3241   1.0506    1.0980  0.0151   0.1634   0.8772    0.2s
    70   0.3179   1.0162    1.0522  0.0139   0.1576   0.8865    0.2s
    75   0.3107   1.0349    1.0719  0.0313   0.1692   0.8876    0.2s
    80   0.3050   1.0464    1.1000  0.0417   0.1669   0.8882    0.2s
    85   0.2997   1.0926    1.1541  0.0521   0.1703   0.8875    0.2s
    90   0.2923   1.0119    1.0530  0.0568   0.1715   0.8967    0.2s
    95   0.2852   1.0836    1.1270  0.0498   0.2005   0.8977    0.2s
   100   0.2805   1.1539    1.2101  0.0498   0.2109   0.9042    0.2s
   105   0.2749   0.9999    1.0453  0.0440   0.1854   0.8953    0.2s
   110   0.2710   1.1542    1.2255  0.0440   0.2121   0.9133    0.2s
   115   0.2668   1.0643    1.1084  0.0429   0.2097   0.9095    0.2s
   120   0.2614   1.1174    1.1666  0.0417   0.2132   0.8916    0.2s
   125   0.2583   1.1480    1.2043  0.0440   0.2225   0.9052    0.2s
   130   0.2553   1.1549    1.2012  0.0440   0.2236   0.9112    0.2s
   135   0.2522   1.1646    1.2107  0.0463   0.2248   0.9164    0.2s
   140   0.2457   1.1803    1.2252  0.0463   0.2213   0.9014    0.2s
   145   0.2444   1.1915    1.2529  0.0649   0.2375   0.9128    0.2s
   150   0.2389   1.1838    1.2361  0.0591   0.2375   0.9146    0.2s
   155   0.2335   1.3123    1.3615  0.0394   0.2468   0.9192    0.2s
   160   0.2341   1.2169    1.2505  0.0452   0.2271   0.9147    0.2s
   165   0.2301   1.1837    1.2152  0.0463   0.2387   0.9085    0.2s
   170   0.2288   1.2364    1.2598  0.0463   0.2410   0.9175    0.2s
   175   0.2305   1.2624    1.2881  0.0382   0.2375   0.9144    0.2s
   180   0.2238   1.2279    1.2615  0.0579   0.2422   0.9130    0.2s
   185   0.2230   1.3078    1.3256  0.0382   0.2445   0.9088    0.2s
   190   0.2168   1.3350    1.3435  0.0371   0.2538   0.9135    0.2s
   195   0.2159   1.2554    1.2684  0.0382   0.2514   0.9217    0.2s
   200   0.2137   1.3562    1.3706  0.0487   0.2596   0.9162    0.2s

Best checkpoint: epoch 198  val P-H@50 = 0.2677

── Final evaluation (best checkpoint) ──────────────────────────────
  val:
    P-H@1=0.0000  P-H@5=0.0093  P-H@10=0.0359  P-H@50=0.2677
    CP-AUC=0.9213  CP-AP=0.9027  loss=1.3827
  test:
    P-H@1=0.0000  P-H@5=0.0161  P-H@10=0.0450  P-H@50=0.2173
    CP-AUC=0.9222  CP-AP=0.8974  loss=1.4114

Report saved → /gpfs/home5/binal1/plantmetbench/runs/sweep_sage_L1_dot/sage/seed_1/report_sage_epoch198.json
Checkpoint → /gpfs/home5/binal1/plantmetbench/runs/sweep_sage_L1_dot/sage/seed_1/sage_L1_epoch198_best.pt
Log        → /gpfs/home5/binal1/plantmetbench/runs/sweep_sage_L1_dot/sage/seed_1/train.log
History    → /gpfs/home5/binal1/plantmetbench/runs/sweep_sage_L1_dot/sage/seed_1/history_sage_epoch198.json
# Log started at 2026-08-22T12:39:26.289275
# Log file: /gpfs/home5/binal1/plantmetbench/runs/sweep_sage_L1_dot/sage_L1_h128_dot/seed_2/train.log

Run: sweep_sage_L1_dot  seed=2  →  /gpfs/home5/binal1/plantmetbench/runs/sweep_sage_L1_dot/sage_L1_h128_dot/seed_2
  Device: cuda  (NVIDIA H100)

Loading graph from /gpfs/home5/binal1/plantmetbench/data …
  Protein embeddings: 8,445/13,682 nodes covered (61.7%)  dim=960
  Removed 6 is_part_of edge type(s) and Pathway node store
  Removed 3 Organism edge type(s) and Organism node store
Loading taxa split …
  Conversion fingerprints: 19,927/84,470 nodes (23.6%)  dim=3072
  Ranking pool: 8,445/13,682 proteins have embeddings (61.7%)
Node types : ['GeneProduct', 'Interaction', 'Metabolite', 'Protein']
  GeneProduct  num_nodes=    6,480  x=(6480, 1024)
  Interaction  num_nodes=   84,470  x=(84470, 3072)
  Metabolite  num_nodes=   17,476  x=(17476, 1024)
  Protein     num_nodes=   13,682  x=(13682, 960)
 -------- GNN = SAGE ------------
Running dummy forward pass to materialize weights...
Model: HeteroGNN  hidden_dim=128  num_layers=1  decoder=dot  dropout=0.3
  Edge types in GNN: 13
  Trainable parameters: 5,981,824
 Epoch     loss val_loss tst_loss  P-H@10   P-H@50   CP-AUC    time
──────────────────────────────────────────────────────────────────
     5   0.4692   1.5838    1.7421  0.0081   0.0220   0.6180    0.2s
    10   0.4554   1.6508    1.8559  0.0151   0.0684   0.6590    0.2s
    15   0.4172   1.2356    1.3838  0.0174   0.1576   0.7550    0.2s
    20   0.4035   1.0020    1.0875  0.0058   0.1356   0.8070    0.2s
    25   0.3909   1.1164    1.2048  0.0058   0.1402   0.8054    0.2s
    30   0.3763   1.2142    1.3157  0.0139   0.1321   0.8226    0.2s
    35   0.3630   1.1219    1.2035  0.0197   0.1321   0.8467    0.2s
    40   0.3559   1.0831    1.1202  0.0209   0.1112   0.8513    0.2s
    45   0.3435   1.1301    1.1477  0.0232   0.1031   0.8571    0.2s
    50   0.3350   1.0860    1.1133  0.0313   0.1367   0.8638    0.2s
    55   0.3293   1.0354    1.0704  0.0278   0.1414   0.8614    0.2s
    60   0.3207   1.0557    1.0925  0.0232   0.1333   0.8757    0.2s
    65   0.3129   1.0905    1.1354  0.0220   0.1506   0.8796    0.2s
    70   0.3087   1.0555    1.1022  0.0348   0.1819   0.8779    0.2s
    75   0.2998   1.0691    1.1159  0.0267   0.1703   0.8806    0.2s
    80   0.2960   1.0361    1.0810  0.0324   0.1889   0.8879    0.2s
    85   0.2892   1.0688    1.1153  0.0313   0.1924   0.8934    0.2s
    90   0.2818   1.0651    1.1025  0.0290   0.1970   0.8834    0.2s
    95   0.2779   1.0520    1.0827  0.0568   0.2005   0.8902    0.2s
   100   0.2712   1.0843    1.1228  0.0649   0.2051   0.8849    0.2s
   105   0.2682   1.1693    1.2127  0.0498   0.2063   0.8918    0.2s
   110   0.2610   1.1112    1.1375  0.0603   0.2132   0.8978    0.2s
   115   0.2585   1.1799    1.2139  0.0649   0.2051   0.8997    0.2s
   120   0.2539   1.1874    1.2187  0.0649   0.2155   0.9106    0.2s
   125   0.2482   1.1627    1.1853  0.0649   0.2074   0.8994    0.2s
   130   0.2459   1.1290    1.1369  0.0649   0.2074   0.8923    0.2s
   135   0.2410   1.1397    1.1499  0.0649   0.2051   0.9036    0.2s
   140   0.2383   1.1560    1.1670  0.0649   0.2178   0.9008    0.2s
   145   0.2341   1.1181    1.1190  0.0660   0.2167   0.9077    0.2s
   150   0.2317   1.1717    1.1756  0.0649   0.2213   0.9022    0.2s
   155   0.2280   1.2405    1.2404  0.0695   0.2213   0.9040    0.2s
   160   0.2237   1.2567    1.2522  0.0649   0.2190   0.9053    0.2s
   165   0.2237   1.1710    1.1518  0.0660   0.2294   0.9051    0.2s
   170   0.2196   1.1887    1.1621  0.0660   0.2260   0.9073    0.2s
   175   0.2214   1.2953    1.2848  0.0695   0.2433   0.9097    0.2s
   180   0.2368   1.6190    1.6663  0.0707   0.2781   0.9101    0.2s
   185   0.2394   1.3012    1.3099  0.0684   0.2468   0.9136    0.2s
   190   0.2107   1.4506    1.4627  0.0684   0.2642   0.9172    0.2s
   195   0.2153   1.3190    1.3076  0.0684   0.2654   0.9077    0.2s
   200   0.2129   1.1925    1.1563  0.0660   0.2294   0.9092    0.2s

Best checkpoint: epoch 180  val P-H@50 = 0.2781

── Final evaluation (best checkpoint) ──────────────────────────────
  val:
    P-H@1=0.0012  P-H@5=0.0162  P-H@10=0.0707  P-H@50=0.2781
    CP-AUC=0.9045  CP-AP=0.8827  loss=1.6190
  test:
    P-H@1=0.0107  P-H@5=0.0503  P-H@10=0.1135  P-H@50=0.3298
    CP-AUC=0.9218  CP-AP=0.9024  loss=1.6663

Report saved → /gpfs/home5/binal1/plantmetbench/runs/sweep_sage_L1_dot/sage_L1_h128_dot/seed_2/report_sage_epoch180.json
Checkpoint → /gpfs/home5/binal1/plantmetbench/runs/sweep_sage_L1_dot/sage_L1_h128_dot/seed_2/sage_L1_epoch180_best.pt
Log        → /gpfs/home5/binal1/plantmetbench/runs/sweep_sage_L1_dot/sage_L1_h128_dot/seed_2/train.log
History    → /gpfs/home5/binal1/plantmetbench/runs/sweep_sage_L1_dot/sage_L1_h128_dot/seed_2/history_sage_epoch180.json
# Log started at 2026-08-22T12:40:21.471399
# Log file: /gpfs/home5/binal1/plantmetbench/runs/sweep_sage_L1_dot/sage_L1_h128_dot/seed_3/train.log

Run: sweep_sage_L1_dot  seed=3  →  /gpfs/home5/binal1/plantmetbench/runs/sweep_sage_L1_dot/sage_L1_h128_dot/seed_3
  Device: cuda  (NVIDIA H100)

Loading graph from /gpfs/home5/binal1/plantmetbench/data …
  Protein embeddings: 8,445/13,682 nodes covered (61.7%)  dim=960
  Removed 6 is_part_of edge type(s) and Pathway node store
  Removed 3 Organism edge type(s) and Organism node store
Loading taxa split …
  Conversion fingerprints: 19,927/84,470 nodes (23.6%)  dim=3072
  Ranking pool: 8,445/13,682 proteins have embeddings (61.7%)
Node types : ['GeneProduct', 'Interaction', 'Metabolite', 'Protein']
  GeneProduct  num_nodes=    6,480  x=(6480, 1024)
  Interaction  num_nodes=   84,470  x=(84470, 3072)
  Metabolite  num_nodes=   17,476  x=(17476, 1024)
  Protein     num_nodes=   13,682  x=(13682, 960)
 -------- GNN = SAGE ------------
Running dummy forward pass to materialize weights...
Model: HeteroGNN  hidden_dim=128  num_layers=1  decoder=dot  dropout=0.3
  Edge types in GNN: 13
  Trainable parameters: 5,981,824
 Epoch     loss val_loss tst_loss  P-H@10   P-H@50   CP-AUC    time
──────────────────────────────────────────────────────────────────
     5   0.4851   1.5086    1.6449  0.0000   0.0116   0.6068    0.2s
    10   0.4588   1.6083    1.8547  0.0000   0.0290   0.6815    0.2s
    15   0.4265   1.3147    1.5288  0.0023   0.0556   0.7294    0.2s
    20   0.4109   1.1297    1.2881  0.0139   0.1344   0.8027    0.2s
    25   0.3977   1.0309    1.1345  0.0127   0.1379   0.8017    0.2s
    30   0.3834   1.0927    1.1789  0.0127   0.1333   0.8341    0.2s
    35   0.3728   1.1208    1.2002  0.0232   0.1390   0.8383    0.2s
    40   0.3649   1.1038    1.1658  0.0429   0.1390   0.8474    0.2s
    45   0.3495   1.0880    1.1301  0.0556   0.1414   0.8519    0.2s
    50   0.3428   1.0875    1.1314  0.0382   0.1414   0.8645    0.2s
    55   0.3360   1.0621    1.1198  0.0336   0.1448   0.8653    0.2s
    60   0.3315   1.0727    1.1395  0.0359   0.1448   0.8792    0.2s
    65   0.3222   1.0510    1.1136  0.0429   0.1877   0.8761    0.2s
    70   0.3157   1.0481    1.1118  0.0463   0.1912   0.8849    0.2s
    75   0.3073   1.1224    1.1998  0.0510   0.1912   0.8814    0.2s
    80   0.3021   1.0621    1.1408  0.0556   0.1877   0.8859    0.2s
    85   0.2974   1.0792    1.1633  0.0568   0.1924   0.8878    0.2s
    90   0.2901   1.0818    1.1668  0.0533   0.1935   0.8908    0.2s
    95   0.2842   1.0726    1.1567  0.0510   0.1947   0.9020    0.2s
   100   0.2763   1.0736    1.1576  0.0695   0.1981   0.8920    0.2s
   105   0.2710   1.1051    1.2054  0.0626   0.2132   0.8993    0.2s
   110   0.2655   1.1185    1.2176  0.0614   0.2086   0.9040    0.2s
   115   0.2632   1.1174    1.2128  0.0417   0.2086   0.8995    0.2s
   120   0.2583   1.1017    1.1855  0.0626   0.2086   0.8985    0.2s
   125   0.2562   1.1021    1.1949  0.0684   0.2039   0.8986    0.2s
   130   0.2506   1.1495    1.2407  0.0672   0.2144   0.8987    0.2s
   135   0.2469   1.1897    1.2886  0.0695   0.2202   0.9066    0.2s
   140   0.2409   1.2325    1.3372  0.0718   0.2248   0.9204    0.2s
   145   0.2411   1.2609    1.3610  0.0707   0.2190   0.8989    0.2s
   150   0.2353   1.1899    1.2902  0.0718   0.2248   0.9013    0.2s
   155   0.2323   1.2499    1.3630  0.0730   0.2271   0.9148    0.2s
   160   0.2322   1.3171    1.4493  0.0718   0.2317   0.9090    0.2s
   165   0.2275   1.1151    1.2205  0.0672   0.2225   0.9060    0.2s
   170   0.2238   1.3079    1.4322  0.0695   0.2283   0.9090    0.2s
   175   0.2229   1.3214    1.4457  0.0695   0.2306   0.9160    0.2s
   180   0.2193   1.1991    1.3068  0.0660   0.2317   0.9008    0.2s
   185   0.2180   1.4325    1.5606  0.0660   0.2445   0.9120    0.2s
   190   0.2283   1.4995    1.6342  0.0660   0.2619   0.9124    0.2s
   195   0.2250   1.4762    1.6256  0.0649   0.2549   0.9162    0.2s
   200   0.2191   1.3751    1.5211  0.0440   0.2410   0.9082    0.2s

Best checkpoint: epoch 190  val P-H@50 = 0.2619

── Final evaluation (best checkpoint) ──────────────────────────────
  val:
    P-H@1=0.0023  P-H@5=0.0070  P-H@10=0.0660  P-H@50=0.2619
    CP-AUC=0.9134  CP-AP=0.8950  loss=1.4995
  test:
    P-H@1=0.0000  P-H@5=0.0418  P-H@10=0.0771  P-H@50=0.2944
    CP-AUC=0.9175  CP-AP=0.9008  loss=1.6342

Report saved → /gpfs/home5/binal1/plantmetbench/runs/sweep_sage_L1_dot/sage_L1_h128_dot/seed_3/report_sage_epoch190.json
Checkpoint → /gpfs/home5/binal1/plantmetbench/runs/sweep_sage_L1_dot/sage_L1_h128_dot/seed_3/sage_L1_epoch190_best.pt
Log        → /gpfs/home5/binal1/plantmetbench/runs/sweep_sage_L1_dot/sage_L1_h128_dot/seed_3/train.log
History    → /gpfs/home5/binal1/plantmetbench/runs/sweep_sage_L1_dot/sage_L1_h128_dot/seed_3/history_sage_epoch190.json
Remaining : ['--gnn-name', 'sage', '--num-layers', '1', '--decoder', 'dot', '--epochs', '200']
PlantMetBench — multi-seed training
  Seeds    : [42, 0, 1, 2, 3]
  Run name : sweep_sage_L1_dot
  Extra    : --gnn-name sage --num-layers 1 --decoder dot --epochs 200

======================================================================
  Seed 42  →  /gpfs/home5/binal1/plantmetbench/runs/sweep_sage_L1_dot/sage/seed_42/
======================================================================

======================================================================
  Seed 0  →  /gpfs/home5/binal1/plantmetbench/runs/sweep_sage_L1_dot/sage/seed_0/
======================================================================

======================================================================
  Seed 1  →  /gpfs/home5/binal1/plantmetbench/runs/sweep_sage_L1_dot/sage/seed_1/
======================================================================

======================================================================
  Seed 2  →  /gpfs/home5/binal1/plantmetbench/runs/sweep_sage_L1_dot/sage/seed_2/
======================================================================

======================================================================
  Seed 3  →  /gpfs/home5/binal1/plantmetbench/runs/sweep_sage_L1_dot/sage/seed_3/
======================================================================
  [WARNING] No report_*.json under /gpfs/home5/binal1/plantmetbench/runs/sweep_sage_L1_dot/sage/seed_2 — skipping
  [WARNING] No report_*.json under /gpfs/home5/binal1/plantmetbench/runs/sweep_sage_L1_dot/sage/seed_3 — skipping

======================================================================
  Multi-seed summary
======================================================================
  Metric                    Mean       Std  n
  --------------------------------------------------
  val_ph50                0.2762    0.0110  3
  val_ph10                0.0529    0.0168  3
  val_ph1                 0.0027    0.0029  3
  val_ph5                 0.0127    0.0031  3
  val_cp_auc              0.9123    0.0078  3
  val_cp_ap               0.8954    0.0072  3
  test_ph50               0.2627    0.0393  3
  test_ph10               0.0546    0.0245  3
  test_ph1                0.0057    0.0049  3
  test_ph5                0.0289    0.0140  3
  test_cp_auc             0.9199    0.0047  3
  test_cp_ap              0.8980    0.0074  3
  best_epoch            195.0000    2.6458  3

Summary saved → /gpfs/home5/binal1/plantmetbench/runs/sweep_sage_L1_dot/seeds_summary_sage_L1.json
Summary saved → /gpfs/home5/binal1/plantmetbench/runs/sweep_sage_L1_dot/sage/seeds_summary_sage_L1.json
