============================================================================================== 
Warning! Mixing Conda and module environments may lead to corruption of the
user environment. 
We do not recommend users mixing those two environments unless absolutely
necessary. Note that 
SURF does not provide any support for Conda environment.
For more information, please refer to our software policy page:
https://servicedesk.surf.nl/wiki/display/WIKI/Software+policy+Snellius#SoftwarepolicySnellius-UseofAnacondaandMinicondaenvironmentsonSnellius 

Remember that many packages have already been installed on the system and can
be loaded using 
the 'module load <package__name>' command. If you are uncertain if a package is
already available 
on the system, please use 'module avail' or 'module spider' to search for it.
============================================================================================== 

==================================================================
  Config: gnn-name=rgcn  num-layers=1  decoder=dot
  Run name: sweep_rgcn_L1_dot
==================================================================
# Log started at 2026-08-22T15:30:18.996723
# Log file: /gpfs/home5/binal1/plantmetbench/runs/sweep_rgcn_L1_dot/rgcn_L1_h128_dot/seed_42/train.log

Run: sweep_rgcn_L1_dot  seed=42  →  /gpfs/home5/binal1/plantmetbench/runs/sweep_rgcn_L1_dot/rgcn_L1_h128_dot/seed_42
  Device: cuda  (NVIDIA H100)

Loading graph from /gpfs/home5/binal1/plantmetbench/data …
  Protein embeddings: 8,445/13,682 nodes covered (61.7%)  dim=960
  Removed 6 is_part_of edge type(s) and Pathway node store
  Removed 3 Organism edge type(s) and Organism node store
Loading taxa split …
  Conversion fingerprints: 19,927/84,470 nodes (23.6%)  dim=3072
  Ranking pool: 8,445/13,682 proteins have embeddings (61.7%)

────────────────────────────────────────────────────────────────────────
Dataset summary
────────────────────────────────────────────────────────────────────────
  Target edge : ('Protein', 'catalyzes', 'Interaction')

Node types:
  GeneProduct   num_nodes=    6,480  x=(6480, 1024)
  Interaction   num_nodes=   84,470  x=(84470, 3072)
  Metabolite    num_nodes=   17,476  x=(17476, 1024)
  Protein       num_nodes=   13,682  x=(13682, 960)
Edge types:
  ('GeneProduct', 'encodes', 'Protein')               num_edges=     2,762
  ('GeneProduct', 'is_about', 'GeneProduct')          num_edges=     4,580
  ('Interaction', 'is_about', 'Interaction')          num_edges=    29,740
  ('Interaction', 'participants', 'Interaction')      num_edges=     9,813
  ('Interaction', 'participants', 'Metabolite')       num_edges=    34,793
  ('Interaction', 'source', 'Metabolite')             num_edges=     7,554
  ('Interaction', 'target', 'Interaction')            num_edges=        17
  ('Interaction', 'target', 'Metabolite')             num_edges=    18,622
  ('Metabolite', 'is_about', 'Metabolite')            num_edges=    12,812
  ('Protein', 'catalyzes', 'Interaction')             num_edges=     7,655
  ('Protein', 'encoded_by', 'GeneProduct')            num_edges=     2,762
  ('Protein', 'is_about', 'GeneProduct')              num_edges=        83
  ('Protein', 'is_about', 'Protein')                  num_edges=     9,932

  Positive edge splits:
    train    9,569 edges
    val      1,211 edges
    test     1,200 edges

  Ranking pool : 8,445 proteins  (embedded only)
  Random P-H@50: 0.0059  (0.59%)
────────────────────────────────────────────────────────────────────────

Node types : ['GeneProduct', 'Interaction', 'Metabolite', 'Protein']
  GeneProduct  num_nodes=    6,480  x=(6480, 1024)
  Interaction  num_nodes=   84,470  x=(84470, 3072)
  Metabolite  num_nodes=   17,476  x=(17476, 1024)
  Protein     num_nodes=   13,682  x=(13682, 960)
 ----------- GNN = RGCN -----------
Running dummy forward pass to materialize weights...
Model: HeteroGNN  hidden_dim=128  num_layers=1  decoder=dot  dropout=0.3
  Edge types in GNN: 13
  Trainable parameters: 1,206,400
 Epoch     loss val_loss tst_loss  P-H@10   P-H@50   CP-AUC    time
──────────────────────────────────────────────────────────────────
     5   0.4859   1.2199    1.2700  0.0000   0.0023   0.5003    0.1s
    10   0.4592   1.4241    1.4897  0.0070   0.0417   0.5379    0.1s
    15   0.4212   1.1041    1.1489  0.0046   0.1286   0.5908    0.1s
    20   0.4009   1.1119    1.1663  0.0209   0.1321   0.6396    0.1s
    25   0.3791   1.2502    1.3254  0.0232   0.1356   0.6626    0.1s
    30   0.3598   1.1260    1.1982  0.0220   0.1425   0.7268    0.1s
    35   0.3420   1.1189    1.1899  0.0139   0.1390   0.7652    0.1s
    40   0.3266   1.0223    1.0857  0.0139   0.1715   0.8112    0.1s
    45   0.3110   0.9969    1.0570  0.0127   0.1715   0.8535    0.1s
    50   0.2982   0.9236    0.9802  0.0139   0.1645   0.8666    0.1s
    55   0.2848   0.9197    0.9750  0.0046   0.1657   0.8726    0.1s
    60   0.2731   0.8898    0.9463  0.0127   0.1263   0.8820    0.1s
    65   0.2642   0.8838    0.9560  0.0093   0.0811   0.8922    0.1s
    70   0.2518   0.9000    0.9976  0.0093   0.0232   0.8949    0.1s
    75   0.2445   0.9218    1.0318  0.0081   0.0267   0.9032    0.1s
    80   0.2370   0.8750    0.9844  0.0081   0.0290   0.9096    0.1s
    85   0.2324   0.9050    1.0170  0.0081   0.0255   0.9076    0.1s
    90   0.2250   0.9808    1.1014  0.0081   0.0267   0.8908    0.1s
    95   0.2194   0.9434    1.0614  0.0081   0.0267   0.9058    0.1s
   100   0.2142   1.0167    1.1417  0.0081   0.0313   0.8925    0.1s
   105   0.2109   1.0105    1.1190  0.0081   0.0313   0.9058    0.1s
   110   0.2072   1.0454    1.1463  0.0081   0.0313   0.9013    0.1s
   115   0.2017   1.0254    1.1344  0.0093   0.0313   0.8959    0.1s
   120   0.1969   1.0325    1.1340  0.0104   0.0336   0.8922    0.1s
   125   0.1935   1.0410    1.1221  0.0116   0.0313   0.9008    0.1s
   130   0.1914   1.0979    1.1987  0.0151   0.0313   0.8993    0.1s
   135   0.1872   1.1094    1.2150  0.0139   0.0313   0.8999    0.1s
   140   0.1823   1.0905    1.1836  0.0139   0.0301   0.8872    0.1s
   145   0.1828   1.3038    1.4095  0.0162   0.0324   0.8892    0.1s
   150   0.1880   1.0917    1.1641  0.0151   0.0336   0.8942    0.1s
   155   0.1793   1.1034    1.1795  0.0151   0.0348   0.8998    0.1s
   160   0.1781   1.1842    1.2673  0.0174   0.0382   0.8899    0.1s
   165   0.1754   1.3090    1.4008  0.0127   0.0382   0.9050    0.1s
   170   0.1742   1.2909    1.3663  0.0151   0.0429   0.9015    0.1s
   175   0.1728   1.2178    1.2862  0.0139   0.0475   0.8982    0.1s
   180   0.1714   1.2658    1.3334  0.0139   0.0521   0.8930    0.1s
   185   0.1699   1.2845    1.3530  0.0127   0.0533   0.9025    0.1s
   190   0.1681   1.3477    1.4280  0.0139   0.0637   0.9018    0.1s
   195   0.1661   1.3624    1.4267  0.0104   0.0637   0.9084    0.1s
   200   0.1636   1.3514    1.4104  0.0058   0.0776   0.9027    0.1s

Best checkpoint: epoch 43  val P-H@50 = 0.1750

── Final evaluation (best checkpoint) ──────────────────────────────
  val:
    P-H@1=0.0000  P-H@5=0.0023  P-H@10=0.0127  P-H@50=0.1750
    CP-AUC=0.8331  CP-AP=0.7588  loss=0.9763
  test:
    P-H@1=0.0000  P-H@5=0.0000  P-H@10=0.0000  P-H@50=0.0460
    CP-AUC=0.8246  CP-AP=0.7317  loss=1.0351

Report saved → /gpfs/home5/binal1/plantmetbench/runs/sweep_rgcn_L1_dot/rgcn_L1_h128_dot/seed_42/report_rgcn_epoch043.json
Checkpoint → /gpfs/home5/binal1/plantmetbench/runs/sweep_rgcn_L1_dot/rgcn_L1_h128_dot/seed_42/rgcn_L1_epoch043_best.pt
Log        → /gpfs/home5/binal1/plantmetbench/runs/sweep_rgcn_L1_dot/rgcn_L1_h128_dot/seed_42/train.log
History    → /gpfs/home5/binal1/plantmetbench/runs/sweep_rgcn_L1_dot/rgcn_L1_h128_dot/seed_42/history_rgcn_epoch043.json
# Log started at 2026-08-22T15:30:48.837048
# Log file: /gpfs/home5/binal1/plantmetbench/runs/sweep_rgcn_L1_dot/rgcn_L1_h128_dot/seed_0/train.log

Run: sweep_rgcn_L1_dot  seed=0  →  /gpfs/home5/binal1/plantmetbench/runs/sweep_rgcn_L1_dot/rgcn_L1_h128_dot/seed_0
  Device: cuda  (NVIDIA H100)

Loading graph from /gpfs/home5/binal1/plantmetbench/data …
  Protein embeddings: 8,445/13,682 nodes covered (61.7%)  dim=960
  Removed 6 is_part_of edge type(s) and Pathway node store
  Removed 3 Organism edge type(s) and Organism node store
Loading taxa split …
  Conversion fingerprints: 19,927/84,470 nodes (23.6%)  dim=3072
  Ranking pool: 8,445/13,682 proteins have embeddings (61.7%)
Node types : ['GeneProduct', 'Interaction', 'Metabolite', 'Protein']
  GeneProduct  num_nodes=    6,480  x=(6480, 1024)
  Interaction  num_nodes=   84,470  x=(84470, 3072)
  Metabolite  num_nodes=   17,476  x=(17476, 1024)
  Protein     num_nodes=   13,682  x=(13682, 960)
 ----------- GNN = RGCN -----------
Running dummy forward pass to materialize weights...
Model: HeteroGNN  hidden_dim=128  num_layers=1  decoder=dot  dropout=0.3
  Edge types in GNN: 13
  Trainable parameters: 1,206,400
 Epoch     loss val_loss tst_loss  P-H@10   P-H@50   CP-AUC    time
──────────────────────────────────────────────────────────────────
     5   0.4800   1.2824    1.3203  0.0012   0.0591   0.5172    0.1s
    10   0.4586   1.3616    1.4024  0.0035   0.0463   0.5461    0.1s
    15   0.4243   1.0634    1.0913  0.0023   0.0104   0.6144    0.1s
    20   0.4017   1.1220    1.1607  0.0023   0.0255   0.6696    0.1s
    25   0.3806   1.1908    1.2457  0.0023   0.0232   0.7066    0.1s
    30   0.3601   1.0467    1.1109  0.0023   0.0209   0.7635    0.1s
    35   0.3420   1.1026    1.1803  0.0023   0.0243   0.8060    0.1s
    40   0.3264   0.9959    1.0708  0.0023   0.0301   0.8396    0.1s
    45   0.3122   0.9866    1.0632  0.0023   0.0498   0.8548    0.1s
    50   0.2987   0.9013    0.9698  0.0023   0.0950   0.8715    0.1s
    55   0.2850   0.8679    0.9318  0.0058   0.0788   0.8860    0.1s
    60   0.2748   0.8601    0.9184  0.0035   0.0614   0.8924    0.1s
    65   0.2658   0.8451    0.9038  0.0046   0.0556   0.9015    0.1s
    70   0.2565   0.8435    0.9153  0.0046   0.0487   0.9031    0.1s
    75   0.2488   0.8491    0.9279  0.0104   0.0394   0.8939    0.1s
    80   0.2401   0.8900    0.9773  0.0116   0.0324   0.9084    0.1s
    85   0.2329   0.9075    0.9960  0.0116   0.0452   0.8979    0.1s
    90   0.2266   0.8701    0.9440  0.0104   0.0417   0.8960    0.1s
    95   0.2211   1.0026    1.0841  0.0127   0.0429   0.9000    0.1s
   100   0.2148   0.9450    1.0273  0.0116   0.0440   0.8904    0.1s
   105   0.2082   1.0142    1.1072  0.0104   0.0417   0.8983    0.1s
   110   0.2045   1.0299    1.1145  0.0058   0.0440   0.8864    0.1s
   115   0.2007   1.0477    1.1211  0.0046   0.0440   0.9133    0.1s
   120   0.1986   1.0807    1.1662  0.0046   0.0475   0.8997    0.1s
   125   0.1955   1.1217    1.2133  0.0046   0.0510   0.8962    0.1s
   130   0.1907   1.1667    1.2445  0.0035   0.0568   0.8967    0.1s
   135   0.1884   1.2009    1.2916  0.0035   0.0637   0.8970    0.1s
   140   0.1829   1.1539    1.2298  0.0035   0.0730   0.8915    0.1s
   145   0.1817   1.2574    1.3385  0.0023   0.0718   0.8949    0.1s
   150   0.1820   1.3107    1.4033  0.0023   0.0753   0.9075    0.1s
   155   0.1779   1.2063    1.2865  0.0035   0.0857   0.8970    0.1s
   160   0.1760   1.1820    1.2447  0.0023   0.0857   0.8983    0.1s
   165   0.1757   1.3628    1.4431  0.0023   0.0869   0.8982    0.1s
   170   0.1725   1.3749    1.4609  0.0023   0.0776   0.9059    0.1s
   175   0.1691   1.2468    1.3119  0.0023   0.0939   0.8957    0.1s
   180   0.1708   1.2643    1.3319  0.0023   0.0892   0.8989    0.1s
   185   0.1686   1.4354    1.5190  0.0023   0.0904   0.8905    0.1s
   190   0.1684   1.3947    1.4830  0.0023   0.1078   0.8957    0.1s
   195   0.1694   1.5683    1.6636  0.0023   0.1124   0.8979    0.1s
   200   0.1670   1.5147    1.6060  0.0023   0.0939   0.9003    0.1s

Best checkpoint: epoch 196  val P-H@50 = 0.1147

── Final evaluation (best checkpoint) ──────────────────────────────
  val:
    P-H@1=0.0000  P-H@5=0.0023  P-H@10=0.0023  P-H@50=0.1147
    CP-AUC=0.8951  CP-AP=0.8634  loss=1.4734
  test:
    P-H@1=0.0000  P-H@5=0.0000  P-H@10=0.0064  P-H@50=0.0792
    CP-AUC=0.8969  CP-AP=0.8589  loss=1.5528

Report saved → /gpfs/home5/binal1/plantmetbench/runs/sweep_rgcn_L1_dot/rgcn_L1_h128_dot/seed_0/report_rgcn_epoch196.json
Checkpoint → /gpfs/home5/binal1/plantmetbench/runs/sweep_rgcn_L1_dot/rgcn_L1_h128_dot/seed_0/rgcn_L1_epoch196_best.pt
Log        → /gpfs/home5/binal1/plantmetbench/runs/sweep_rgcn_L1_dot/rgcn_L1_h128_dot/seed_0/train.log
History    → /gpfs/home5/binal1/plantmetbench/runs/sweep_rgcn_L1_dot/rgcn_L1_h128_dot/seed_0/history_rgcn_epoch196.json
# Log started at 2026-08-22T15:31:18.184644
# Log file: /gpfs/home5/binal1/plantmetbench/runs/sweep_rgcn_L1_dot/rgcn_L1_h128_dot/seed_1/train.log

Run: sweep_rgcn_L1_dot  seed=1  →  /gpfs/home5/binal1/plantmetbench/runs/sweep_rgcn_L1_dot/rgcn_L1_h128_dot/seed_1
  Device: cuda  (NVIDIA H100)

Loading graph from /gpfs/home5/binal1/plantmetbench/data …
  Protein embeddings: 8,445/13,682 nodes covered (61.7%)  dim=960
  Removed 6 is_part_of edge type(s) and Pathway node store
  Removed 3 Organism edge type(s) and Organism node store
Loading taxa split …
  Conversion fingerprints: 19,927/84,470 nodes (23.6%)  dim=3072
  Ranking pool: 8,445/13,682 proteins have embeddings (61.7%)
Node types : ['GeneProduct', 'Interaction', 'Metabolite', 'Protein']
  GeneProduct  num_nodes=    6,480  x=(6480, 1024)
  Interaction  num_nodes=   84,470  x=(84470, 3072)
  Metabolite  num_nodes=   17,476  x=(17476, 1024)
  Protein     num_nodes=   13,682  x=(13682, 960)
 ----------- GNN = RGCN -----------
Running dummy forward pass to materialize weights...
Model: HeteroGNN  hidden_dim=128  num_layers=1  decoder=dot  dropout=0.3
  Edge types in GNN: 13
  Trainable parameters: 1,206,400
 Epoch     loss val_loss tst_loss  P-H@10   P-H@50   CP-AUC    time
──────────────────────────────────────────────────────────────────
     5   0.4763   1.4607    1.5302  0.0000   0.0000   0.5014    0.1s
    10   0.4415   1.2112    1.2593  0.0000   0.0139   0.5334    0.1s
    15   0.4156   1.0924    1.1363  0.0012   0.0070   0.5926    0.1s
    20   0.3930   1.2624    1.3216  0.0046   0.0104   0.6285    0.1s
    25   0.3694   1.1195    1.1758  0.0023   0.0093   0.6839    0.1s
    30   0.3521   1.1007    1.1663  0.0023   0.0209   0.7509    0.1s
    35   0.3352   1.1385    1.2220  0.0023   0.0243   0.7857    0.1s
    40   0.3197   1.0637    1.1511  0.0023   0.0255   0.8090    0.1s
    45   0.3060   1.0306    1.1194  0.0023   0.0116   0.8446    0.1s
    50   0.2928   1.0133    1.1023  0.0023   0.0255   0.8557    0.1s
    55   0.2812   0.9493    1.0306  0.0070   0.0324   0.8682    0.1s
    60   0.2675   0.8891    0.9589  0.0104   0.0359   0.8827    0.1s
    65   0.2577   0.8923    0.9641  0.0116   0.0498   0.8978    0.1s
    70   0.2496   0.8966    0.9737  0.0070   0.0475   0.8997    0.1s
    75   0.2392   0.8879    0.9760  0.0070   0.0348   0.9019    0.1s
    80   0.2328   0.9381    1.0375  0.0070   0.0301   0.9019    0.1s
    85   0.2278   0.9398    1.0275  0.0058   0.0301   0.8919    0.1s
    90   0.2197   0.9541    1.0277  0.0070   0.0267   0.9025    0.1s
    95   0.2129   0.9522    1.0262  0.0012   0.0267   0.8990    0.1s
   100   0.2091   1.0127    1.0873  0.0012   0.0209   0.9004    0.1s
   105   0.2042   0.9749    1.0466  0.0023   0.0185   0.8970    0.1s
   110   0.2020   1.0654    1.1591  0.0023   0.0151   0.9162    0.1s
   115   0.1985   1.1168    1.2128  0.0023   0.0139   0.9073    0.1s
   120   0.1934   1.0873    1.1736  0.0012   0.0185   0.8830    0.1s
   125   0.1890   1.1075    1.1930  0.0058   0.0174   0.8954    0.1s
   130   0.1888   1.1312    1.2135  0.0058   0.0232   0.9011    0.1s
   135   0.1847   1.2242    1.3176  0.0023   0.0243   0.9047    0.1s
   140   0.1806   1.1483    1.2296  0.0070   0.0255   0.8997    0.1s
   145   0.1793   1.3426    1.4604  0.0116   0.0290   0.8987    0.1s
   150   0.1757   1.3090    1.4183  0.0127   0.0255   0.8952    0.1s
   155   0.1744   1.2580    1.3464  0.0139   0.0255   0.9062    0.1s
   160   0.1724   1.2990    1.4079  0.0127   0.0278   0.8984    0.1s
   165   0.1700   1.3293    1.4376  0.0127   0.0255   0.8842    0.1s
   170   0.1678   1.3221    1.4119  0.0139   0.0255   0.8955    0.1s
   175   0.1677   1.4407    1.5518  0.0151   0.0359   0.8936    0.1s
   180   0.1639   1.3736    1.5021  0.0185   0.0510   0.8949    0.1s
   185   0.1624   1.3711    1.4676  0.0185   0.0626   0.8919    0.1s
   190   0.1617   1.2591    1.3141  0.0174   0.0730   0.8921    0.1s
   195   0.1606   1.5172    1.6134  0.0139   0.0765   0.9023    0.1s
   200   0.1608   1.6710    1.8109  0.0151   0.0800   0.8951    0.1s

Best checkpoint: epoch 198  val P-H@50 = 0.0834

── Final evaluation (best checkpoint) ──────────────────────────────
  val:
    P-H@1=0.0000  P-H@5=0.0070  P-H@10=0.0151  P-H@50=0.0834
    CP-AUC=0.8986  CP-AP=0.8492  loss=1.3547
  test:
    P-H@1=0.0000  P-H@5=0.0021  P-H@10=0.0096  P-H@50=0.0696
    CP-AUC=0.8881  CP-AP=0.8153  loss=1.4426

Report saved → /gpfs/home5/binal1/plantmetbench/runs/sweep_rgcn_L1_dot/rgcn_L1_h128_dot/seed_1/report_rgcn_epoch198.json
Checkpoint → /gpfs/home5/binal1/plantmetbench/runs/sweep_rgcn_L1_dot/rgcn_L1_h128_dot/seed_1/rgcn_L1_epoch198_best.pt
Log        → /gpfs/home5/binal1/plantmetbench/runs/sweep_rgcn_L1_dot/rgcn_L1_h128_dot/seed_1/train.log
History    → /gpfs/home5/binal1/plantmetbench/runs/sweep_rgcn_L1_dot/rgcn_L1_h128_dot/seed_1/history_rgcn_epoch198.json
# Log started at 2026-08-22T15:31:47.315855
# Log file: /gpfs/home5/binal1/plantmetbench/runs/sweep_rgcn_L1_dot/rgcn_L1_h128_dot/seed_2/train.log

Run: sweep_rgcn_L1_dot  seed=2  →  /gpfs/home5/binal1/plantmetbench/runs/sweep_rgcn_L1_dot/rgcn_L1_h128_dot/seed_2
  Device: cuda  (NVIDIA H100)

Loading graph from /gpfs/home5/binal1/plantmetbench/data …
  Protein embeddings: 8,445/13,682 nodes covered (61.7%)  dim=960
  Removed 6 is_part_of edge type(s) and Pathway node store
  Removed 3 Organism edge type(s) and Organism node store
Loading taxa split …
  Conversion fingerprints: 19,927/84,470 nodes (23.6%)  dim=3072
  Ranking pool: 8,445/13,682 proteins have embeddings (61.7%)
Node types : ['GeneProduct', 'Interaction', 'Metabolite', 'Protein']
  GeneProduct  num_nodes=    6,480  x=(6480, 1024)
  Interaction  num_nodes=   84,470  x=(84470, 3072)
  Metabolite  num_nodes=   17,476  x=(17476, 1024)
  Protein     num_nodes=   13,682  x=(13682, 960)
 ----------- GNN = RGCN -----------
Running dummy forward pass to materialize weights...
Model: HeteroGNN  hidden_dim=128  num_layers=1  decoder=dot  dropout=0.3
  Edge types in GNN: 13
  Trainable parameters: 1,206,400
 Epoch     loss val_loss tst_loss  P-H@10   P-H@50   CP-AUC    time
──────────────────────────────────────────────────────────────────
     5   0.4534   1.2606    1.2719  0.0070   0.0510   0.5310    0.1s
    10   0.4325   1.3314    1.3509  0.0104   0.0185   0.5595    0.1s
    15   0.4008   1.0643    1.0847  0.0023   0.0452   0.6318    0.1s
    20   0.3782   1.1322    1.1718  0.0023   0.0626   0.6729    0.1s
    25   0.3640   1.2236    1.2824  0.0023   0.1101   0.6972    0.1s
    30   0.3453   1.0908    1.1533  0.0023   0.1182   0.7647    0.1s
    35   0.3290   1.1184    1.1879  0.0023   0.1251   0.7989    0.1s
    40   0.3178   1.0382    1.1005  0.0023   0.1448   0.8280    0.1s
    45   0.3027   0.9994    1.0582  0.0035   0.1680   0.8573    0.1s
    50   0.2917   0.9300    0.9842  0.0023   0.1587   0.8715    0.1s
    55   0.2817   0.9187    0.9676  0.0023   0.1634   0.8733    0.1s
    60   0.2705   0.8928    0.9381  0.0035   0.1472   0.8976    0.1s
    65   0.2605   0.8760    0.9286  0.0070   0.0800   0.9041    0.1s
    70   0.2537   0.8845    0.9500  0.0070   0.0487   0.8956    0.1s
    75   0.2454   0.9096    0.9902  0.0070   0.0545   0.9006    0.1s
    80   0.2379   0.9013    0.9869  0.0070   0.0406   0.8952    0.1s
    85   0.2310   0.8848    0.9628  0.0046   0.0348   0.9070    0.1s
    90   0.2236   0.9332    1.0068  0.0046   0.0336   0.8947    0.1s
    95   0.2179   0.9583    1.0300  0.0046   0.0371   0.8954    0.1s
   100   0.2109   0.9584    1.0301  0.0046   0.0371   0.8833    0.1s
   105   0.2086   1.0776    1.1721  0.0035   0.0429   0.9005    0.1s
   110   0.2030   1.0356    1.1233  0.0023   0.0417   0.8919    0.1s
   115   0.2004   0.9666    1.0428  0.0023   0.0394   0.8933    0.1s
   120   0.1966   1.0216    1.1242  0.0023   0.0406   0.9074    0.1s
   125   0.1924   1.1155    1.2368  0.0023   0.0394   0.8961    0.1s
   130   0.1908   1.1409    1.2510  0.0023   0.0359   0.8859    0.1s
   135   0.1869   1.0873    1.1930  0.0023   0.0336   0.8954    0.1s
   140   0.1843   1.1164    1.2413  0.0023   0.0394   0.8850    0.1s
   145   0.1814   1.2040    1.3321  0.0023   0.0359   0.8976    0.1s
   150   0.1814   1.2284    1.3691  0.0023   0.0382   0.8926    0.1s
   155   0.1765   1.1997    1.3351  0.0023   0.0348   0.8917    0.1s
   160   0.1773   1.3616    1.5090  0.0035   0.0440   0.8869    0.1s
   165   0.1782   1.2385    1.3759  0.0058   0.0440   0.8926    0.1s
   170   0.1729   1.2627    1.4012  0.0070   0.0510   0.8945    0.1s
   175   0.1705   1.2073    1.3299  0.0070   0.0545   0.8929    0.1s
   180   0.1669   1.1032    1.2098  0.0070   0.0568   0.8853    0.1s
   185   0.1683   1.1697    1.2876  0.0070   0.0695   0.8915    0.1s
   190   0.1705   1.3651    1.5131  0.0093   0.0660   0.8934    0.1s
   195   0.1671   1.4645    1.6329  0.0093   0.0695   0.8848    0.1s
   200   0.1634   1.4289    1.5926  0.0093   0.0834   0.8968    0.1s

Best checkpoint: epoch 46  val P-H@50 = 0.1692

── Final evaluation (best checkpoint) ──────────────────────────────
  val:
    P-H@1=0.0000  P-H@5=0.0023  P-H@10=0.0035  P-H@50=0.1692
    CP-AUC=0.8522  CP-AP=0.7953  loss=1.0031
  test:
    P-H@1=0.0000  P-H@5=0.0000  P-H@10=0.0032  P-H@50=0.0407
    CP-AUC=0.8428  CP-AP=0.7602  loss=1.0629

Report saved → /gpfs/home5/binal1/plantmetbench/runs/sweep_rgcn_L1_dot/rgcn_L1_h128_dot/seed_2/report_rgcn_epoch046.json
Checkpoint → /gpfs/home5/binal1/plantmetbench/runs/sweep_rgcn_L1_dot/rgcn_L1_h128_dot/seed_2/rgcn_L1_epoch046_best.pt
Log        → /gpfs/home5/binal1/plantmetbench/runs/sweep_rgcn_L1_dot/rgcn_L1_h128_dot/seed_2/train.log
History    → /gpfs/home5/binal1/plantmetbench/runs/sweep_rgcn_L1_dot/rgcn_L1_h128_dot/seed_2/history_rgcn_epoch046.json
# Log started at 2026-08-22T15:32:16.565915
# Log file: /gpfs/home5/binal1/plantmetbench/runs/sweep_rgcn_L1_dot/rgcn_L1_h128_dot/seed_3/train.log

Run: sweep_rgcn_L1_dot  seed=3  →  /gpfs/home5/binal1/plantmetbench/runs/sweep_rgcn_L1_dot/rgcn_L1_h128_dot/seed_3
  Device: cuda  (NVIDIA H100)

Loading graph from /gpfs/home5/binal1/plantmetbench/data …
  Protein embeddings: 8,445/13,682 nodes covered (61.7%)  dim=960
  Removed 6 is_part_of edge type(s) and Pathway node store
  Removed 3 Organism edge type(s) and Organism node store
Loading taxa split …
  Conversion fingerprints: 19,927/84,470 nodes (23.6%)  dim=3072
  Ranking pool: 8,445/13,682 proteins have embeddings (61.7%)
Node types : ['GeneProduct', 'Interaction', 'Metabolite', 'Protein']
  GeneProduct  num_nodes=    6,480  x=(6480, 1024)
  Interaction  num_nodes=   84,470  x=(84470, 3072)
  Metabolite  num_nodes=   17,476  x=(17476, 1024)
  Protein     num_nodes=   13,682  x=(13682, 960)
 ----------- GNN = RGCN -----------
Running dummy forward pass to materialize weights...
Model: HeteroGNN  hidden_dim=128  num_layers=1  decoder=dot  dropout=0.3
  Edge types in GNN: 13
  Trainable parameters: 1,206,400
 Epoch     loss val_loss tst_loss  P-H@10   P-H@50   CP-AUC    time
──────────────────────────────────────────────────────────────────
     5   0.4614   1.3765    1.4167  0.0000   0.0116   0.5155    0.1s
    10   0.4368   1.2973    1.3467  0.0023   0.0162   0.5468    0.1s
    15   0.4078   1.0728    1.1195  0.0046   0.0139   0.6048    0.1s
    20   0.3841   1.2102    1.2683  0.0000   0.0116   0.6446    0.1s
    25   0.3646   1.1511    1.2171  0.0000   0.0070   0.6868    0.1s
    30   0.3467   1.0860    1.1632  0.0000   0.0070   0.7656    0.1s
    35   0.3321   1.1239    1.2110  0.0000   0.0104   0.8004    0.1s
    40   0.3190   1.0304    1.1149  0.0000   0.0151   0.8229    0.1s
    45   0.3029   1.0448    1.1392  0.0012   0.0209   0.8486    0.1s
    50   0.2934   1.0100    1.1096  0.0046   0.0232   0.8616    0.1s
    55   0.2812   0.9423    1.0369  0.0116   0.0765   0.8665    0.1s
    60   0.2706   0.9427    1.0377  0.0139   0.0904   0.8884    0.1s
    65   0.2591   0.9097    1.0014  0.0081   0.0521   0.8898    0.1s
    70   0.2515   0.8972    0.9926  0.0023   0.0371   0.9043    0.1s
    75   0.2418   0.9252    1.0303  0.0023   0.0290   0.9058    0.1s
    80   0.2334   0.9359    1.0529  0.0023   0.0267   0.9059    0.1s
    85   0.2303   0.9437    1.0673  0.0023   0.0255   0.8982    0.1s
    90   0.2233   0.9558    1.0833  0.0023   0.0278   0.9028    0.1s
    95   0.2161   0.9844    1.1123  0.0046   0.0278   0.9083    0.1s
   100   0.2123   0.9916    1.1129  0.0058   0.0267   0.9001    0.1s
   105   0.2056   1.0054    1.1302  0.0058   0.0278   0.9021    0.1s
   110   0.2005   0.9827    1.0974  0.0081   0.0267   0.8984    0.1s
   115   0.1997   1.1015    1.2300  0.0070   0.0267   0.8989    0.1s
   120   0.1940   1.0289    1.1498  0.0081   0.0267   0.9018    0.1s
   125   0.1946   1.1441    1.2820  0.0046   0.0267   0.8954    0.1s
   130   0.1892   1.0237    1.1444  0.0070   0.0243   0.8939    0.1s
   135   0.1873   1.0945    1.2280  0.0070   0.0278   0.9021    0.1s
   140   0.1853   1.2144    1.3577  0.0070   0.0301   0.9195    0.1s
   145   0.1832   1.1916    1.3270  0.0070   0.0313   0.8948    0.1s
   150   0.1788   1.1557    1.2913  0.0081   0.0290   0.8953    0.1s
   155   0.1777   1.1761    1.3269  0.0081   0.0348   0.9041    0.1s
   160   0.1775   1.2547    1.4143  0.0081   0.0406   0.8950    0.1s
   165   0.1755   1.2995    1.4583  0.0046   0.0417   0.8986    0.1s
   170   0.1738   1.2694    1.4266  0.0093   0.0417   0.9001    0.1s
   175   0.1718   1.2457    1.4089  0.0104   0.0382   0.9003    0.1s
   180   0.1696   1.2229    1.3726  0.0116   0.0452   0.8872    0.1s
   185   0.1654   1.2547    1.4032  0.0116   0.0510   0.8987    0.1s
   190   0.1641   1.3725    1.5513  0.0127   0.0556   0.8972    0.1s
   195   0.1654   1.3307    1.4989  0.0127   0.0637   0.9027    0.1s
   200   0.1626   1.3845    1.5594  0.0139   0.0707   0.8892    0.1s

Best checkpoint: epoch 57  val P-H@50 = 0.0939

── Final evaluation (best checkpoint) ──────────────────────────────
  val:
    P-H@1=0.0000  P-H@5=0.0058  P-H@10=0.0127  P-H@50=0.0939
    CP-AUC=0.8779  CP-AP=0.8093  loss=0.9328
  test:
    P-H@1=0.0021  P-H@5=0.0032  P-H@10=0.0032  P-H@50=0.0343
    CP-AUC=0.8738  CP-AP=0.7898  loss=1.0261

Report saved → /gpfs/home5/binal1/plantmetbench/runs/sweep_rgcn_L1_dot/rgcn_L1_h128_dot/seed_3/report_rgcn_epoch057.json
Checkpoint → /gpfs/home5/binal1/plantmetbench/runs/sweep_rgcn_L1_dot/rgcn_L1_h128_dot/seed_3/rgcn_L1_epoch057_best.pt
Log        → /gpfs/home5/binal1/plantmetbench/runs/sweep_rgcn_L1_dot/rgcn_L1_h128_dot/seed_3/train.log
History    → /gpfs/home5/binal1/plantmetbench/runs/sweep_rgcn_L1_dot/rgcn_L1_h128_dot/seed_3/history_rgcn_epoch057.json
Remaining : ['--gnn-name', 'rgcn', '--num-layers', '1', '--decoder', 'dot', '--epochs', '200']
PlantMetBench — multi-seed training
  Seeds    : [42, 0, 1, 2, 3]
  Run name : sweep_rgcn_L1_dot
  Extra    : --gnn-name rgcn --num-layers 1 --decoder dot --epochs 200

======================================================================
  Seed 42  →  /gpfs/home5/binal1/plantmetbench/runs/sweep_rgcn_L1_dot/rgcn_L1_h128_dot/seed_42/
======================================================================

======================================================================
  Seed 0  →  /gpfs/home5/binal1/plantmetbench/runs/sweep_rgcn_L1_dot/rgcn_L1_h128_dot/seed_0/
======================================================================

======================================================================
  Seed 1  →  /gpfs/home5/binal1/plantmetbench/runs/sweep_rgcn_L1_dot/rgcn_L1_h128_dot/seed_1/
======================================================================

======================================================================
  Seed 2  →  /gpfs/home5/binal1/plantmetbench/runs/sweep_rgcn_L1_dot/rgcn_L1_h128_dot/seed_2/
======================================================================

======================================================================
  Seed 3  →  /gpfs/home5/binal1/plantmetbench/runs/sweep_rgcn_L1_dot/rgcn_L1_h128_dot/seed_3/
======================================================================

======================================================================
  Multi-seed summary
======================================================================
  Metric                    Mean       Std  n
  --------------------------------------------------
  val_ph50                0.1272    0.0425  5
  val_ph10                0.0093    0.0059  5
  val_ph1                 0.0000    0.0000  5
  val_ph5                 0.0039    0.0023  5
  val_cp_auc              0.8714    0.0282  5
  val_cp_ap               0.8152    0.0421  5
  test_ph50               0.0540    0.0194  5
  test_ph10               0.0045    0.0037  5
  test_ph1                0.0004    0.0010  5
  test_ph5                0.0011    0.0015  5
  test_cp_auc             0.8652    0.0306  5
  test_cp_ap              0.7912    0.0492  5
  best_epoch            108.0000   81.4156  5

Summary saved → /gpfs/home5/binal1/plantmetbench/runs/sweep_rgcn_L1_dot/seeds_summary_rgcn_L1_h128_dot.json
Summary saved → /gpfs/home5/binal1/plantmetbench/runs/sweep_rgcn_L1_dot/rgcn_L1_h128_dot/seeds_summary_rgcn_L1_h128_dot.json
