============================================================================================== 
Warning! Mixing Conda and module environments may lead to corruption of the
user environment. 
We do not recommend users mixing those two environments unless absolutely
necessary. Note that 
SURF does not provide any support for Conda environment.
For more information, please refer to our software policy page:
https://servicedesk.surf.nl/wiki/display/WIKI/Software+policy+Snellius#SoftwarepolicySnellius-UseofAnacondaandMinicondaenvironmentsonSnellius 

Remember that many packages have already been installed on the system and can
be loaded using 
the 'module load <package__name>' command. If you are uncertain if a package is
already available 
on the system, please use 'module avail' or 'module spider' to search for it.
============================================================================================== 

==================================================================
  Config: gnn-name=sage  num-layers=2  decoder=dot
  Run name: sweep_sage_L2_dot
==================================================================
# Log started at 2026-08-22T13:13:25.463268
# Log file: /gpfs/home5/binal1/plantmetbench/runs/sweep_sage_L2_dot/sage_L2_h128_dot/seed_42/train.log

Run: sweep_sage_L2_dot  seed=42  →  /gpfs/home5/binal1/plantmetbench/runs/sweep_sage_L2_dot/sage_L2_h128_dot/seed_42
  Device: cuda  (NVIDIA H100)

Loading graph from /gpfs/home5/binal1/plantmetbench/data …
  Protein embeddings: 8,445/13,682 nodes covered (61.7%)  dim=960
  Removed 6 is_part_of edge type(s) and Pathway node store
  Removed 3 Organism edge type(s) and Organism node store
Loading taxa split …
  Conversion fingerprints: 19,927/84,470 nodes (23.6%)  dim=3072
  Ranking pool: 8,445/13,682 proteins have embeddings (61.7%)

────────────────────────────────────────────────────────────────────────
Dataset summary
────────────────────────────────────────────────────────────────────────
  Target edge : ('Protein', 'catalyzes', 'Interaction')

Node types:
  GeneProduct   num_nodes=    6,480  x=(6480, 1024)
  Interaction   num_nodes=   84,470  x=(84470, 3072)
  Metabolite    num_nodes=   17,476  x=(17476, 1024)
  Protein       num_nodes=   13,682  x=(13682, 960)
Edge types:
  ('GeneProduct', 'encodes', 'Protein')               num_edges=     2,762
  ('GeneProduct', 'is_about', 'GeneProduct')          num_edges=     4,580
  ('Interaction', 'is_about', 'Interaction')          num_edges=    29,740
  ('Interaction', 'participants', 'Interaction')      num_edges=     9,813
  ('Interaction', 'participants', 'Metabolite')       num_edges=    34,793
  ('Interaction', 'source', 'Metabolite')             num_edges=     7,554
  ('Interaction', 'target', 'Interaction')            num_edges=        17
  ('Interaction', 'target', 'Metabolite')             num_edges=    18,622
  ('Metabolite', 'is_about', 'Metabolite')            num_edges=    12,812
  ('Protein', 'catalyzes', 'Interaction')             num_edges=     7,655
  ('Protein', 'encoded_by', 'GeneProduct')            num_edges=     2,762
  ('Protein', 'is_about', 'GeneProduct')              num_edges=        83
  ('Protein', 'is_about', 'Protein')                  num_edges=     9,932

  Positive edge splits:
    train    9,569 edges
    val      1,211 edges
    test     1,200 edges

  Ranking pool : 8,445 proteins  (embedded only)
  Random P-H@50: 0.0059  (0.59%)
────────────────────────────────────────────────────────────────────────

Node types : ['GeneProduct', 'Interaction', 'Metabolite', 'Protein']
  GeneProduct  num_nodes=    6,480  x=(6480, 1024)
  Interaction  num_nodes=   84,470  x=(84470, 3072)
  Metabolite  num_nodes=   17,476  x=(17476, 1024)
  Protein     num_nodes=   13,682  x=(13682, 960)
 -------- GNN = SAGE ------------
Running dummy forward pass to materialize weights...
Model: HeteroGNN  hidden_dim=128  num_layers=2  decoder=dot  dropout=0.3
  Edge types in GNN: 13
  Trainable parameters: 6,409,472
 Epoch     loss val_loss tst_loss  P-H@10   P-H@50   CP-AUC    time
──────────────────────────────────────────────────────────────────
     5   0.4236   1.0784    1.1158  0.0000   0.0243   0.6981    0.2s
    10   0.3775   1.1181    1.1474  0.0220   0.0487   0.8090    0.2s
    15   0.3483   0.8727    0.9112  0.0174   0.0962   0.8547    0.2s
    20   0.3270   1.0186    1.0790  0.0185   0.0927   0.8729    0.2s
    25   0.3066   0.8998    0.9723  0.0127   0.1263   0.8899    0.2s
    30   0.2898   0.9270    1.0225  0.0081   0.1101   0.8814    0.2s
    35   0.2739   0.9447    1.0506  0.0070   0.1031   0.8818    0.2s
    40   0.2603   0.9631    1.0770  0.0058   0.0823   0.8839    0.2s
    45   0.2463   0.9851    1.1000  0.0139   0.0603   0.9004    0.2s
    50   0.2370   0.9861    1.1000  0.0197   0.0730   0.8937    0.2s
    55   0.2246   0.9962    1.1048  0.0185   0.0649   0.8918    0.2s
    60   0.2162   1.0311    1.1331  0.0162   0.0637   0.8922    0.2s
    65   0.2090   1.0665    1.1616  0.0127   0.0846   0.8968    0.2s
    70   0.2023   1.0360    1.1311  0.0127   0.1124   0.9060    0.2s
    75   0.1969   1.0893    1.1745  0.0093   0.0788   0.9067    0.2s
    80   0.1896   1.0852    1.1597  0.0116   0.0672   0.9186    0.2s
    85   0.1864   1.1816    1.2531  0.0058   0.0603   0.9090    0.2s
    90   0.1815   1.1976    1.2673  0.0070   0.0834   0.8943    0.2s
    95   0.1753   1.2252    1.2926  0.0012   0.0800   0.9089    0.2s
   100   0.1702   1.2158    1.2597  0.0012   0.1008   0.9060    0.2s
   105   0.1672   1.2435    1.2897  0.0012   0.0997   0.9088    0.2s
   110   0.1622   1.3191    1.3687  0.0012   0.1031   0.9085    0.2s
   115   0.1592   1.3539    1.3903  0.0012   0.1066   0.9056    0.2s
   120   0.1563   1.3379    1.3873  0.0012   0.1194   0.9026    0.2s
   125   0.1498   1.3798    1.4147  0.0012   0.1159   0.9110    0.2s
   130   0.1461   1.3873    1.4294  0.0012   0.1437   0.9076    0.2s
   135   0.1448   1.4334    1.4700  0.0023   0.1553   0.9145    0.2s
   140   0.1387   1.4548    1.4980  0.0012   0.1240   0.8990    0.2s
   145   0.1404   1.5860    1.6302  0.0012   0.1205   0.8943    0.2s
   150   0.1367   1.5665    1.5779  0.0012   0.1228   0.8994    0.2s
   155   0.1345   1.6502    1.6278  0.0035   0.1460   0.9031    0.2s
   160   0.1336   1.6209    1.6258  0.0023   0.1541   0.9027    0.2s
   165   0.1303   1.6814    1.6681  0.0012   0.1472   0.9049    0.2s
   170   0.1310   1.7345    1.7304  0.0012   0.1228   0.9024    0.2s
   175   0.1267   1.8021    1.8044  0.0012   0.1275   0.9034    0.2s
   180   0.1242   1.8344    1.8278  0.0012   0.1622   0.8969    0.2s
   185   0.1220   1.8181    1.8179  0.0012   0.1784   0.9051    0.2s
   190   0.1261   1.8744    1.8815  0.0081   0.1773   0.9088    0.2s
   195   0.1217   2.0046    1.9975  0.0081   0.1738   0.9080    0.2s
   200   0.1198   1.9835    1.9791  0.0070   0.1877   0.9078    0.2s

Best checkpoint: epoch 199  val P-H@50 = 0.1912

── Final evaluation (best checkpoint) ──────────────────────────────
  val:
    P-H@1=0.0000  P-H@5=0.0012  P-H@10=0.0070  P-H@50=0.1912
    CP-AUC=0.9046  CP-AP=0.8857  loss=1.9108
  test:
    P-H@1=0.0064  P-H@5=0.0257  P-H@10=0.0300  P-H@50=0.2163
    CP-AUC=0.9085  CP-AP=0.8810  loss=1.9036

Report saved → /gpfs/home5/binal1/plantmetbench/runs/sweep_sage_L2_dot/sage_L2_h128_dot/seed_42/report_sage_epoch199.json
Checkpoint → /gpfs/home5/binal1/plantmetbench/runs/sweep_sage_L2_dot/sage_L2_h128_dot/seed_42/sage_L2_epoch199_best.pt
Log        → /gpfs/home5/binal1/plantmetbench/runs/sweep_sage_L2_dot/sage_L2_h128_dot/seed_42/train.log
History    → /gpfs/home5/binal1/plantmetbench/runs/sweep_sage_L2_dot/sage_L2_h128_dot/seed_42/history_sage_epoch199.json
# Log started at 2026-08-22T13:14:27.042158
# Log file: /gpfs/home5/binal1/plantmetbench/runs/sweep_sage_L2_dot/sage_L2_h128_dot/seed_0/train.log

Run: sweep_sage_L2_dot  seed=0  →  /gpfs/home5/binal1/plantmetbench/runs/sweep_sage_L2_dot/sage_L2_h128_dot/seed_0
  Device: cuda  (NVIDIA H100)

Loading graph from /gpfs/home5/binal1/plantmetbench/data …
  Protein embeddings: 8,445/13,682 nodes covered (61.7%)  dim=960
  Removed 6 is_part_of edge type(s) and Pathway node store
  Removed 3 Organism edge type(s) and Organism node store
Loading taxa split …
  Conversion fingerprints: 19,927/84,470 nodes (23.6%)  dim=3072
  Ranking pool: 8,445/13,682 proteins have embeddings (61.7%)
Node types : ['GeneProduct', 'Interaction', 'Metabolite', 'Protein']
  GeneProduct  num_nodes=    6,480  x=(6480, 1024)
  Interaction  num_nodes=   84,470  x=(84470, 3072)
  Metabolite  num_nodes=   17,476  x=(17476, 1024)
  Protein     num_nodes=   13,682  x=(13682, 960)
 -------- GNN = SAGE ------------
Running dummy forward pass to materialize weights...
Model: HeteroGNN  hidden_dim=128  num_layers=2  decoder=dot  dropout=0.3
  Edge types in GNN: 13
  Trainable parameters: 6,409,472
 Epoch     loss val_loss tst_loss  P-H@10   P-H@50   CP-AUC    time
──────────────────────────────────────────────────────────────────
     5   0.4213   1.0659    1.1435  0.0046   0.0510   0.6730    0.2s
    10   0.3761   1.1692    1.2446  0.0151   0.0707   0.7495    0.2s
    15   0.3483   0.8938    0.9439  0.0185   0.1066   0.8457    0.2s
    20   0.3246   1.0367    1.1100  0.0151   0.1506   0.8662    0.2s
    25   0.3068   0.9020    0.9710  0.0185   0.1599   0.8896    0.2s
    30   0.2896   0.9004    0.9800  0.0151   0.1622   0.8769    0.2s
    35   0.2726   0.8796    0.9660  0.0046   0.1506   0.9015    0.2s
    40   0.2596   0.9628    1.0690  0.0046   0.1576   0.8938    0.2s
    45   0.2454   0.9279    1.0204  0.0070   0.1425   0.9020    0.2s
    50   0.2352   0.9443    1.0319  0.0070   0.0614   0.9073    0.2s
    55   0.2253   0.9488    1.0522  0.0127   0.1054   0.9038    0.2s
    60   0.2160   0.9882    1.0739  0.0127   0.0823   0.9018    0.2s
    65   0.2095   1.0424    1.1366  0.0058   0.0753   0.9012    0.2s
    70   0.2050   1.0992    1.2029  0.0000   0.0904   0.9080    0.2s
    75   0.2014   1.1077    1.2115  0.0046   0.0846   0.9000    0.2s
    80   0.1920   1.1133    1.2117  0.0023   0.0973   0.9129    0.2s
    85   0.1878   1.1051    1.1900  0.0000   0.1101   0.9045    0.2s
    90   0.1832   1.1600    1.2499  0.0012   0.1089   0.9047    0.2s
    95   0.1794   1.2510    1.3516  0.0000   0.0973   0.9049    0.2s
   100   0.1733   1.2347    1.3377  0.0000   0.1112   0.9017    0.2s
   105   0.1702   1.2252    1.3132  0.0046   0.1309   0.9111    0.2s
   110   0.1660   1.3290    1.4234  0.0058   0.1008   0.8937    0.2s
   115   0.1631   1.3509    1.4550  0.0035   0.0823   0.9208    0.2s
   120   0.1604   1.4074    1.4990  0.0081   0.0765   0.9091    0.2s
   125   0.1570   1.4387    1.5489  0.0035   0.0927   0.9069    0.2s
   130   0.1506   1.4432    1.5525  0.0070   0.1124   0.9035    0.2s
   135   0.1511   1.4534    1.5501  0.0081   0.1066   0.9038    0.2s
   140   0.1434   1.4963    1.5977  0.0070   0.0788   0.9000    0.2s
   145   0.1424   1.4275    1.5150  0.0070   0.1089   0.9009    0.2s
   150   0.1441   1.5417    1.6388  0.0070   0.0869   0.9109    0.2s
   155   0.1389   1.6085    1.7238  0.0035   0.1240   0.9071    0.2s
   160   0.1354   1.6569    1.7686  0.0058   0.1367   0.9046    0.2s
   165   0.1353   1.6732    1.7872  0.0070   0.1321   0.9040    0.2s
   170   0.1338   1.6961    1.8098  0.0058   0.1205   0.9082    0.2s
   175   0.1325   1.7871    1.9145  0.0046   0.1309   0.9058    0.2s
   180   0.1293   1.8216    1.9313  0.0046   0.1275   0.9013    0.2s
   185   0.1297   1.8303    1.9631  0.0046   0.1425   0.8951    0.2s
   190   0.1289   1.8649    2.0028  0.0035   0.1483   0.8975    0.2s
   195   0.1263   1.8659    2.0343  0.0046   0.1136   0.8998    0.2s
   200   0.1281   1.9420    2.0834  0.0070   0.1286   0.9023    0.2s

Best checkpoint: epoch 27  val P-H@50 = 0.1680

── Final evaluation (best checkpoint) ──────────────────────────────
  val:
    P-H@1=0.0012  P-H@5=0.0046  P-H@10=0.0174  P-H@50=0.1680
    CP-AUC=0.8843  CP-AP=0.8345  loss=0.9135
  test:
    P-H@1=0.0000  P-H@5=0.0000  P-H@10=0.0011  P-H@50=0.0749
    CP-AUC=0.8763  CP-AP=0.8101  loss=0.9847

Report saved → /gpfs/home5/binal1/plantmetbench/runs/sweep_sage_L2_dot/sage_L2_h128_dot/seed_0/report_sage_epoch027.json
Checkpoint → /gpfs/home5/binal1/plantmetbench/runs/sweep_sage_L2_dot/sage_L2_h128_dot/seed_0/sage_L2_epoch027_best.pt
Log        → /gpfs/home5/binal1/plantmetbench/runs/sweep_sage_L2_dot/sage_L2_h128_dot/seed_0/train.log
History    → /gpfs/home5/binal1/plantmetbench/runs/sweep_sage_L2_dot/sage_L2_h128_dot/seed_0/history_sage_epoch027.json
# Log started at 2026-08-22T13:15:29.132599
# Log file: /gpfs/home5/binal1/plantmetbench/runs/sweep_sage_L2_dot/sage_L2_h128_dot/seed_1/train.log

Run: sweep_sage_L2_dot  seed=1  →  /gpfs/home5/binal1/plantmetbench/runs/sweep_sage_L2_dot/sage_L2_h128_dot/seed_1
  Device: cuda  (NVIDIA H100)

Loading graph from /gpfs/home5/binal1/plantmetbench/data …
  Protein embeddings: 8,445/13,682 nodes covered (61.7%)  dim=960
  Removed 6 is_part_of edge type(s) and Pathway node store
  Removed 3 Organism edge type(s) and Organism node store
Loading taxa split …
  Conversion fingerprints: 19,927/84,470 nodes (23.6%)  dim=3072
  Ranking pool: 8,445/13,682 proteins have embeddings (61.7%)
Node types : ['GeneProduct', 'Interaction', 'Metabolite', 'Protein']
  GeneProduct  num_nodes=    6,480  x=(6480, 1024)
  Interaction  num_nodes=   84,470  x=(84470, 3072)
  Metabolite  num_nodes=   17,476  x=(17476, 1024)
  Protein     num_nodes=   13,682  x=(13682, 960)
 -------- GNN = SAGE ------------
Running dummy forward pass to materialize weights...
Model: HeteroGNN  hidden_dim=128  num_layers=2  decoder=dot  dropout=0.3
  Edge types in GNN: 13
  Trainable parameters: 6,409,472
 Epoch     loss val_loss tst_loss  P-H@10   P-H@50   CP-AUC    time
──────────────────────────────────────────────────────────────────
     5   0.4501   1.2004    1.2666  0.0000   0.0058   0.6230    0.2s
    10   0.3979   1.2180    1.2741  0.0220   0.0788   0.7203    0.2s
    15   0.3653   0.9828    1.0283  0.0162   0.1379   0.8157    0.2s
    20   0.3413   1.0531    1.1074  0.0093   0.1425   0.8374    0.2s
    25   0.3140   0.9543    1.0116  0.0104   0.1136   0.8630    0.2s
    30   0.2971   0.9276    1.0127  0.0116   0.0950   0.8607    0.2s
    35   0.2814   0.9127    1.0083  0.0070   0.0950   0.8859    0.2s
    40   0.2664   0.9783    1.0862  0.0058   0.1159   0.8741    0.2s
    45   0.2550   0.9411    1.0338  0.0093   0.1101   0.8915    0.2s
    50   0.2426   0.9783    1.0692  0.0139   0.0950   0.8891    0.2s
    55   0.2351   1.0167    1.1283  0.0127   0.1112   0.8968    0.2s
    60   0.2260   1.0100    1.1014  0.0151   0.0927   0.8945    0.2s
    65   0.2196   1.0228    1.0954  0.0116   0.0997   0.9041    0.2s
    70   0.2115   1.0428    1.1326  0.0162   0.1008   0.9051    0.2s
    75   0.2024   1.0724    1.1585  0.0151   0.1101   0.9087    0.2s
    80   0.1982   1.0845    1.1788  0.0151   0.1275   0.9056    0.2s
    85   0.1942   1.1545    1.2492  0.0139   0.1054   0.8968    0.2s
    90   0.1860   1.1288    1.2089  0.0127   0.1089   0.9081    0.2s
    95   0.1820   1.1601    1.2245  0.0127   0.1147   0.9075    0.2s
   100   0.1786   1.1827    1.2590  0.0127   0.1344   0.9083    0.2s
   105   0.1728   1.2279    1.3077  0.0116   0.1356   0.9013    0.2s
   110   0.1714   1.3187    1.4196  0.0116   0.1228   0.9190    0.2s
   115   0.1690   1.3480    1.4214  0.0127   0.1182   0.9121    0.2s
   120   0.1643   1.3264    1.3939  0.0174   0.1205   0.8913    0.2s
   125   0.1579   1.3282    1.3986  0.0197   0.1205   0.8998    0.2s
   130   0.1564   1.4172    1.5146  0.0139   0.1530   0.9077    0.2s
   135   0.1538   1.4450    1.5220  0.0232   0.1669   0.9066    0.2s
   140   0.1494   1.5209    1.6090  0.0255   0.1564   0.9040    0.2s
   145   0.1468   1.4969    1.6009  0.0116   0.1645   0.9061    0.2s
   150   0.1439   1.5420    1.6438  0.0127   0.1576   0.9039    0.2s
   155   0.1383   1.5708    1.6643  0.0139   0.1448   0.9105    0.2s
   160   0.1402   1.5875    1.7055  0.0267   0.1703   0.9018    0.2s
   165   0.1379   1.5697    1.6782  0.0278   0.1738   0.8984    0.2s
   170   0.1367   1.6640    1.7730  0.0324   0.1750   0.9043    0.2s
   175   0.1351   1.7570    1.8917  0.0197   0.1738   0.9006    0.2s
   180   0.1316   1.7526    1.9022  0.0174   0.1773   0.8999    0.2s
   185   0.1312   1.7456    1.8825  0.0255   0.1831   0.9004    0.2s
   190   0.1294   1.7810    1.9626  0.0232   0.1773   0.8988    0.2s
   195   0.1275   1.7775    1.9375  0.0243   0.1750   0.9100    0.2s
   200   0.1269   1.8309    2.0072  0.0127   0.1703   0.9027    0.2s

Best checkpoint: epoch 184  val P-H@50 = 0.1854

── Final evaluation (best checkpoint) ──────────────────────────────
  val:
    P-H@1=0.0000  P-H@5=0.0058  P-H@10=0.0243  P-H@50=0.1854
    CP-AUC=0.9025  CP-AP=0.8737  loss=1.8208
  test:
    P-H@1=0.0000  P-H@5=0.0075  P-H@10=0.0268  P-H@50=0.1585
    CP-AUC=0.8966  CP-AP=0.8628  loss=1.9524

Report saved → /gpfs/home5/binal1/plantmetbench/runs/sweep_sage_L2_dot/sage_L2_h128_dot/seed_1/report_sage_epoch184.json
Checkpoint → /gpfs/home5/binal1/plantmetbench/runs/sweep_sage_L2_dot/sage_L2_h128_dot/seed_1/sage_L2_epoch184_best.pt
Log        → /gpfs/home5/binal1/plantmetbench/runs/sweep_sage_L2_dot/sage_L2_h128_dot/seed_1/train.log
History    → /gpfs/home5/binal1/plantmetbench/runs/sweep_sage_L2_dot/sage_L2_h128_dot/seed_1/history_sage_epoch184.json
# Log started at 2026-08-22T13:16:30.465171
# Log file: /gpfs/home5/binal1/plantmetbench/runs/sweep_sage_L2_dot/sage_L2_h128_dot/seed_2/train.log

Run: sweep_sage_L2_dot  seed=2  →  /gpfs/home5/binal1/plantmetbench/runs/sweep_sage_L2_dot/sage_L2_h128_dot/seed_2
  Device: cuda  (NVIDIA H100)

Loading graph from /gpfs/home5/binal1/plantmetbench/data …
  Protein embeddings: 8,445/13,682 nodes covered (61.7%)  dim=960
  Removed 6 is_part_of edge type(s) and Pathway node store
  Removed 3 Organism edge type(s) and Organism node store
Loading taxa split …
  Conversion fingerprints: 19,927/84,470 nodes (23.6%)  dim=3072
  Ranking pool: 8,445/13,682 proteins have embeddings (61.7%)
Node types : ['GeneProduct', 'Interaction', 'Metabolite', 'Protein']
  GeneProduct  num_nodes=    6,480  x=(6480, 1024)
  Interaction  num_nodes=   84,470  x=(84470, 3072)
  Metabolite  num_nodes=   17,476  x=(17476, 1024)
  Protein     num_nodes=   13,682  x=(13682, 960)
 -------- GNN = SAGE ------------
Running dummy forward pass to materialize weights...
Model: HeteroGNN  hidden_dim=128  num_layers=2  decoder=dot  dropout=0.3
  Edge types in GNN: 13
  Trainable parameters: 6,409,472
 Epoch     loss val_loss tst_loss  P-H@10   P-H@50   CP-AUC    time
──────────────────────────────────────────────────────────────────
     5   0.4689   1.3384    1.4007  0.0000   0.0162   0.6515    0.2s
    10   0.4093   1.1179    1.1746  0.0035   0.0429   0.7410    0.2s
    15   0.3679   0.9722    1.0115  0.0070   0.1008   0.8265    0.2s
    20   0.3358   1.0881    1.1442  0.0232   0.1333   0.8551    0.2s
    25   0.3192   0.9224    0.9710  0.0127   0.1136   0.8741    0.2s
    30   0.2956   0.9171    0.9935  0.0081   0.0707   0.8755    0.2s
    35   0.2792   0.9452    1.0434  0.0070   0.0591   0.8817    0.2s
    40   0.2656   0.9687    1.0718  0.0070   0.0591   0.8864    0.2s
    45   0.2509   1.0182    1.1300  0.0058   0.0603   0.8898    0.2s
    50   0.2414   0.9885    1.0945  0.0058   0.0603   0.8996    0.2s
    55   0.2315   1.0231    1.1308  0.0058   0.0649   0.8908    0.2s
    60   0.2194   1.0590    1.1613  0.0070   0.0591   0.9047    0.2s
    65   0.2119   1.1118    1.2169  0.0046   0.0660   0.9036    0.2s
    70   0.2074   1.1158    1.2274  0.0046   0.0730   0.8997    0.2s
    75   0.2012   1.1431    1.2553  0.0035   0.0660   0.9000    0.2s
    80   0.1959   1.1585    1.2800  0.0035   0.0707   0.8992    0.2s
    85   0.1926   1.1877    1.2796  0.0035   0.0660   0.9093    0.2s
    90   0.1845   1.1874    1.2917  0.0035   0.0718   0.9004    0.2s
    95   0.1800   1.2164    1.3294  0.0035   0.0672   0.8989    0.2s
   100   0.1739   1.2466    1.3648  0.0058   0.0672   0.8855    0.2s
   105   0.1714   1.2636    1.3645  0.0035   0.0776   0.9033    0.2s
   110   0.1662   1.2813    1.3616  0.0035   0.0985   0.9041    0.2s
   115   0.1639   1.3153    1.4116  0.0035   0.1147   0.9036    0.2s
   120   0.1602   1.3352    1.4332  0.0035   0.0869   0.9128    0.2s
   125   0.1554   1.4356    1.5388  0.0035   0.0718   0.9021    0.2s
   130   0.1535   1.4406    1.5342  0.0035   0.0997   0.8941    0.2s
   135   0.1502   1.4717    1.5832  0.0035   0.1263   0.9022    0.2s
   140   0.1482   1.5289    1.6317  0.0000   0.0927   0.8960    0.2s
   145   0.1461   1.5565    1.6430  0.0058   0.1159   0.9038    0.2s
   150   0.1437   1.6276    1.7294  0.0023   0.1101   0.8994    0.2s
   155   0.1393   1.5740    1.6573  0.0093   0.1136   0.8985    0.2s
   160   0.1376   1.6077    1.7047  0.0093   0.1263   0.9008    0.2s
   165   0.1349   1.7021    1.8207  0.0081   0.1240   0.8974    0.2s
   170   0.1339   1.6951    1.7738  0.0058   0.1263   0.9032    0.2s
   175   0.1313   1.6956    1.7962  0.0116   0.1205   0.9032    0.2s
   180   0.1276   1.7493    1.8591  0.0104   0.1390   0.8939    0.2s
   185   0.1316   1.8292    1.9446  0.0081   0.1240   0.8996    0.2s
   190   0.1271   1.7530    1.8617  0.0081   0.1217   0.9006    0.2s
   195   0.1239   1.8253    1.9460  0.0081   0.1194   0.8924    0.2s
   200   0.1245   1.8567    1.9893  0.0081   0.1182   0.9003    0.2s

Best checkpoint: epoch 179  val P-H@50 = 0.1414

── Final evaluation (best checkpoint) ──────────────────────────────
  val:
    P-H@1=0.0000  P-H@5=0.0035  P-H@10=0.0104  P-H@50=0.1414
    CP-AUC=0.8893  CP-AP=0.8487  loss=1.7538
  test:
    P-H@1=0.0054  P-H@5=0.0182  P-H@10=0.0353  P-H@50=0.1510
    CP-AUC=0.8976  CP-AP=0.8631  loss=1.8693

Report saved → /gpfs/home5/binal1/plantmetbench/runs/sweep_sage_L2_dot/sage_L2_h128_dot/seed_2/report_sage_epoch179.json
Checkpoint → /gpfs/home5/binal1/plantmetbench/runs/sweep_sage_L2_dot/sage_L2_h128_dot/seed_2/sage_L2_epoch179_best.pt
Log        → /gpfs/home5/binal1/plantmetbench/runs/sweep_sage_L2_dot/sage_L2_h128_dot/seed_2/train.log
History    → /gpfs/home5/binal1/plantmetbench/runs/sweep_sage_L2_dot/sage_L2_h128_dot/seed_2/history_sage_epoch179.json
# Log started at 2026-08-22T13:17:31.018982
# Log file: /gpfs/home5/binal1/plantmetbench/runs/sweep_sage_L2_dot/sage_L2_h128_dot/seed_3/train.log

Run: sweep_sage_L2_dot  seed=3  →  /gpfs/home5/binal1/plantmetbench/runs/sweep_sage_L2_dot/sage_L2_h128_dot/seed_3
  Device: cuda  (NVIDIA H100)

Loading graph from /gpfs/home5/binal1/plantmetbench/data …
  Protein embeddings: 8,445/13,682 nodes covered (61.7%)  dim=960
  Removed 6 is_part_of edge type(s) and Pathway node store
  Removed 3 Organism edge type(s) and Organism node store
Loading taxa split …
  Conversion fingerprints: 19,927/84,470 nodes (23.6%)  dim=3072
  Ranking pool: 8,445/13,682 proteins have embeddings (61.7%)
Node types : ['GeneProduct', 'Interaction', 'Metabolite', 'Protein']
  GeneProduct  num_nodes=    6,480  x=(6480, 1024)
  Interaction  num_nodes=   84,470  x=(84470, 3072)
  Metabolite  num_nodes=   17,476  x=(17476, 1024)
  Protein     num_nodes=   13,682  x=(13682, 960)
 -------- GNN = SAGE ------------
Running dummy forward pass to materialize weights...
Model: HeteroGNN  hidden_dim=128  num_layers=2  decoder=dot  dropout=0.3
  Edge types in GNN: 13
  Trainable parameters: 6,409,472
 Epoch     loss val_loss tst_loss  P-H@10   P-H@50   CP-AUC    time
──────────────────────────────────────────────────────────────────
     5   0.4692   1.3374    1.3891  0.0035   0.0093   0.5971    0.2s
    10   0.4066   1.0751    1.1369  0.0104   0.0475   0.7348    0.2s
    15   0.3672   1.0110    1.0734  0.0209   0.1031   0.8239    0.2s
    20   0.3400   1.0131    1.0988  0.0116   0.1460   0.8559    0.2s
    25   0.3183   0.8987    0.9955  0.0116   0.0788   0.8672    0.2s
    30   0.2998   0.9390    1.0557  0.0081   0.0660   0.8963    0.2s
    35   0.2846   0.9497    1.0765  0.0116   0.0834   0.8964    0.2s
    40   0.2693   0.9420    1.0734  0.0116   0.0811   0.8926    0.2s
    45   0.2541   0.9628    1.1029  0.0093   0.1124   0.8919    0.2s
    50   0.2479   0.9606    1.0946  0.0093   0.0985   0.9032    0.2s
    55   0.2364   0.9895    1.1240  0.0058   0.0811   0.9019    0.2s
    60   0.2322   0.9760    1.1051  0.0081   0.0881   0.9079    0.2s
    65   0.2217   0.9876    1.1191  0.0070   0.1078   0.9059    0.2s
    70   0.2153   0.9983    1.1293  0.0081   0.1101   0.9070    0.2s
    75   0.2078   1.0137    1.1379  0.0070   0.1170   0.9079    0.2s
    80   0.2016   1.0220    1.1553  0.0116   0.1263   0.9077    0.2s
    85   0.1980   1.0799    1.1952  0.0046   0.1344   0.9057    0.2s
    90   0.1918   1.1097    1.2226  0.0035   0.1425   0.9019    0.2s
    95   0.1850   1.0901    1.2072  0.0046   0.1356   0.9154    0.2s
   100   0.1822   1.1193    1.2342  0.0035   0.1472   0.9067    0.2s
   105   0.1748   1.1986    1.3398  0.0035   0.1437   0.9048    0.2s
   110   0.1719   1.1656    1.3103  0.0058   0.1518   0.9059    0.2s
   115   0.1711   1.2062    1.3360  0.0197   0.1530   0.9079    0.2s
   120   0.1653   1.2613    1.4020  0.0197   0.1506   0.9039    0.2s
   125   0.1669   1.3090    1.4550  0.0035   0.1495   0.9034    0.2s
   130   0.1618   1.3270    1.4633  0.0081   0.1367   0.9014    0.2s
   135   0.1583   1.2764    1.4220  0.0035   0.1530   0.9080    0.2s
   140   0.1549   1.2827    1.4219  0.0023   0.1553   0.9234    0.2s
   145   0.1523   1.3677    1.5038  0.0058   0.1530   0.9038    0.2s
   150   0.1487   1.3792    1.5311  0.0081   0.1611   0.9016    0.2s
   155   0.1444   1.4442    1.6030  0.0035   0.1599   0.9093    0.2s
   160   0.1444   1.4396    1.6141  0.0093   0.1506   0.9044    0.2s
   165   0.1446   1.4961    1.6565  0.0104   0.1645   0.9085    0.2s
   170   0.1410   1.5476    1.7164  0.0093   0.1622   0.9097    0.2s
   175   0.1380   1.5716    1.7254  0.0093   0.1333   0.9082    0.2s
   180   0.1378   1.5782    1.7563  0.0093   0.1564   0.8981    0.2s
   185   0.1331   1.5659    1.7404  0.0093   0.1727   0.9092    0.2s
   190   0.1318   1.6134    1.8146  0.0070   0.1958   0.9050    0.2s
   195   0.1357   1.7033    1.9144  0.0070   0.1854   0.9119    0.2s
   200   0.1293   1.6870    1.8916  0.0070   0.1831   0.8980    0.2s

Best checkpoint: epoch 189  val P-H@50 = 0.1981

── Final evaluation (best checkpoint) ──────────────────────────────
  val:
    P-H@1=0.0000  P-H@5=0.0000  P-H@10=0.0093  P-H@50=0.1981
    CP-AUC=0.9050  CP-AP=0.8812  loss=1.6184
  test:
    P-H@1=0.0000  P-H@5=0.0086  P-H@10=0.0278  P-H@50=0.1349
    CP-AUC=0.9049  CP-AP=0.8808  loss=1.8169

Report saved → /gpfs/home5/binal1/plantmetbench/runs/sweep_sage_L2_dot/sage_L2_h128_dot/seed_3/report_sage_epoch189.json
Checkpoint → /gpfs/home5/binal1/plantmetbench/runs/sweep_sage_L2_dot/sage_L2_h128_dot/seed_3/sage_L2_epoch189_best.pt
Log        → /gpfs/home5/binal1/plantmetbench/runs/sweep_sage_L2_dot/sage_L2_h128_dot/seed_3/train.log
History    → /gpfs/home5/binal1/plantmetbench/runs/sweep_sage_L2_dot/sage_L2_h128_dot/seed_3/history_sage_epoch189.json
Remaining : ['--gnn-name', 'sage', '--num-layers', '2', '--decoder', 'dot', '--epochs', '200']
PlantMetBench — multi-seed training
  Seeds    : [42, 0, 1, 2, 3]
  Run name : sweep_sage_L2_dot
  Extra    : --gnn-name sage --num-layers 2 --decoder dot --epochs 200

======================================================================
  Seed 42  →  /gpfs/home5/binal1/plantmetbench/runs/sweep_sage_L2_dot/sage_L2_h128_dot/seed_42/
======================================================================

======================================================================
  Seed 0  →  /gpfs/home5/binal1/plantmetbench/runs/sweep_sage_L2_dot/sage_L2_h128_dot/seed_0/
======================================================================

======================================================================
  Seed 1  →  /gpfs/home5/binal1/plantmetbench/runs/sweep_sage_L2_dot/sage_L2_h128_dot/seed_1/
======================================================================

======================================================================
  Seed 2  →  /gpfs/home5/binal1/plantmetbench/runs/sweep_sage_L2_dot/sage_L2_h128_dot/seed_2/
======================================================================

======================================================================
  Seed 3  →  /gpfs/home5/binal1/plantmetbench/runs/sweep_sage_L2_dot/sage_L2_h128_dot/seed_3/
======================================================================

======================================================================
  Multi-seed summary
======================================================================
  Metric                    Mean       Std  n
  --------------------------------------------------
  val_ph50                0.1768    0.0227  5
  val_ph10                0.0137    0.0071  5
  val_ph1                 0.0002    0.0005  5
  val_ph5                 0.0030    0.0024  5
  val_cp_auc              0.8971    0.0096  5
  val_cp_ap               0.8647    0.0222  5
  test_ph50               0.1471    0.0507  5
  test_ph10               0.0242    0.0133  5
  test_ph1                0.0024    0.0032  5
  test_ph5                0.0120    0.0100  5
  test_cp_auc             0.8968    0.0125  5
  test_cp_ap              0.8596    0.0291  5
  best_epoch            155.6000   72.2689  5

Summary saved → /gpfs/home5/binal1/plantmetbench/runs/sweep_sage_L2_dot/seeds_summary_sage_L2_h128_dot.json
Summary saved → /gpfs/home5/binal1/plantmetbench/runs/sweep_sage_L2_dot/sage_L2_h128_dot/seeds_summary_sage_L2_h128_dot.json
