============================================================================================== 
Warning! Mixing Conda and module environments may lead to corruption of the
user environment. 
We do not recommend users mixing those two environments unless absolutely
necessary. Note that 
SURF does not provide any support for Conda environment.
For more information, please refer to our software policy page:
https://servicedesk.surf.nl/wiki/display/WIKI/Software+policy+Snellius#SoftwarepolicySnellius-UseofAnacondaandMinicondaenvironmentsonSnellius 

Remember that many packages have already been installed on the system and can
be loaded using 
the 'module load <package__name>' command. If you are uncertain if a package is
already available 
on the system, please use 'module avail' or 'module spider' to search for it.
============================================================================================== 

==================================================================
  Config: gnn-name=sage  num-layers=3  decoder=dot
  Run name: sweep_sage_L3_dot
==================================================================
# Log started at 2026-08-22T13:13:25.691365
# Log file: /gpfs/home5/binal1/plantmetbench/runs/sweep_sage_L3_dot/sage_L3_h128_dot/seed_42/train.log

Run: sweep_sage_L3_dot  seed=42  →  /gpfs/home5/binal1/plantmetbench/runs/sweep_sage_L3_dot/sage_L3_h128_dot/seed_42
  Device: cuda  (NVIDIA H100)

Loading graph from /gpfs/home5/binal1/plantmetbench/data …
  Protein embeddings: 8,445/13,682 nodes covered (61.7%)  dim=960
  Removed 6 is_part_of edge type(s) and Pathway node store
  Removed 3 Organism edge type(s) and Organism node store
Loading taxa split …
  Conversion fingerprints: 19,927/84,470 nodes (23.6%)  dim=3072
  Ranking pool: 8,445/13,682 proteins have embeddings (61.7%)

────────────────────────────────────────────────────────────────────────
Dataset summary
────────────────────────────────────────────────────────────────────────
  Target edge : ('Protein', 'catalyzes', 'Interaction')

Node types:
  GeneProduct   num_nodes=    6,480  x=(6480, 1024)
  Interaction   num_nodes=   84,470  x=(84470, 3072)
  Metabolite    num_nodes=   17,476  x=(17476, 1024)
  Protein       num_nodes=   13,682  x=(13682, 960)
Edge types:
  ('GeneProduct', 'encodes', 'Protein')               num_edges=     2,762
  ('GeneProduct', 'is_about', 'GeneProduct')          num_edges=     4,580
  ('Interaction', 'is_about', 'Interaction')          num_edges=    29,740
  ('Interaction', 'participants', 'Interaction')      num_edges=     9,813
  ('Interaction', 'participants', 'Metabolite')       num_edges=    34,793
  ('Interaction', 'source', 'Metabolite')             num_edges=     7,554
  ('Interaction', 'target', 'Interaction')            num_edges=        17
  ('Interaction', 'target', 'Metabolite')             num_edges=    18,622
  ('Metabolite', 'is_about', 'Metabolite')            num_edges=    12,812
  ('Protein', 'catalyzes', 'Interaction')             num_edges=     7,655
  ('Protein', 'encoded_by', 'GeneProduct')            num_edges=     2,762
  ('Protein', 'is_about', 'GeneProduct')              num_edges=        83
  ('Protein', 'is_about', 'Protein')                  num_edges=     9,932

  Positive edge splits:
    train    9,569 edges
    val      1,211 edges
    test     1,200 edges

  Ranking pool : 8,445 proteins  (embedded only)
  Random P-H@50: 0.0059  (0.59%)
────────────────────────────────────────────────────────────────────────

Node types : ['GeneProduct', 'Interaction', 'Metabolite', 'Protein']
  GeneProduct  num_nodes=    6,480  x=(6480, 1024)
  Interaction  num_nodes=   84,470  x=(84470, 3072)
  Metabolite  num_nodes=   17,476  x=(17476, 1024)
  Protein     num_nodes=   13,682  x=(13682, 960)
 -------- GNN = SAGE ------------
Running dummy forward pass to materialize weights...
Model: HeteroGNN  hidden_dim=128  num_layers=3  decoder=dot  dropout=0.3
  Edge types in GNN: 13
  Trainable parameters: 6,837,120
 Epoch     loss val_loss tst_loss  P-H@10   P-H@50   CP-AUC    time
──────────────────────────────────────────────────────────────────
     5   0.4372   1.0691    1.0789  0.0070   0.0359   0.7008    0.2s
    10   0.3680   0.9960    1.0008  0.0151   0.0521   0.8308    0.2s
    15   0.3237   0.7996    0.8158  0.0139   0.0765   0.8675    0.2s
    20   0.2985   0.8468    0.8812  0.0070   0.0579   0.8823    0.2s
    25   0.2755   0.8025    0.8469  0.0104   0.0568   0.8793    0.2s
    30   0.2595   0.8107    0.8615  0.0081   0.0290   0.8865    0.2s
    35   0.2464   0.8243    0.8901  0.0046   0.0197   0.8743    0.2s
    40   0.2361   0.8158    0.8812  0.0012   0.0267   0.8753    0.2s
    45   0.2255   0.8600    0.9184  0.0023   0.0162   0.8957    0.2s
    50   0.2177   0.8215    0.8749  0.0035   0.0127   0.8885    0.2s
    55   0.2125   0.8514    0.9073  0.0023   0.0116   0.8871    0.2s
    60   0.2041   0.8919    0.9570  0.0035   0.0139   0.8858    0.2s
    65   0.2025   0.8781    0.9338  0.0023   0.0174   0.8916    0.2s
    70   0.1960   0.9167    0.9797  0.0023   0.0267   0.8937    0.2s
    75   0.1925   0.9314    0.9883  0.0023   0.0324   0.8950    0.2s
    80   0.1879   0.9606    1.0171  0.0023   0.0313   0.9098    0.2s
    85   0.1872   1.0607    1.1364  0.0023   0.0359   0.8997    0.2s
    90   0.1838   1.0697    1.1370  0.0023   0.0348   0.8820    0.2s
    95   0.1792   1.1082    1.1902  0.0012   0.0406   0.8963    0.2s
   100   0.1756   1.1029    1.1933  0.0023   0.0371   0.8922    0.2s
   105   0.1744   1.1533    1.2620  0.0035   0.0475   0.8941    0.2s
   110   0.1707   1.2108    1.2931  0.0046   0.0394   0.8968    0.2s
   115   0.1656   1.2620    1.3540  0.0023   0.0452   0.8890    0.2s
   120   0.1662   1.2805    1.3780  0.0012   0.0637   0.8889    0.2s
   125   0.1627   1.3194    1.4161  0.0023   0.0475   0.8934    0.2s
   130   0.1594   1.3372    1.4188  0.0012   0.0348   0.8912    0.2s
   135   0.1553   1.4268    1.5180  0.0012   0.0301   0.8971    0.2s
   140   0.1534   1.4418    1.5325  0.0012   0.0313   0.8814    0.2s
   145   0.1542   1.4765    1.5596  0.0000   0.0463   0.8808    0.2s
   150   0.1515   1.4851    1.5641  0.0023   0.0348   0.8840    0.2s
   155   0.1497   1.5493    1.6237  0.0023   0.0301   0.8887    0.2s
   160   0.1466   1.5870    1.6372  0.0058   0.0406   0.8893    0.2s
   165   0.1442   1.6858    1.7271  0.0046   0.0417   0.8882    0.2s
   170   0.1421   1.6756    1.7087  0.0035   0.0382   0.8868    0.2s
   175   0.1444   1.7351    1.7698  0.0023   0.0429   0.8870    0.2s
   180   0.1425   1.7261    1.7518  0.0035   0.0452   0.8874    0.2s
   185   0.1374   1.8064    1.8296  0.0035   0.0440   0.8859    0.2s
   190   0.1379   1.8150    1.8096  0.0023   0.0417   0.8923    0.2s
   195   0.1370   1.9061    1.9118  0.0023   0.0417   0.8930    0.2s
   200   0.1335   1.8958    1.8806  0.0046   0.0498   0.8926    0.2s

Best checkpoint: epoch 17  val P-H@50 = 0.0776

── Final evaluation (best checkpoint) ──────────────────────────────
  val:
    P-H@1=0.0000  P-H@5=0.0070  P-H@10=0.0070  P-H@50=0.0776
    CP-AUC=0.8715  CP-AP=0.8122  loss=0.8282
  test:
    P-H@1=0.0000  P-H@5=0.0000  P-H@10=0.0000  P-H@50=0.0332
    CP-AUC=0.8674  CP-AP=0.8034  loss=0.8513

Report saved → /gpfs/home5/binal1/plantmetbench/runs/sweep_sage_L3_dot/sage_L3_h128_dot/seed_42/report_sage_epoch017.json
Checkpoint → /gpfs/home5/binal1/plantmetbench/runs/sweep_sage_L3_dot/sage_L3_h128_dot/seed_42/sage_L3_epoch017_best.pt
Log        → /gpfs/home5/binal1/plantmetbench/runs/sweep_sage_L3_dot/sage_L3_h128_dot/seed_42/train.log
History    → /gpfs/home5/binal1/plantmetbench/runs/sweep_sage_L3_dot/sage_L3_h128_dot/seed_42/history_sage_epoch017.json
# Log started at 2026-08-22T13:14:31.283547
# Log file: /gpfs/home5/binal1/plantmetbench/runs/sweep_sage_L3_dot/sage_L3_h128_dot/seed_0/train.log

Run: sweep_sage_L3_dot  seed=0  →  /gpfs/home5/binal1/plantmetbench/runs/sweep_sage_L3_dot/sage_L3_h128_dot/seed_0
  Device: cuda  (NVIDIA H100)

Loading graph from /gpfs/home5/binal1/plantmetbench/data …
  Protein embeddings: 8,445/13,682 nodes covered (61.7%)  dim=960
  Removed 6 is_part_of edge type(s) and Pathway node store
  Removed 3 Organism edge type(s) and Organism node store
Loading taxa split …
  Conversion fingerprints: 19,927/84,470 nodes (23.6%)  dim=3072
  Ranking pool: 8,445/13,682 proteins have embeddings (61.7%)
Node types : ['GeneProduct', 'Interaction', 'Metabolite', 'Protein']
  GeneProduct  num_nodes=    6,480  x=(6480, 1024)
  Interaction  num_nodes=   84,470  x=(84470, 3072)
  Metabolite  num_nodes=   17,476  x=(17476, 1024)
  Protein     num_nodes=   13,682  x=(13682, 960)
 -------- GNN = SAGE ------------
Running dummy forward pass to materialize weights...
Model: HeteroGNN  hidden_dim=128  num_layers=3  decoder=dot  dropout=0.3
  Edge types in GNN: 13
  Trainable parameters: 6,837,120
 Epoch     loss val_loss tst_loss  P-H@10   P-H@50   CP-AUC    time
──────────────────────────────────────────────────────────────────
     5   0.4423   1.1363    1.1666  0.0000   0.0012   0.7124    0.2s
    10   0.3729   0.9946    1.0178  0.0046   0.0336   0.8120    0.2s
    15   0.3329   0.8178    0.8364  0.0070   0.0811   0.8783    0.2s
    20   0.3010   0.8860    0.9093  0.0035   0.0579   0.8897    0.2s
    25   0.2788   0.8094    0.8468  0.0023   0.0510   0.8845    0.2s
    30   0.2616   0.8384    0.8909  0.0046   0.0545   0.8829    0.2s
    35   0.2485   0.8498    0.9098  0.0093   0.0742   0.9008    0.2s
    40   0.2361   0.8488    0.9243  0.0104   0.0985   0.8951    0.2s
    45   0.2283   0.8591    0.9291  0.0046   0.1031   0.8921    0.2s
    50   0.2207   0.8884    0.9707  0.0023   0.1089   0.8947    0.2s
    55   0.2131   0.8952    0.9739  0.0081   0.1194   0.8962    0.2s
    60   0.2069   0.9195    1.0082  0.0081   0.1078   0.8856    0.2s
    65   0.2027   0.9181    0.9984  0.0070   0.1112   0.8914    0.2s
    70   0.1983   1.0167    1.0786  0.0058   0.0568   0.8923    0.2s
    75   0.1980   0.9749    1.0458  0.0046   0.0348   0.8845    0.2s
    80   0.1901   1.0535    1.1262  0.0058   0.0800   0.8959    0.2s
    85   0.1862   1.0842    1.1639  0.0058   0.0742   0.8866    0.2s
    90   0.1849   1.1433    1.2198  0.0058   0.0614   0.8899    0.2s
    95   0.1829   1.2247    1.2963  0.0058   0.0776   0.8876    0.2s
   100   0.1789   1.2552    1.3500  0.0058   0.1078   0.8828    0.2s
   105   0.1741   1.3069    1.4139  0.0093   0.1194   0.8891    0.2s
   110   0.1729   1.3652    1.4811  0.0023   0.0498   0.8741    0.2s
   115   0.1688   1.3485    1.4718  0.0035   0.0881   0.9041    0.2s
   120   0.1696   1.4602    1.5942  0.0023   0.1136   0.8893    0.2s
   125   0.1672   1.4353    1.5459  0.0023   0.0846   0.8876    0.2s
   130   0.1633   1.5437    1.6634  0.0035   0.0915   0.8829    0.2s
   135   0.1643   1.6382    1.7744  0.0046   0.0997   0.8815    0.2s
   140   0.1571   1.6377    1.7769  0.0046   0.1170   0.8769    0.2s
   145   0.1560   1.6004    1.7368  0.0058   0.0950   0.8836    0.2s
   150   0.1562   1.6907    1.8307  0.0046   0.0823   0.8899    0.2s
   155   0.1522   1.7716    1.9020  0.0046   0.1043   0.8826    0.2s
   160   0.1516   1.8689    2.0169  0.0046   0.1101   0.8807    0.2s
   165   0.1514   1.7432    1.8830  0.0035   0.1043   0.8850    0.2s
   170   0.1464   1.9377    2.0705  0.0035   0.0776   0.8847    0.2s
   175   0.1463   1.9601    2.0783  0.0023   0.0753   0.8813    0.2s
   180   0.1455   2.0548    2.1762  0.0023   0.0730   0.8778    0.2s
   185   0.1455   2.0806    2.1741  0.0023   0.0915   0.8678    0.2s
   190   0.1425   2.0797    2.1954  0.0023   0.0881   0.8736    0.2s
   195   0.1408   2.1663    2.2691  0.0023   0.0788   0.8733    0.2s
   200   0.1397   2.2454    2.3494  0.0023   0.0718   0.8817    0.2s

Best checkpoint: epoch 103  val P-H@50 = 0.1228

── Final evaluation (best checkpoint) ──────────────────────────────
  val:
    P-H@1=0.0012  P-H@5=0.0058  P-H@10=0.0093  P-H@50=0.1228
    CP-AUC=0.8818  CP-AP=0.8401  loss=1.2452
  test:
    P-H@1=0.0000  P-H@5=0.0000  P-H@10=0.0246  P-H@50=0.0749
    CP-AUC=0.8695  CP-AP=0.8177  loss=1.3371

Report saved → /gpfs/home5/binal1/plantmetbench/runs/sweep_sage_L3_dot/sage_L3_h128_dot/seed_0/report_sage_epoch103.json
Checkpoint → /gpfs/home5/binal1/plantmetbench/runs/sweep_sage_L3_dot/sage_L3_h128_dot/seed_0/sage_L3_epoch103_best.pt
Log        → /gpfs/home5/binal1/plantmetbench/runs/sweep_sage_L3_dot/sage_L3_h128_dot/seed_0/train.log
History    → /gpfs/home5/binal1/plantmetbench/runs/sweep_sage_L3_dot/sage_L3_h128_dot/seed_0/history_sage_epoch103.json
# Log started at 2026-08-22T13:15:37.825773
# Log file: /gpfs/home5/binal1/plantmetbench/runs/sweep_sage_L3_dot/sage_L3_h128_dot/seed_1/train.log

Run: sweep_sage_L3_dot  seed=1  →  /gpfs/home5/binal1/plantmetbench/runs/sweep_sage_L3_dot/sage_L3_h128_dot/seed_1
  Device: cuda  (NVIDIA H100)

Loading graph from /gpfs/home5/binal1/plantmetbench/data …
  Protein embeddings: 8,445/13,682 nodes covered (61.7%)  dim=960
  Removed 6 is_part_of edge type(s) and Pathway node store
  Removed 3 Organism edge type(s) and Organism node store
Loading taxa split …
  Conversion fingerprints: 19,927/84,470 nodes (23.6%)  dim=3072
  Ranking pool: 8,445/13,682 proteins have embeddings (61.7%)
Node types : ['GeneProduct', 'Interaction', 'Metabolite', 'Protein']
  GeneProduct  num_nodes=    6,480  x=(6480, 1024)
  Interaction  num_nodes=   84,470  x=(84470, 3072)
  Metabolite  num_nodes=   17,476  x=(17476, 1024)
  Protein     num_nodes=   13,682  x=(13682, 960)
 -------- GNN = SAGE ------------
Running dummy forward pass to materialize weights...
Model: HeteroGNN  hidden_dim=128  num_layers=3  decoder=dot  dropout=0.3
  Edge types in GNN: 13
  Trainable parameters: 6,837,120
 Epoch     loss val_loss tst_loss  P-H@10   P-H@50   CP-AUC    time
──────────────────────────────────────────────────────────────────
     5   0.4937   1.2964    1.3356  0.0035   0.1402   0.5925    0.2s
    10   0.4049   0.9899    1.0241  0.0440   0.1437   0.7773    0.2s
    15   0.3507   0.8977    0.9177  0.0440   0.1240   0.8462    0.2s
    20   0.3177   0.8941    0.9188  0.0197   0.1402   0.8798    0.2s
    25   0.2863   0.8225    0.8631  0.0127   0.1472   0.8659    0.2s
    30   0.2663   0.8294    0.8931  0.0116   0.1298   0.8720    0.2s
    35   0.2517   0.8249    0.8943  0.0081   0.1054   0.8868    0.2s
    40   0.2386   0.8254    0.9061  0.0151   0.0869   0.8700    0.2s
    45   0.2329   0.8473    0.9314  0.0104   0.0730   0.8864    0.2s
    50   0.2215   0.8531    0.9398  0.0139   0.0707   0.8836    0.2s
    55   0.2176   0.8752    0.9665  0.0127   0.0521   0.8869    0.2s
    60   0.2124   0.8741    0.9720  0.0104   0.0475   0.8796    0.2s
    65   0.2063   0.8641    0.9490  0.0104   0.0429   0.8955    0.2s
    70   0.2020   0.9351    1.0470  0.0116   0.0406   0.8868    0.2s
    75   0.1982   0.9424    1.0315  0.0127   0.0429   0.8921    0.2s
    80   0.1960   0.9740    1.0691  0.0116   0.0440   0.8871    0.2s
    85   0.1920   0.9775    1.0769  0.0116   0.0475   0.8832    0.2s
    90   0.1858   1.0076    1.1284  0.0116   0.0579   0.8896    0.2s
    95   0.1837   1.0648    1.1862  0.0093   0.0568   0.8889    0.2s
   100   0.1800   1.1069    1.2289  0.0093   0.0533   0.8878    0.2s
   105   0.1797   1.1482    1.2860  0.0127   0.0707   0.8849    0.2s
   110   0.1782   1.1762    1.3009  0.0151   0.0603   0.9034    0.2s
   115   0.1733   1.2497    1.3843  0.0127   0.0962   0.8948    0.2s
   120   0.1728   1.2448    1.3858  0.0151   0.0765   0.8762    0.2s
   125   0.1669   1.2931    1.4500  0.0162   0.0811   0.8809    0.2s
   130   0.1669   1.3324    1.4905  0.0162   0.1182   0.8881    0.2s
   135   0.1632   1.4353    1.5746  0.0162   0.0823   0.8881    0.2s
   140   0.1607   1.4138    1.5398  0.0174   0.0649   0.8883    0.2s
   145   0.1593   1.5623    1.6843  0.0162   0.0672   0.8892    0.2s
   150   0.1593   1.5265    1.6652  0.0162   0.0753   0.8880    0.2s
   155   0.1557   1.5631    1.6831  0.0151   0.0811   0.8931    0.2s
   160   0.1525   1.6102    1.7397  0.0151   0.0707   0.8840    0.2s
   165   0.1510   1.6921    1.7894  0.0151   0.0776   0.8815    0.2s
   170   0.1500   1.7170    1.8297  0.0151   0.0730   0.8857    0.2s
   175   0.1499   1.8005    1.8808  0.0151   0.0695   0.8834    0.2s
   180   0.1463   1.8347    1.9363  0.0127   0.0881   0.8796    0.2s
   185   0.1455   1.8974    1.9981  0.0139   0.1182   0.8814    0.2s
   190   0.1451   1.9166    2.0166  0.0127   0.0950   0.8789    0.2s
   195   0.1391   1.9703    2.0386  0.0104   0.0950   0.8887    0.2s
   200   0.1388   1.9706    2.0414  0.0116   0.0962   0.8839    0.2s

Best checkpoint: epoch 6  val P-H@50 = 0.1541

── Final evaluation (best checkpoint) ──────────────────────────────
  val:
    P-H@1=0.0000  P-H@5=0.0023  P-H@10=0.0301  P-H@50=0.1541
    CP-AUC=0.6634  CP-AP=0.6045  loss=1.0828
  test:
    P-H@1=0.0000  P-H@5=0.0000  P-H@10=0.0000  P-H@50=0.0385
    CP-AUC=0.6600  CP-AP=0.5957  loss=1.1200

Report saved → /gpfs/home5/binal1/plantmetbench/runs/sweep_sage_L3_dot/sage_L3_h128_dot/seed_1/report_sage_epoch006.json
Checkpoint → /gpfs/home5/binal1/plantmetbench/runs/sweep_sage_L3_dot/sage_L3_h128_dot/seed_1/sage_L3_epoch006_best.pt
Log        → /gpfs/home5/binal1/plantmetbench/runs/sweep_sage_L3_dot/sage_L3_h128_dot/seed_1/train.log
History    → /gpfs/home5/binal1/plantmetbench/runs/sweep_sage_L3_dot/sage_L3_h128_dot/seed_1/history_sage_epoch006.json
# Log started at 2026-08-22T13:16:42.681774
# Log file: /gpfs/home5/binal1/plantmetbench/runs/sweep_sage_L3_dot/sage_L3_h128_dot/seed_2/train.log

Run: sweep_sage_L3_dot  seed=2  →  /gpfs/home5/binal1/plantmetbench/runs/sweep_sage_L3_dot/sage_L3_h128_dot/seed_2
  Device: cuda  (NVIDIA H100)

Loading graph from /gpfs/home5/binal1/plantmetbench/data …
  Protein embeddings: 8,445/13,682 nodes covered (61.7%)  dim=960
  Removed 6 is_part_of edge type(s) and Pathway node store
  Removed 3 Organism edge type(s) and Organism node store
Loading taxa split …
  Conversion fingerprints: 19,927/84,470 nodes (23.6%)  dim=3072
  Ranking pool: 8,445/13,682 proteins have embeddings (61.7%)
Node types : ['GeneProduct', 'Interaction', 'Metabolite', 'Protein']
  GeneProduct  num_nodes=    6,480  x=(6480, 1024)
  Interaction  num_nodes=   84,470  x=(84470, 3072)
  Metabolite  num_nodes=   17,476  x=(17476, 1024)
  Protein     num_nodes=   13,682  x=(13682, 960)
 -------- GNN = SAGE ------------
Running dummy forward pass to materialize weights...
Model: HeteroGNN  hidden_dim=128  num_layers=3  decoder=dot  dropout=0.3
  Edge types in GNN: 13
  Trainable parameters: 6,837,120
 Epoch     loss val_loss tst_loss  P-H@10   P-H@50   CP-AUC    time
──────────────────────────────────────────────────────────────────
     5   0.4144   0.9777    1.0018  0.0035   0.0255   0.7728    0.2s
    10   0.3573   0.9023    0.9097  0.0197   0.0568   0.8603    0.2s
    15   0.3171   0.7603    0.7688  0.0267   0.1680   0.8902    0.2s
    20   0.2917   0.8578    0.8792  0.0174   0.0834   0.8824    0.2s
    25   0.2709   0.8329    0.8563  0.0081   0.0487   0.8670    0.2s
    30   0.2563   0.8324    0.8664  0.0209   0.0800   0.8797    0.2s
    35   0.2421   0.8519    0.8927  0.0313   0.1472   0.8902    0.2s
    40   0.2312   0.8636    0.9064  0.0313   0.1402   0.8788    0.2s
    45   0.2257   0.8589    0.8914  0.0127   0.0927   0.8866    0.2s
    50   0.2192   0.9094    0.9411  0.0093   0.0417   0.8892    0.2s
    55   0.2132   0.9227    0.9497  0.0081   0.0301   0.8794    0.2s
    60   0.2074   0.9384    0.9616  0.0058   0.0197   0.8908    0.2s
    65   0.2011   0.9499    0.9735  0.0058   0.0127   0.8892    0.2s
    70   0.1969   1.0193    1.0466  0.0046   0.0104   0.8793    0.2s
    75   0.1980   1.0167    1.0450  0.0035   0.0174   0.8790    0.2s
    80   0.1919   1.0365    1.0627  0.0023   0.0220   0.8776    0.2s
    85   0.1887   1.1071    1.1224  0.0023   0.0220   0.8927    0.2s
    90   0.1850   1.1404    1.1676  0.0046   0.0313   0.8781    0.2s
    95   0.1848   1.1321    1.1714  0.0023   0.0267   0.8823    0.2s
   100   0.1771   1.1718    1.1909  0.0023   0.0197   0.8681    0.2s
   105   0.1781   1.2279    1.2641  0.0023   0.0336   0.8867    0.2s
   110   0.1718   1.2767    1.3196  0.0023   0.0301   0.8790    0.2s
   115   0.1717   1.3002    1.3449  0.0023   0.0313   0.8849    0.2s
   120   0.1688   1.3119    1.3804  0.0035   0.0359   0.9001    0.2s
   125   0.1646   1.4401    1.4843  0.0023   0.0463   0.8833    0.2s
   130   0.1656   1.4236    1.4874  0.0046   0.0452   0.8721    0.2s
   135   0.1628   1.4688    1.5262  0.0046   0.0545   0.8853    0.2s
   140   0.1620   1.5955    1.6563  0.0012   0.0603   0.8712    0.2s
   145   0.1574   1.6031    1.6811  0.0035   0.0301   0.8831    0.2s
   150   0.1595   1.5416    1.6122  0.0035   0.0487   0.8784    0.2s
   155   0.1562   1.6799    1.7214  0.0046   0.0394   0.8744    0.2s
   160   0.1550   1.6224    1.6894  0.0046   0.0290   0.8764    0.2s
   165   0.1515   1.7003    1.7494  0.0046   0.0579   0.8782    0.2s
   170   0.1503   1.7385    1.7999  0.0081   0.0765   0.8781    0.2s
   175   0.1479   1.7219    1.7521  0.0070   0.0718   0.8855    0.2s
   180   0.1443   1.7587    1.8034  0.0058   0.0660   0.8669    0.2s
   185   0.1460   1.8700    1.8879  0.0058   0.0660   0.8786    0.2s
   190   0.1456   1.8795    1.8889  0.0070   0.0892   0.8729    0.2s
   195   0.1434   1.8039    1.8379  0.0093   0.0892   0.8731    0.2s
   200   0.1405   1.8272    1.8952  0.0093   0.0973   0.8838    0.2s

Best checkpoint: epoch 16  val P-H@50 = 0.1715

── Final evaluation (best checkpoint) ──────────────────────────────
  val:
    P-H@1=0.0046  P-H@5=0.0151  P-H@10=0.0255  P-H@50=0.1715
    CP-AUC=0.8756  CP-AP=0.8088  loss=0.7731
  test:
    P-H@1=0.0000  P-H@5=0.0032  P-H@10=0.0139  P-H@50=0.0739
    CP-AUC=0.8613  CP-AP=0.7605  loss=0.7836

Report saved → /gpfs/home5/binal1/plantmetbench/runs/sweep_sage_L3_dot/sage_L3_h128_dot/seed_2/report_sage_epoch016.json
Checkpoint → /gpfs/home5/binal1/plantmetbench/runs/sweep_sage_L3_dot/sage_L3_h128_dot/seed_2/sage_L3_epoch016_best.pt
Log        → /gpfs/home5/binal1/plantmetbench/runs/sweep_sage_L3_dot/sage_L3_h128_dot/seed_2/train.log
History    → /gpfs/home5/binal1/plantmetbench/runs/sweep_sage_L3_dot/sage_L3_h128_dot/seed_2/history_sage_epoch016.json
# Log started at 2026-08-22T13:17:48.598280
# Log file: /gpfs/home5/binal1/plantmetbench/runs/sweep_sage_L3_dot/sage_L3_h128_dot/seed_3/train.log

Run: sweep_sage_L3_dot  seed=3  →  /gpfs/home5/binal1/plantmetbench/runs/sweep_sage_L3_dot/sage_L3_h128_dot/seed_3
  Device: cuda  (NVIDIA H100)

Loading graph from /gpfs/home5/binal1/plantmetbench/data …
  Protein embeddings: 8,445/13,682 nodes covered (61.7%)  dim=960
  Removed 6 is_part_of edge type(s) and Pathway node store
  Removed 3 Organism edge type(s) and Organism node store
Loading taxa split …
  Conversion fingerprints: 19,927/84,470 nodes (23.6%)  dim=3072
  Ranking pool: 8,445/13,682 proteins have embeddings (61.7%)
Node types : ['GeneProduct', 'Interaction', 'Metabolite', 'Protein']
  GeneProduct  num_nodes=    6,480  x=(6480, 1024)
  Interaction  num_nodes=   84,470  x=(84470, 3072)
  Metabolite  num_nodes=   17,476  x=(17476, 1024)
  Protein     num_nodes=   13,682  x=(13682, 960)
 -------- GNN = SAGE ------------
Running dummy forward pass to materialize weights...
Model: HeteroGNN  hidden_dim=128  num_layers=3  decoder=dot  dropout=0.3
  Edge types in GNN: 13
  Trainable parameters: 6,837,120
 Epoch     loss val_loss tst_loss  P-H@10   P-H@50   CP-AUC    time
──────────────────────────────────────────────────────────────────
     5   0.3978   0.9882    0.9988  0.0046   0.0151   0.7309    0.2s
    10   0.3418   0.9692    0.9770  0.0070   0.0220   0.8480    0.2s
    15   0.3078   0.8302    0.8494  0.0070   0.0626   0.8818    0.2s
    20   0.2818   0.8360    0.8674  0.0104   0.0765   0.8992    0.2s
    25   0.2644   0.8431    0.8985  0.0058   0.1136   0.8827    0.2s
    30   0.2494   0.8017    0.8814  0.0093   0.1136   0.8991    0.2s
    35   0.2383   0.8501    0.9329  0.0104   0.1159   0.9060    0.2s
    40   0.2292   0.8407    0.9293  0.0151   0.1217   0.8878    0.2s
    45   0.2212   0.8651    0.9536  0.0313   0.1298   0.8969    0.2s
    50   0.2182   0.8228    0.9155  0.0371   0.1275   0.9038    0.2s
    55   0.2100   0.8743    0.9636  0.0324   0.1147   0.8920    0.2s
    60   0.2068   0.8679    0.9604  0.0243   0.1205   0.9031    0.2s
    65   0.2019   0.8886    0.9853  0.0081   0.1112   0.8976    0.2s
    70   0.1984   0.8777    0.9658  0.0035   0.1066   0.9027    0.2s
    75   0.1952   0.9186    1.0162  0.0046   0.1147   0.8950    0.2s
    80   0.1879   0.9382    1.0555  0.0058   0.1182   0.8998    0.2s
    85   0.1884   0.9517    1.0970  0.0012   0.1194   0.9002    0.2s
    90   0.1857   1.0010    1.1542  0.0012   0.1251   0.8987    0.2s
    95   0.1777   1.0244    1.1787  0.0035   0.1136   0.9026    0.2s
   100   0.1778   1.0644    1.2187  0.0023   0.1159   0.8975    0.2s
   105   0.1744   1.1137    1.2896  0.0012   0.1020   0.8993    0.2s
   110   0.1717   1.1794    1.3669  0.0035   0.1263   0.8970    0.2s
   115   0.1710   1.1830    1.3679  0.0012   0.1170   0.8984    0.2s
   120   0.1665   1.2102    1.3944  0.0035   0.1136   0.8938    0.2s
   125   0.1688   1.2833    1.4719  0.0012   0.0857   0.8937    0.2s
   130   0.1625   1.2996    1.4957  0.0012   0.0800   0.8936    0.2s
   135   0.1609   1.3115    1.5161  0.0035   0.0834   0.8980    0.2s
   140   0.1589   1.3423    1.5245  0.0012   0.1194   0.9097    0.2s
   145   0.1581   1.3892    1.5930  0.0035   0.1205   0.8891    0.2s
   150   0.1526   1.3796    1.5890  0.0046   0.1089   0.8899    0.2s
   155   0.1516   1.4308    1.6687  0.0012   0.0579   0.9008    0.2s
   160   0.1491   1.4401    1.6798  0.0012   0.0463   0.8953    0.2s
   165   0.1483   1.5162    1.7248  0.0012   0.0440   0.8974    0.2s
   170   0.1471   1.5301    1.7480  0.0012   0.0452   0.8976    0.2s
   175   0.1456   1.5952    1.8364  0.0012   0.0440   0.8960    0.2s
   180   0.1448   1.6393    1.8736  0.0023   0.0417   0.8850    0.2s
   185   0.1448   1.5875    1.8599  0.0012   0.0359   0.9016    0.2s
   190   0.1390   1.5981    1.8427  0.0012   0.0359   0.8983    0.2s
   195   0.1416   1.7085    1.9661  0.0012   0.0348   0.9050    0.2s
   200   0.1374   1.6741    1.9304  0.0012   0.0324   0.8927    0.2s

Best checkpoint: epoch 27  val P-H@50 = 0.1425

── Final evaluation (best checkpoint) ──────────────────────────────
  val:
    P-H@1=0.0000  P-H@5=0.0023  P-H@10=0.0104  P-H@50=0.1425
    CP-AUC=0.8994  CP-AP=0.8386  loss=0.8448
  test:
    P-H@1=0.0000  P-H@5=0.0000  P-H@10=0.0043  P-H@50=0.0332
    CP-AUC=0.8862  CP-AP=0.8130  loss=0.9114

Report saved → /gpfs/home5/binal1/plantmetbench/runs/sweep_sage_L3_dot/sage_L3_h128_dot/seed_3/report_sage_epoch027.json
Checkpoint → /gpfs/home5/binal1/plantmetbench/runs/sweep_sage_L3_dot/sage_L3_h128_dot/seed_3/sage_L3_epoch027_best.pt
Log        → /gpfs/home5/binal1/plantmetbench/runs/sweep_sage_L3_dot/sage_L3_h128_dot/seed_3/train.log
History    → /gpfs/home5/binal1/plantmetbench/runs/sweep_sage_L3_dot/sage_L3_h128_dot/seed_3/history_sage_epoch027.json
Remaining : ['--gnn-name', 'sage', '--num-layers', '3', '--decoder', 'dot', '--epochs', '200']
PlantMetBench — multi-seed training
  Seeds    : [42, 0, 1, 2, 3]
  Run name : sweep_sage_L3_dot
  Extra    : --gnn-name sage --num-layers 3 --decoder dot --epochs 200

======================================================================
  Seed 42  →  /gpfs/home5/binal1/plantmetbench/runs/sweep_sage_L3_dot/sage_L3_h128_dot/seed_42/
======================================================================

======================================================================
  Seed 0  →  /gpfs/home5/binal1/plantmetbench/runs/sweep_sage_L3_dot/sage_L3_h128_dot/seed_0/
======================================================================

======================================================================
  Seed 1  →  /gpfs/home5/binal1/plantmetbench/runs/sweep_sage_L3_dot/sage_L3_h128_dot/seed_1/
======================================================================

======================================================================
  Seed 2  →  /gpfs/home5/binal1/plantmetbench/runs/sweep_sage_L3_dot/sage_L3_h128_dot/seed_2/
======================================================================

======================================================================
  Seed 3  →  /gpfs/home5/binal1/plantmetbench/runs/sweep_sage_L3_dot/sage_L3_h128_dot/seed_3/
======================================================================

======================================================================
  Multi-seed summary
======================================================================
  Metric                    Mean       Std  n
  --------------------------------------------------
  val_ph50                0.1337    0.0360  5
  val_ph10                0.0165    0.0106  5
  val_ph1                 0.0012    0.0020  5
  val_ph5                 0.0065    0.0052  5
  val_cp_auc              0.8384    0.0984  5
  val_cp_ap               0.7808    0.0997  5
  test_ph50               0.0507    0.0217  5
  test_ph10               0.0086    0.0106  5
  test_ph1                0.0000    0.0000  5
  test_ph5                0.0006    0.0014  5
  test_cp_auc             0.8289    0.0948  5
  test_cp_ap              0.7580    0.0935  5
  best_epoch             33.8000   39.3916  5

Summary saved → /gpfs/home5/binal1/plantmetbench/runs/sweep_sage_L3_dot/seeds_summary_sage_L3_h128_dot.json
Summary saved → /gpfs/home5/binal1/plantmetbench/runs/sweep_sage_L3_dot/sage_L3_h128_dot/seeds_summary_sage_L3_h128_dot.json
