============================================================================================== 
Warning! Mixing Conda and module environments may lead to corruption of the
user environment. 
We do not recommend users mixing those two environments unless absolutely
necessary. Note that 
SURF does not provide any support for Conda environment.
For more information, please refer to our software policy page:
https://servicedesk.surf.nl/wiki/display/WIKI/Software+policy+Snellius#SoftwarepolicySnellius-UseofAnacondaandMinicondaenvironmentsonSnellius 

Remember that many packages have already been installed on the system and can
be loaded using 
the 'module load <package__name>' command. If you are uncertain if a package is
already available 
on the system, please use 'module avail' or 'module spider' to search for it.
============================================================================================== 

==================================================================
  Config: gnn-name=hgt  num-layers=3  decoder=dot
  Run name: sweep_hgt_L3_dot
==================================================================
# Log started at 2026-08-22T15:28:43.756117
# Log file: /gpfs/home5/binal1/plantmetbench/runs/sweep_hgt_L3_dot/hgt_L3_h128_dot/seed_42/train.log

Run: sweep_hgt_L3_dot  seed=42  →  /gpfs/home5/binal1/plantmetbench/runs/sweep_hgt_L3_dot/hgt_L3_h128_dot/seed_42
  Device: cuda  (NVIDIA H100)

Loading graph from /gpfs/home5/binal1/plantmetbench/data …
  Protein embeddings: 8,445/13,682 nodes covered (61.7%)  dim=960
  Removed 6 is_part_of edge type(s) and Pathway node store
  Removed 3 Organism edge type(s) and Organism node store
Loading taxa split …
  Conversion fingerprints: 19,927/84,470 nodes (23.6%)  dim=3072
  Ranking pool: 8,445/13,682 proteins have embeddings (61.7%)

────────────────────────────────────────────────────────────────────────
Dataset summary
────────────────────────────────────────────────────────────────────────
  Target edge : ('Protein', 'catalyzes', 'Interaction')

Node types:
  GeneProduct   num_nodes=    6,480  x=(6480, 1024)
  Interaction   num_nodes=   84,470  x=(84470, 3072)
  Metabolite    num_nodes=   17,476  x=(17476, 1024)
  Protein       num_nodes=   13,682  x=(13682, 960)
Edge types:
  ('GeneProduct', 'encodes', 'Protein')               num_edges=     2,762
  ('GeneProduct', 'is_about', 'GeneProduct')          num_edges=     4,580
  ('Interaction', 'is_about', 'Interaction')          num_edges=    29,740
  ('Interaction', 'participants', 'Interaction')      num_edges=     9,813
  ('Interaction', 'participants', 'Metabolite')       num_edges=    34,793
  ('Interaction', 'source', 'Metabolite')             num_edges=     7,554
  ('Interaction', 'target', 'Interaction')            num_edges=        17
  ('Interaction', 'target', 'Metabolite')             num_edges=    18,622
  ('Metabolite', 'is_about', 'Metabolite')            num_edges=    12,812
  ('Protein', 'catalyzes', 'Interaction')             num_edges=     7,655
  ('Protein', 'encoded_by', 'GeneProduct')            num_edges=     2,762
  ('Protein', 'is_about', 'GeneProduct')              num_edges=        83
  ('Protein', 'is_about', 'Protein')                  num_edges=     9,932

  Positive edge splits:
    train    9,569 edges
    val      1,211 edges
    test     1,200 edges

  Ranking pool : 8,445 proteins  (embedded only)
  Random P-H@50: 0.0059  (0.59%)
────────────────────────────────────────────────────────────────────────

Node types : ['GeneProduct', 'Interaction', 'Metabolite', 'Protein']
  GeneProduct  num_nodes=    6,480  x=(6480, 1024)
  Interaction  num_nodes=   84,470  x=(84470, 3072)
  Metabolite  num_nodes=   17,476  x=(17476, 1024)
  Protein     num_nodes=   13,682  x=(13682, 960)
 ---------- GNN = HGT -----------
Running dummy forward pass to materialize weights...
Model: HeteroGNN  hidden_dim=128  num_layers=3  decoder=dot  dropout=0.3
  Edge types in GNN: 13
  Trainable parameters: 2,210,394
 Epoch     loss val_loss tst_loss  P-H@10   P-H@50   CP-AUC    time
──────────────────────────────────────────────────────────────────
     5   0.6877   0.6965    0.6967  0.0000   0.0000   0.3994    0.3s
    10   0.6787   0.6989    0.6992  0.0000   0.0000   0.4387    0.3s
    15   0.6695   0.7016    0.7020  0.0000   0.0000   0.4567    0.3s
    20   0.6600   0.7047    0.7052  0.0000   0.0000   0.4633    0.3s
    25   0.6498   0.7084    0.7091  0.0000   0.0000   0.4687    0.3s
    30   0.6387   0.7130    0.7138  0.0000   0.0000   0.4757    0.3s
    35   0.6266   0.7188    0.7198  0.0000   0.0000   0.4792    0.3s
    40   0.6126   0.7264    0.7276  0.0000   0.0000   0.4860    0.3s
    45   0.5965   0.7367    0.7380  0.0000   0.0000   0.4913    0.3s
    50   0.5776   0.7510    0.7525  0.0000   0.0000   0.4954    0.3s
    55   0.5556   0.7715    0.7731  0.0000   0.0000   0.5029    0.3s
    60   0.5307   0.8020    0.8037  0.0000   0.0000   0.5090    0.3s
    65   0.5010   0.8483    0.8498  0.0000   0.0000   0.5313    0.3s
    70   0.4667   0.9201    0.9210  0.0000   0.0000   0.5514    0.3s
    75   0.4361   1.0289    1.0278  0.0000   0.0000   0.5891    0.3s
    80   0.4141   1.1685    1.1631  0.0000   0.0000   0.6512    0.3s
    85   0.4023   1.2619    1.2526  0.0000   0.0000   0.7346    0.3s
    90   0.3900   1.2320    1.2238  0.0000   0.0000   0.7892    0.3s
    95   0.3760   1.1334    1.1281  0.0000   0.0000   0.8360    0.3s
   100   0.3645   1.0394    1.0357  0.0000   0.0000   0.8494    0.3s
   105   0.3549   0.9685    0.9653  0.0000   0.0000   0.8560    0.3s
   110   0.3420   0.9093    0.9063  0.0000   0.0000   0.8751    0.3s
   115   0.3244   0.8392    0.8370  0.0000   0.0000   0.8728    0.3s
   120   0.3065   0.7676    0.7670  0.0000   0.0000   0.8745    0.3s
   125   0.2948   0.8447    0.8454  0.0000   0.0000   0.8762    0.3s
   130   0.2853   0.9881    0.9917  0.0000   0.0000   0.8781    0.3s
   135   0.2739   0.8752    0.8840  0.0000   0.0000   0.8840    0.3s
   140   0.2633   0.9272    0.9365  0.0000   0.0023   0.8605    0.3s
   145   0.2573   0.8270    0.8403  0.0000   0.0452   0.8740    0.3s
   150   0.2521   0.8458    0.8575  0.0070   0.0881   0.8727    0.3s
   155   0.2514   0.9100    0.9185  0.0104   0.0800   0.8775    0.3s
   160   0.2457   0.8992    0.9122  0.0104   0.0881   0.8740    0.3s
   165   0.2441   0.8637    0.8823  0.0070   0.0904   0.8791    0.3s
   170   0.2406   0.8393    0.8605  0.0104   0.0904   0.8713    0.3s
   175   0.2399   0.8368    0.8587  0.0185   0.0962   0.8788    0.3s
   180   0.2393   0.8629    0.8848  0.0197   0.0962   0.8764    0.3s
   185   0.2361   0.8572    0.8791  0.0127   0.0800   0.8823    0.3s
   190   0.2350   0.8484    0.8702  0.0127   0.0672   0.8843    0.3s
   195   0.2353   0.8544    0.8775  0.0127   0.0718   0.8860    0.3s
   200   0.2357   0.9123    0.9350  0.0127   0.0429   0.8743    0.3s

Best checkpoint: epoch 179  val P-H@50 = 0.1031

── Final evaluation (best checkpoint) ──────────────────────────────
  val:
    P-H@1=0.0000  P-H@5=0.0070  P-H@10=0.0209  P-H@50=0.1031
    CP-AUC=0.8802  CP-AP=0.8169  loss=0.8411
  test:
    P-H@1=0.0000  P-H@5=0.0000  P-H@10=0.0000  P-H@50=0.0193
    CP-AUC=0.8789  CP-AP=0.7990  loss=0.8640

Report saved → /gpfs/home5/binal1/plantmetbench/runs/sweep_hgt_L3_dot/hgt_L3_h128_dot/seed_42/report_hgt_epoch179.json
Checkpoint → /gpfs/home5/binal1/plantmetbench/runs/sweep_hgt_L3_dot/hgt_L3_h128_dot/seed_42/hgt_L3_epoch179_best.pt
Log        → /gpfs/home5/binal1/plantmetbench/runs/sweep_hgt_L3_dot/hgt_L3_h128_dot/seed_42/train.log
History    → /gpfs/home5/binal1/plantmetbench/runs/sweep_hgt_L3_dot/hgt_L3_h128_dot/seed_42/history_hgt_epoch179.json
# Log started at 2026-08-22T15:30:02.244551
# Log file: /gpfs/home5/binal1/plantmetbench/runs/sweep_hgt_L3_dot/hgt_L3_h128_dot/seed_0/train.log

Run: sweep_hgt_L3_dot  seed=0  →  /gpfs/home5/binal1/plantmetbench/runs/sweep_hgt_L3_dot/hgt_L3_h128_dot/seed_0
  Device: cuda  (NVIDIA H100)

Loading graph from /gpfs/home5/binal1/plantmetbench/data …
  Protein embeddings: 8,445/13,682 nodes covered (61.7%)  dim=960
  Removed 6 is_part_of edge type(s) and Pathway node store
  Removed 3 Organism edge type(s) and Organism node store
Loading taxa split …
  Conversion fingerprints: 19,927/84,470 nodes (23.6%)  dim=3072
  Ranking pool: 8,445/13,682 proteins have embeddings (61.7%)
Node types : ['GeneProduct', 'Interaction', 'Metabolite', 'Protein']
  GeneProduct  num_nodes=    6,480  x=(6480, 1024)
  Interaction  num_nodes=   84,470  x=(84470, 3072)
  Metabolite  num_nodes=   17,476  x=(17476, 1024)
  Protein     num_nodes=   13,682  x=(13682, 960)
 ---------- GNN = HGT -----------
Running dummy forward pass to materialize weights...
Model: HeteroGNN  hidden_dim=128  num_layers=3  decoder=dot  dropout=0.3
  Edge types in GNN: 13
  Trainable parameters: 2,210,394
 Epoch     loss val_loss tst_loss  P-H@10   P-H@50   CP-AUC    time
──────────────────────────────────────────────────────────────────
     5   0.6826   0.6965    0.6967  0.0000   0.0000   0.3793    0.3s
    10   0.6727   0.6995    0.6999  0.0000   0.0000   0.4256    0.3s
    15   0.6624   0.7031    0.7037  0.0000   0.0000   0.4410    0.3s
    20   0.6519   0.7072    0.7081  0.0000   0.0000   0.4478    0.3s
    25   0.6403   0.7121    0.7132  0.0000   0.0000   0.4539    0.3s
    30   0.6280   0.7182    0.7196  0.0000   0.0000   0.4577    0.3s
    35   0.6147   0.7259    0.7275  0.0000   0.0000   0.4561    0.3s
    40   0.5994   0.7359    0.7378  0.0000   0.0000   0.4557    0.3s
    45   0.5825   0.7494    0.7516  0.0000   0.0000   0.4541    0.3s
    50   0.5631   0.7682    0.7707  0.0000   0.0000   0.4542    0.3s
    55   0.5403   0.7954    0.7981  0.0000   0.0000   0.4541    0.3s
    60   0.5144   0.8359    0.8387  0.0000   0.0000   0.4538    0.3s
    65   0.4867   0.8980    0.9008  0.0000   0.0000   0.4475    0.3s
    70   0.4564   0.9941    0.9960  0.0000   0.0000   0.4514    0.3s
    75   0.4288   1.1341    1.1333  0.0000   0.0000   0.4630    0.3s
    80   0.4135   1.2845    1.2786  0.0000   0.0000   0.5119    0.3s
    85   0.4030   1.3362    1.3283  0.0000   0.0000   0.6155    0.3s
    90   0.3908   1.2695    1.2642  0.0000   0.0000   0.7237    0.3s
    95   0.3775   1.1707    1.1681  0.0000   0.0000   0.7977    0.3s
   100   0.3677   1.0938    1.0923  0.0000   0.0000   0.8204    0.3s
   105   0.3575   1.0436    1.0420  0.0000   0.0000   0.8497    0.3s
   110   0.3460   1.0042    1.0014  0.0000   0.0000   0.8516    0.3s
   115   0.3311   0.9475    0.9430  0.0070   0.0846   0.8805    0.3s
   120   0.3122   0.8469    0.8406  0.0104   0.0232   0.8783    0.3s
   125   0.2995   0.8036    0.7965  0.0116   0.0255   0.8753    0.3s
   130   0.2851   0.9737    0.9651  0.0151   0.0927   0.8755    0.3s
   135   0.2783   0.9505    0.9459  0.0116   0.0846   0.8761    0.3s
   140   0.2666   0.9081    0.9091  0.0116   0.0881   0.8778    0.3s
   145   0.2605   0.8487    0.8548  0.0116   0.0857   0.8855    0.3s
   150   0.2569   0.8697    0.8748  0.0116   0.0834   0.8841    0.3s
   155   0.2544   0.8496    0.8565  0.0116   0.0985   0.8789    0.3s
   160   0.2494   0.8214    0.8303  0.0116   0.0660   0.8803    0.3s
   165   0.2477   0.8365    0.8450  0.0116   0.0591   0.8796    0.3s
   170   0.2413   0.8275    0.8367  0.0116   0.0348   0.8819    0.3s
   175   0.2414   0.8215    0.8314  0.0116   0.0313   0.8794    0.3s
   180   0.2402   0.8105    0.8207  0.0081   0.0313   0.8789    0.3s
   185   0.2397   0.8194    0.8283  0.0081   0.0313   0.8706    0.3s
   190   0.2392   0.8683    0.8738  0.0081   0.0348   0.8754    0.3s
   195   0.2372   0.8472    0.8526  0.0081   0.0348   0.8766    0.3s
   200   0.2379   0.8310    0.8381  0.0116   0.0348   0.8788    0.3s

Best checkpoint: epoch 157  val P-H@50 = 0.0997

── Final evaluation (best checkpoint) ──────────────────────────────
  val:
    P-H@1=0.0000  P-H@5=0.0081  P-H@10=0.0116  P-H@50=0.0997
    CP-AUC=0.8702  CP-AP=0.7952  loss=0.8756
  test:
    P-H@1=0.0000  P-H@5=0.0000  P-H@10=0.0000  P-H@50=0.0428
    CP-AUC=0.8760  CP-AP=0.7961  loss=0.8808

Report saved → /gpfs/home5/binal1/plantmetbench/runs/sweep_hgt_L3_dot/hgt_L3_h128_dot/seed_0/report_hgt_epoch157.json
Checkpoint → /gpfs/home5/binal1/plantmetbench/runs/sweep_hgt_L3_dot/hgt_L3_h128_dot/seed_0/hgt_L3_epoch157_best.pt
Log        → /gpfs/home5/binal1/plantmetbench/runs/sweep_hgt_L3_dot/hgt_L3_h128_dot/seed_0/train.log
History    → /gpfs/home5/binal1/plantmetbench/runs/sweep_hgt_L3_dot/hgt_L3_h128_dot/seed_0/history_hgt_epoch157.json
# Log started at 2026-08-22T15:31:19.757323
# Log file: /gpfs/home5/binal1/plantmetbench/runs/sweep_hgt_L3_dot/hgt_L3_h128_dot/seed_1/train.log

Run: sweep_hgt_L3_dot  seed=1  →  /gpfs/home5/binal1/plantmetbench/runs/sweep_hgt_L3_dot/hgt_L3_h128_dot/seed_1
  Device: cuda  (NVIDIA H100)

Loading graph from /gpfs/home5/binal1/plantmetbench/data …
  Protein embeddings: 8,445/13,682 nodes covered (61.7%)  dim=960
  Removed 6 is_part_of edge type(s) and Pathway node store
  Removed 3 Organism edge type(s) and Organism node store
Loading taxa split …
  Conversion fingerprints: 19,927/84,470 nodes (23.6%)  dim=3072
  Ranking pool: 8,445/13,682 proteins have embeddings (61.7%)
Node types : ['GeneProduct', 'Interaction', 'Metabolite', 'Protein']
  GeneProduct  num_nodes=    6,480  x=(6480, 1024)
  Interaction  num_nodes=   84,470  x=(84470, 3072)
  Metabolite  num_nodes=   17,476  x=(17476, 1024)
  Protein     num_nodes=   13,682  x=(13682, 960)
 ---------- GNN = HGT -----------
Running dummy forward pass to materialize weights...
Model: HeteroGNN  hidden_dim=128  num_layers=3  decoder=dot  dropout=0.3
  Edge types in GNN: 13
  Trainable parameters: 2,210,394
 Epoch     loss val_loss tst_loss  P-H@10   P-H@50   CP-AUC    time
──────────────────────────────────────────────────────────────────
     5   0.6881   0.6963    0.6966  0.0000   0.0000   0.4678    0.3s
    10   0.6782   0.6991    0.6996  0.0000   0.0000   0.4800    0.3s
    15   0.6680   0.7022    0.7029  0.0000   0.0000   0.4867    0.3s
    20   0.6575   0.7057    0.7066  0.0000   0.0000   0.4931    0.3s
    25   0.6461   0.7098    0.7109  0.0000   0.0000   0.4976    0.3s
    30   0.6342   0.7149    0.7162  0.0000   0.0000   0.5005    0.3s
    35   0.6203   0.7214    0.7229  0.0000   0.0000   0.5030    0.3s
    40   0.6052   0.7300    0.7317  0.0000   0.0000   0.5046    0.3s
    45   0.5879   0.7418    0.7436  0.0000   0.0000   0.5036    0.3s
    50   0.5685   0.7586    0.7604  0.0000   0.0000   0.5071    0.3s
    55   0.5453   0.7830    0.7848  0.0000   0.0000   0.5077    0.3s
    60   0.5184   0.8200    0.8217  0.0000   0.0000   0.5034    0.3s
    65   0.4880   0.8784    0.8794  0.0000   0.0000   0.5084    0.3s
    70   0.4552   0.9722    0.9713  0.0000   0.0000   0.5154    0.3s
    75   0.4274   1.1151    1.1093  0.0000   0.0000   0.5268    0.3s
    80   0.4083   1.2721    1.2585  0.0000   0.0000   0.5928    0.3s
    85   0.3987   1.3183    1.3018  0.0000   0.0000   0.7018    0.3s
    90   0.3859   1.2382    1.2255  0.0000   0.0000   0.7777    0.3s
    95   0.3719   1.1322    1.1231  0.0000   0.0000   0.8289    0.3s
   100   0.3586   1.0505    1.0427  0.0000   0.0000   0.8434    0.3s
   105   0.3457   0.9876    0.9798  0.0000   0.0000   0.8597    0.3s
   110   0.3271   0.9124    0.9046  0.0058   0.0626   0.8765    0.3s
   115   0.3051   0.7990    0.7931  0.0174   0.0985   0.8855    0.3s
   120   0.2958   0.8115    0.8052  0.0127   0.0950   0.8616    0.3s
   125   0.2808   1.0119    0.9994  0.0070   0.0800   0.8719    0.3s
   130   0.2738   0.9107    0.9016  0.0139   0.0962   0.8733    0.3s
   135   0.2663   0.8966    0.8864  0.0139   0.0915   0.8800    0.3s
   140   0.2622   0.8548    0.8438  0.0139   0.0950   0.8825    0.3s
   145   0.2572   0.8419    0.8295  0.0162   0.0985   0.8859    0.3s
   150   0.2521   0.8305    0.8199  0.0162   0.0950   0.8799    0.3s
   155   0.2485   0.8809    0.8690  0.0104   0.1078   0.8916    0.3s
   160   0.2478   0.8500    0.8452  0.0093   0.0997   0.8786    0.3s
   165   0.2447   0.8516    0.8510  0.0070   0.0997   0.8810    0.3s
   170   0.2412   0.8620    0.8643  0.0104   0.1147   0.8888    0.3s
   175   0.2416   0.8573    0.8624  0.0104   0.1170   0.8758    0.3s
   180   0.2393   0.8515    0.8584  0.0104   0.1089   0.8811    0.3s
   185   0.2381   0.8455    0.8524  0.0104   0.1043   0.8789    0.3s
   190   0.2390   0.8419    0.8473  0.0104   0.1031   0.8777    0.3s
   195   0.2364   0.8429    0.8462  0.0104   0.1054   0.8861    0.3s
   200   0.2379   0.8757    0.8774  0.0104   0.1194   0.8723    0.3s

Best checkpoint: epoch 192  val P-H@50 = 0.1205

── Final evaluation (best checkpoint) ──────────────────────────────
  val:
    P-H@1=0.0000  P-H@5=0.0000  P-H@10=0.0104  P-H@50=0.1205
    CP-AUC=0.8777  CP-AP=0.8173  loss=0.8673
  test:
    P-H@1=0.0000  P-H@5=0.0000  P-H@10=0.0032  P-H@50=0.0225
    CP-AUC=0.8794  CP-AP=0.7972  loss=0.8708

Report saved → /gpfs/home5/binal1/plantmetbench/runs/sweep_hgt_L3_dot/hgt_L3_h128_dot/seed_1/report_hgt_epoch192.json
Checkpoint → /gpfs/home5/binal1/plantmetbench/runs/sweep_hgt_L3_dot/hgt_L3_h128_dot/seed_1/hgt_L3_epoch192_best.pt
Log        → /gpfs/home5/binal1/plantmetbench/runs/sweep_hgt_L3_dot/hgt_L3_h128_dot/seed_1/train.log
History    → /gpfs/home5/binal1/plantmetbench/runs/sweep_hgt_L3_dot/hgt_L3_h128_dot/seed_1/history_hgt_epoch192.json
# Log started at 2026-08-22T15:32:37.330718
# Log file: /gpfs/home5/binal1/plantmetbench/runs/sweep_hgt_L3_dot/hgt_L3_h128_dot/seed_2/train.log

Run: sweep_hgt_L3_dot  seed=2  →  /gpfs/home5/binal1/plantmetbench/runs/sweep_hgt_L3_dot/hgt_L3_h128_dot/seed_2
  Device: cuda  (NVIDIA H100)

Loading graph from /gpfs/home5/binal1/plantmetbench/data …
  Protein embeddings: 8,445/13,682 nodes covered (61.7%)  dim=960
  Removed 6 is_part_of edge type(s) and Pathway node store
  Removed 3 Organism edge type(s) and Organism node store
Loading taxa split …
  Conversion fingerprints: 19,927/84,470 nodes (23.6%)  dim=3072
  Ranking pool: 8,445/13,682 proteins have embeddings (61.7%)
Node types : ['GeneProduct', 'Interaction', 'Metabolite', 'Protein']
  GeneProduct  num_nodes=    6,480  x=(6480, 1024)
  Interaction  num_nodes=   84,470  x=(84470, 3072)
  Metabolite  num_nodes=   17,476  x=(17476, 1024)
  Protein     num_nodes=   13,682  x=(13682, 960)
 ---------- GNN = HGT -----------
Running dummy forward pass to materialize weights...
Model: HeteroGNN  hidden_dim=128  num_layers=3  decoder=dot  dropout=0.3
  Edge types in GNN: 13
  Trainable parameters: 2,210,394
 Epoch     loss val_loss tst_loss  P-H@10   P-H@50   CP-AUC    time
──────────────────────────────────────────────────────────────────
     5   0.6923   0.6954    0.6954  0.0000   0.0000   0.4730    0.3s
    10   0.6834   0.6980    0.6979  0.0000   0.0000   0.4757    0.3s
    15   0.6741   0.7009    0.7008  0.0000   0.0000   0.4742    0.3s
    20   0.6641   0.7044    0.7042  0.0000   0.0000   0.4694    0.3s
    25   0.6539   0.7086    0.7083  0.0000   0.0000   0.4688    0.3s
    30   0.6425   0.7137    0.7134  0.0000   0.0000   0.4670    0.3s
    35   0.6297   0.7202    0.7198  0.0000   0.0000   0.4645    0.3s
    40   0.6158   0.7288    0.7282  0.0000   0.0000   0.4591    0.3s
    45   0.5991   0.7405    0.7397  0.0000   0.0000   0.4603    0.3s
    50   0.5802   0.7568    0.7557  0.0000   0.0000   0.4598    0.3s
    55   0.5584   0.7802    0.7788  0.0000   0.0000   0.4553    0.3s
    60   0.5334   0.8151    0.8132  0.0000   0.0000   0.4521    0.3s
    65   0.5045   0.8685    0.8658  0.0000   0.0000   0.4484    0.3s
    70   0.4733   0.9515    0.9475  0.0000   0.0000   0.4599    0.3s
    75   0.4426   1.0768    1.0702  0.0000   0.0000   0.4710    0.3s
    80   0.4222   1.2322    1.2208  0.0000   0.0000   0.5295    0.3s
    85   0.4089   1.3256    1.3107  0.0000   0.0000   0.6278    0.3s
    90   0.3964   1.2877    1.2749  0.0000   0.0000   0.7240    0.3s
    95   0.3844   1.1868    1.1775  0.0000   0.0000   0.7908    0.3s
   100   0.3716   1.0962    1.0890  0.0000   0.0000   0.8164    0.3s
   105   0.3638   1.0349    1.0284  0.0000   0.0000   0.8478    0.3s
   110   0.3500   0.9912    0.9846  0.0000   0.0000   0.8562    0.3s
   115   0.3372   0.9404    0.9331  0.0000   0.0660   0.8724    0.3s
   120   0.3178   0.8549    0.8466  0.0070   0.0290   0.8929    0.3s
   125   0.3027   0.8024    0.7936  0.0023   0.0267   0.8745    0.3s
   130   0.2934   0.9347    0.9262  0.0000   0.0070   0.8674    0.3s
   135   0.2859   0.9991    0.9932  0.0000   0.0093   0.8732    0.3s
   140   0.2775   0.8971    0.8953  0.0000   0.0000   0.8635    0.3s
   145   0.2674   0.9239    0.9234  0.0000   0.0104   0.8763    0.3s
   150   0.2633   0.8741    0.8753  0.0000   0.0174   0.8838    0.3s
   155   0.2555   0.8510    0.8514  0.0104   0.0939   0.8715    0.3s
   160   0.2536   0.8827    0.8773  0.0116   0.1194   0.8676    0.3s
   165   0.2495   0.8971    0.8884  0.0116   0.1194   0.8776    0.3s
   170   0.2470   0.8963    0.8879  0.0116   0.1170   0.8780    0.3s
   175   0.2440   0.8958    0.8883  0.0174   0.1205   0.8736    0.3s
   180   0.2420   0.8598    0.8555  0.0139   0.1043   0.8702    0.3s
   185   0.2409   0.8471    0.8432  0.0127   0.1008   0.8751    0.3s
   190   0.2425   0.8593    0.8539  0.0104   0.0811   0.8777    0.3s
   195   0.2408   0.8435    0.8378  0.0104   0.0823   0.8670    0.3s
   200   0.2380   0.8480    0.8403  0.0104   0.0811   0.8784    0.3s

Best checkpoint: epoch 164  val P-H@50 = 0.1205

── Final evaluation (best checkpoint) ──────────────────────────────
  val:
    P-H@1=0.0000  P-H@5=0.0000  P-H@10=0.0116  P-H@50=0.1205
    CP-AUC=0.8633  CP-AP=0.7706  loss=0.8896
  test:
    P-H@1=0.0000  P-H@5=0.0000  P-H@10=0.0021  P-H@50=0.0439
    CP-AUC=0.8748  CP-AP=0.7834  loss=0.8820

Report saved → /gpfs/home5/binal1/plantmetbench/runs/sweep_hgt_L3_dot/hgt_L3_h128_dot/seed_2/report_hgt_epoch164.json
Checkpoint → /gpfs/home5/binal1/plantmetbench/runs/sweep_hgt_L3_dot/hgt_L3_h128_dot/seed_2/hgt_L3_epoch164_best.pt
Log        → /gpfs/home5/binal1/plantmetbench/runs/sweep_hgt_L3_dot/hgt_L3_h128_dot/seed_2/train.log
History    → /gpfs/home5/binal1/plantmetbench/runs/sweep_hgt_L3_dot/hgt_L3_h128_dot/seed_2/history_hgt_epoch164.json
# Log started at 2026-08-22T15:33:55.386874
# Log file: /gpfs/home5/binal1/plantmetbench/runs/sweep_hgt_L3_dot/hgt_L3_h128_dot/seed_3/train.log

Run: sweep_hgt_L3_dot  seed=3  →  /gpfs/home5/binal1/plantmetbench/runs/sweep_hgt_L3_dot/hgt_L3_h128_dot/seed_3
  Device: cuda  (NVIDIA H100)

Loading graph from /gpfs/home5/binal1/plantmetbench/data …
  Protein embeddings: 8,445/13,682 nodes covered (61.7%)  dim=960
  Removed 6 is_part_of edge type(s) and Pathway node store
  Removed 3 Organism edge type(s) and Organism node store
Loading taxa split …
  Conversion fingerprints: 19,927/84,470 nodes (23.6%)  dim=3072
  Ranking pool: 8,445/13,682 proteins have embeddings (61.7%)
Node types : ['GeneProduct', 'Interaction', 'Metabolite', 'Protein']
  GeneProduct  num_nodes=    6,480  x=(6480, 1024)
  Interaction  num_nodes=   84,470  x=(84470, 3072)
  Metabolite  num_nodes=   17,476  x=(17476, 1024)
  Protein     num_nodes=   13,682  x=(13682, 960)
 ---------- GNN = HGT -----------
Running dummy forward pass to materialize weights...
Model: HeteroGNN  hidden_dim=128  num_layers=3  decoder=dot  dropout=0.3
  Edge types in GNN: 13
  Trainable parameters: 2,210,394
 Epoch     loss val_loss tst_loss  P-H@10   P-H@50   CP-AUC    time
──────────────────────────────────────────────────────────────────
     5   0.6735   0.6979    0.6981  0.0000   0.0000   0.3536    0.3s
    10   0.6633   0.7017    0.7021  0.0000   0.0000   0.4010    0.3s
    15   0.6525   0.7061    0.7068  0.0000   0.0000   0.4189    0.3s
    20   0.6413   0.7114    0.7122  0.0000   0.0000   0.4278    0.3s
    25   0.6295   0.7176    0.7188  0.0000   0.0000   0.4374    0.3s
    30   0.6168   0.7253    0.7267  0.0000   0.0000   0.4346    0.3s
    35   0.6030   0.7349    0.7366  0.0000   0.0000   0.4385    0.3s
    40   0.5876   0.7474    0.7494  0.0000   0.0000   0.4422    0.3s
    45   0.5698   0.7641    0.7665  0.0000   0.0000   0.4405    0.3s
    50   0.5501   0.7869    0.7898  0.0000   0.0000   0.4384    0.3s
    55   0.5285   0.8192    0.8226  0.0000   0.0000   0.4386    0.3s
    60   0.5038   0.8656    0.8697  0.0000   0.0000   0.4368    0.3s
    65   0.4768   0.9336    0.9382  0.0000   0.0000   0.4382    0.3s
    70   0.4505   1.0314    1.0361  0.0000   0.0000   0.4467    0.3s
    75   0.4285   1.1581    1.1616  0.0000   0.0000   0.4742    0.3s
    80   0.4140   1.2698    1.2712  0.0000   0.0000   0.5397    0.3s
    85   0.4035   1.2940    1.2953  0.0000   0.0000   0.6570    0.3s
    90   0.3904   1.2340    1.2375  0.0000   0.0000   0.7499    0.3s
    95   0.3758   1.1493    1.1548  0.0000   0.0000   0.8117    0.3s
   100   0.3642   1.0765    1.0829  0.0000   0.0000   0.8448    0.3s
   105   0.3512   1.0153    1.0219  0.0000   0.0000   0.8639    0.3s
   110   0.3355   0.9446    0.9516  0.0000   0.0000   0.8700    0.3s
   115   0.3168   0.8366    0.8450  0.0104   0.1298   0.8833    0.3s
   120   0.3006   0.7650    0.7743  0.0093   0.1043   0.8787    0.3s
   125   0.2883   0.9481    0.9639  0.0104   0.1159   0.8838    0.3s
   130   0.2819   1.0012    1.0239  0.0116   0.1205   0.8830    0.3s
   135   0.2739   0.9044    0.9293  0.0035   0.1182   0.8784    0.3s
   140   0.2651   0.9394    0.9667  0.0116   0.1020   0.8980    0.3s
   145   0.2602   0.8527    0.8799  0.0116   0.1043   0.8773    0.3s
   150   0.2528   0.8491    0.8741  0.0116   0.0823   0.8711    0.3s
   155   0.2488   0.8844    0.9041  0.0116   0.0336   0.8835    0.3s
   160   0.2455   0.8706    0.8869  0.0116   0.0417   0.8812    0.3s
   165   0.2419   0.8564    0.8705  0.0116   0.0556   0.8848    0.3s
   170   0.2411   0.8575    0.8697  0.0116   0.0371   0.8874    0.3s
   175   0.2375   0.8493    0.8599  0.0116   0.0348   0.8818    0.3s
   180   0.2378   0.8451    0.8527  0.0116   0.0510   0.8665    0.3s
   185   0.2359   0.8742    0.8773  0.0116   0.0475   0.8883    0.3s
   190   0.2371   0.8994    0.8985  0.0116   0.0371   0.8796    0.3s
   195   0.2354   0.8668    0.8665  0.0116   0.0521   0.8899    0.3s
   200   0.2339   0.8625    0.8634  0.0116   0.0718   0.8772    0.3s

Best checkpoint: epoch 124  val P-H@50 = 0.1309

── Final evaluation (best checkpoint) ──────────────────────────────
  val:
    P-H@1=0.0000  P-H@5=0.0046  P-H@10=0.0070  P-H@50=0.1309
    CP-AUC=0.8794  CP-AP=0.8167  loss=0.8970
  test:
    P-H@1=0.0000  P-H@5=0.0000  P-H@10=0.0000  P-H@50=0.0289
    CP-AUC=0.8816  CP-AP=0.8019  loss=0.9107

Report saved → /gpfs/home5/binal1/plantmetbench/runs/sweep_hgt_L3_dot/hgt_L3_h128_dot/seed_3/report_hgt_epoch124.json
Checkpoint → /gpfs/home5/binal1/plantmetbench/runs/sweep_hgt_L3_dot/hgt_L3_h128_dot/seed_3/hgt_L3_epoch124_best.pt
Log        → /gpfs/home5/binal1/plantmetbench/runs/sweep_hgt_L3_dot/hgt_L3_h128_dot/seed_3/train.log
History    → /gpfs/home5/binal1/plantmetbench/runs/sweep_hgt_L3_dot/hgt_L3_h128_dot/seed_3/history_hgt_epoch124.json
Remaining : ['--gnn-name', 'hgt', '--num-layers', '3', '--decoder', 'dot', '--epochs', '200']
PlantMetBench — multi-seed training
  Seeds    : [42, 0, 1, 2, 3]
  Run name : sweep_hgt_L3_dot
  Extra    : --gnn-name hgt --num-layers 3 --decoder dot --epochs 200

======================================================================
  Seed 42  →  /gpfs/home5/binal1/plantmetbench/runs/sweep_hgt_L3_dot/hgt_L3_h128_dot/seed_42/
======================================================================

======================================================================
  Seed 0  →  /gpfs/home5/binal1/plantmetbench/runs/sweep_hgt_L3_dot/hgt_L3_h128_dot/seed_0/
======================================================================

======================================================================
  Seed 1  →  /gpfs/home5/binal1/plantmetbench/runs/sweep_hgt_L3_dot/hgt_L3_h128_dot/seed_1/
======================================================================

======================================================================
  Seed 2  →  /gpfs/home5/binal1/plantmetbench/runs/sweep_hgt_L3_dot/hgt_L3_h128_dot/seed_2/
======================================================================

======================================================================
  Seed 3  →  /gpfs/home5/binal1/plantmetbench/runs/sweep_hgt_L3_dot/hgt_L3_h128_dot/seed_3/
======================================================================

======================================================================
  Multi-seed summary
======================================================================
  Metric                    Mean       Std  n
  --------------------------------------------------
  val_ph50                0.1149    0.0131  5
  val_ph10                0.0123    0.0052  5
  val_ph1                 0.0000    0.0000  5
  val_ph5                 0.0039    0.0038  5
  val_cp_auc              0.8742    0.0072  5
  val_cp_ap               0.8033    0.0206  5
  test_ph50               0.0315    0.0114  5
  test_ph10               0.0011    0.0015  5
  test_ph1                0.0000    0.0000  5
  test_ph5                0.0000    0.0000  5
  test_cp_auc             0.8781    0.0027  5
  test_cp_ap              0.7955    0.0071  5
  best_epoch            163.2000   25.7624  5

Summary saved → /gpfs/home5/binal1/plantmetbench/runs/sweep_hgt_L3_dot/seeds_summary_hgt_L3_h128_dot.json
Summary saved → /gpfs/home5/binal1/plantmetbench/runs/sweep_hgt_L3_dot/hgt_L3_h128_dot/seeds_summary_hgt_L3_h128_dot.json
