============================================================================================== 
Warning! Mixing Conda and module environments may lead to corruption of the
user environment. 
We do not recommend users mixing those two environments unless absolutely
necessary. Note that 
SURF does not provide any support for Conda environment.
For more information, please refer to our software policy page:
https://servicedesk.surf.nl/wiki/display/WIKI/Software+policy+Snellius#SoftwarepolicySnellius-UseofAnacondaandMinicondaenvironmentsonSnellius 

Remember that many packages have already been installed on the system and can
be loaded using 
the 'module load <package__name>' command. If you are uncertain if a package is
already available 
on the system, please use 'module avail' or 'module spider' to search for it.
============================================================================================== 

==================================================================
  Config: gnn-name=sage  num-layers=1  decoder=dot
  Run name: sweep_sage_L1_dot
==================================================================
# Log started at 2026-08-22T13:05:35.916721
# Log file: /gpfs/home5/binal1/plantmetbench/runs/sweep_sage_L1_dot/sage_L1_h128_dot/seed_42/train.log

Run: sweep_sage_L1_dot  seed=42  →  /gpfs/home5/binal1/plantmetbench/runs/sweep_sage_L1_dot/sage_L1_h128_dot/seed_42
  Device: cuda  (NVIDIA H100)

Loading graph from /gpfs/home5/binal1/plantmetbench/data …
  Protein embeddings: 8,445/13,682 nodes covered (61.7%)  dim=960
  Removed 6 is_part_of edge type(s) and Pathway node store
  Removed 3 Organism edge type(s) and Organism node store
Loading taxa split …
  Conversion fingerprints: 19,927/84,470 nodes (23.6%)  dim=3072
  Ranking pool: 8,445/13,682 proteins have embeddings (61.7%)

────────────────────────────────────────────────────────────────────────
Dataset summary
────────────────────────────────────────────────────────────────────────
  Target edge : ('Protein', 'catalyzes', 'Interaction')

Node types:
  GeneProduct   num_nodes=    6,480  x=(6480, 1024)
  Interaction   num_nodes=   84,470  x=(84470, 3072)
  Metabolite    num_nodes=   17,476  x=(17476, 1024)
  Protein       num_nodes=   13,682  x=(13682, 960)
Edge types:
  ('GeneProduct', 'encodes', 'Protein')               num_edges=     2,762
  ('GeneProduct', 'is_about', 'GeneProduct')          num_edges=     4,580
  ('Interaction', 'is_about', 'Interaction')          num_edges=    29,740
  ('Interaction', 'participants', 'Interaction')      num_edges=     9,813
  ('Interaction', 'participants', 'Metabolite')       num_edges=    34,793
  ('Interaction', 'source', 'Metabolite')             num_edges=     7,554
  ('Interaction', 'target', 'Interaction')            num_edges=        17
  ('Interaction', 'target', 'Metabolite')             num_edges=    18,622
  ('Metabolite', 'is_about', 'Metabolite')            num_edges=    12,812
  ('Protein', 'catalyzes', 'Interaction')             num_edges=     7,655
  ('Protein', 'encoded_by', 'GeneProduct')            num_edges=     2,762
  ('Protein', 'is_about', 'GeneProduct')              num_edges=        83
  ('Protein', 'is_about', 'Protein')                  num_edges=     9,932

  Positive edge splits:
    train    9,569 edges
    val      1,211 edges
    test     1,200 edges

  Ranking pool : 8,445 proteins  (embedded only)
  Random P-H@50: 0.0059  (0.59%)
────────────────────────────────────────────────────────────────────────

Node types : ['GeneProduct', 'Interaction', 'Metabolite', 'Protein']
  GeneProduct  num_nodes=    6,480  x=(6480, 1024)
  Interaction  num_nodes=   84,470  x=(84470, 3072)
  Metabolite  num_nodes=   17,476  x=(17476, 1024)
  Protein     num_nodes=   13,682  x=(13682, 960)
 -------- GNN = SAGE ------------
Running dummy forward pass to materialize weights...
Model: HeteroGNN  hidden_dim=128  num_layers=1  decoder=dot  dropout=0.3
  Edge types in GNN: 13
  Trainable parameters: 5,981,824
 Epoch     loss val_loss tst_loss  P-H@10   P-H@50   CP-AUC    time
──────────────────────────────────────────────────────────────────
     5   0.4788   1.4413    1.5691  0.0093   0.0718   0.6042    0.2s
    10   0.4569   1.6277    1.8456  0.0162   0.1611   0.6645    0.2s
    15   0.4223   1.1613    1.3078  0.0127   0.1564   0.7387    0.2s
    20   0.4044   1.0663    1.1550  0.0070   0.1425   0.7903    0.2s
    25   0.3871   1.1753    1.2597  0.0023   0.1333   0.8068    0.2s
    30   0.3714   1.1096    1.1787  0.0162   0.1147   0.8313    0.2s
    35   0.3596   1.1101    1.1507  0.0232   0.1194   0.8406    0.2s
    40   0.3492   1.1346    1.1578  0.0197   0.1275   0.8443    0.2s
    45   0.3374   1.0515    1.0710  0.0267   0.1240   0.8666    0.2s
    50   0.3285   1.0719    1.0966  0.0232   0.1286   0.8641    0.2s
    55   0.3189   1.0843    1.1291  0.0209   0.1472   0.8723    0.2s
    60   0.3112   1.0800    1.1390  0.0278   0.1900   0.8642    0.2s
    65   0.3058   1.1246    1.1870  0.0255   0.1854   0.8821    0.2s
    70   0.2938   1.0745    1.1261  0.0348   0.1819   0.8857    0.2s
    75   0.2902   1.1376    1.1920  0.0359   0.1993   0.8926    0.2s
    80   0.2875   1.1323    1.1758  0.0359   0.2086   0.8992    0.2s
    85   0.2820   1.1659    1.2099  0.0371   0.2063   0.8915    0.2s
    90   0.2752   1.1871    1.2326  0.0394   0.2109   0.8901    0.2s
    95   0.2697   1.1320    1.1446  0.0475   0.2167   0.8978    0.2s
   100   0.2645   1.2628    1.2900  0.0568   0.2352   0.8973    0.2s
   105   0.2646   1.2434    1.2629  0.0660   0.2364   0.9030    0.2s
   110   0.2595   1.0905    1.0872  0.0742   0.2260   0.9022    0.2s
   115   0.2548   1.1543    1.1542  0.0649   0.2433   0.8916    0.2s
   120   0.2497   1.2837    1.3038  0.0603   0.2457   0.8995    0.2s
   125   0.2486   1.3649    1.3832  0.0579   0.2445   0.9014    0.2s
   130   0.2548   1.2624    1.2719  0.0290   0.2294   0.8985    0.2s
   135   0.2497   1.0232    1.0020  0.0800   0.2480   0.9014    0.2s
   140   0.2430   1.1383    1.1280  0.0742   0.2549   0.8904    0.2s
   145   0.2446   1.2422    1.2575  0.0371   0.2503   0.8923    0.2s
   150   0.2411   1.3351    1.3490  0.0591   0.2457   0.8971    0.2s
   155   0.2362   1.3003    1.3048  0.0614   0.2468   0.9074    0.2s
   160   0.2360   1.1816    1.1691  0.0510   0.2572   0.8942    0.2s
   165   0.2347   1.2039    1.1948  0.0603   0.2526   0.9076    0.2s
   170   0.2313   1.3592    1.3614  0.0660   0.2503   0.9091    0.2s
   175   0.2280   1.3234    1.3186  0.0684   0.2514   0.9049    0.2s
   180   0.2260   1.1827    1.1653  0.0440   0.2630   0.8939    0.2s
   185   0.2272   1.2319    1.2182  0.0429   0.2619   0.9076    0.2s
   190   0.2249   1.3958    1.3959  0.0637   0.2538   0.9115    0.2s
   195   0.2229   1.3550    1.3497  0.0776   0.2538   0.9145    0.2s
   200   0.2197   1.2143    1.1909  0.0718   0.2758   0.9120    0.2s

Best checkpoint: epoch 200  val P-H@50 = 0.2758

── Final evaluation (best checkpoint) ──────────────────────────────
  val:
    P-H@1=0.0046  P-H@5=0.0151  P-H@10=0.0718  P-H@50=0.2758
    CP-AUC=0.9067  CP-AP=0.8866  loss=1.2143
  test:
    P-H@1=0.0118  P-H@5=0.0268  P-H@10=0.0375  P-H@50=0.2891
    CP-AUC=0.9138  CP-AP=0.8896  loss=1.1909

Report saved → /gpfs/home5/binal1/plantmetbench/runs/sweep_sage_L1_dot/sage_L1_h128_dot/seed_42/report_sage_epoch200.json
Checkpoint → /gpfs/home5/binal1/plantmetbench/runs/sweep_sage_L1_dot/sage_L1_h128_dot/seed_42/sage_L1_epoch200_best.pt
Log        → /gpfs/home5/binal1/plantmetbench/runs/sweep_sage_L1_dot/sage_L1_h128_dot/seed_42/train.log
History    → /gpfs/home5/binal1/plantmetbench/runs/sweep_sage_L1_dot/sage_L1_h128_dot/seed_42/history_sage_epoch200.json
# Log started at 2026-08-22T13:06:31.424682
# Log file: /gpfs/home5/binal1/plantmetbench/runs/sweep_sage_L1_dot/sage_L1_h128_dot/seed_0/train.log

Run: sweep_sage_L1_dot  seed=0  →  /gpfs/home5/binal1/plantmetbench/runs/sweep_sage_L1_dot/sage_L1_h128_dot/seed_0
  Device: cuda  (NVIDIA H100)

Loading graph from /gpfs/home5/binal1/plantmetbench/data …
  Protein embeddings: 8,445/13,682 nodes covered (61.7%)  dim=960
  Removed 6 is_part_of edge type(s) and Pathway node store
  Removed 3 Organism edge type(s) and Organism node store
Loading taxa split …
  Conversion fingerprints: 19,927/84,470 nodes (23.6%)  dim=3072
  Ranking pool: 8,445/13,682 proteins have embeddings (61.7%)
Node types : ['GeneProduct', 'Interaction', 'Metabolite', 'Protein']
  GeneProduct  num_nodes=    6,480  x=(6480, 1024)
  Interaction  num_nodes=   84,470  x=(84470, 3072)
  Metabolite  num_nodes=   17,476  x=(17476, 1024)
  Protein     num_nodes=   13,682  x=(13682, 960)
 -------- GNN = SAGE ------------
Running dummy forward pass to materialize weights...
Model: HeteroGNN  hidden_dim=128  num_layers=1  decoder=dot  dropout=0.3
  Edge types in GNN: 13
  Trainable parameters: 5,981,824
 Epoch     loss val_loss tst_loss  P-H@10   P-H@50   CP-AUC    time
──────────────────────────────────────────────────────────────────
     5   0.4687   1.4773    1.6241  0.0058   0.1008   0.6155    0.2s
    10   0.4536   1.6570    1.9006  0.0197   0.1448   0.6720    0.2s
    15   0.4206   1.1000    1.2488  0.0255   0.1518   0.7550    0.2s
    20   0.4045   1.0683    1.1559  0.0046   0.1414   0.8010    0.2s
    25   0.3872   1.1421    1.2336  0.0035   0.1414   0.8163    0.2s
    30   0.3702   1.0728    1.1406  0.0023   0.1344   0.8450    0.2s
    35   0.3591   1.0624    1.0901  0.0081   0.1414   0.8598    0.2s
    40   0.3504   1.0945    1.1136  0.0139   0.1564   0.8606    0.2s
    45   0.3391   1.0550    1.0776  0.0278   0.1889   0.8708    0.2s
    50   0.3282   1.0732    1.1006  0.0162   0.1761   0.8829    0.2s
    55   0.3195   1.0342    1.0694  0.0104   0.1866   0.8801    0.2s
    60   0.3117   1.0191    1.0498  0.0139   0.1784   0.8825    0.2s
    65   0.3063   1.0772    1.1105  0.0139   0.1750   0.8862    0.2s
    70   0.3000   1.0419    1.0713  0.0139   0.1866   0.8927    0.2s
    75   0.2933   1.0712    1.0981  0.0139   0.1866   0.8838    0.2s
    80   0.2882   1.0746    1.0949  0.0162   0.1889   0.8950    0.2s
    85   0.2842   1.0909    1.1079  0.0174   0.2005   0.8898    0.2s
    90   0.2797   1.1676    1.1905  0.0116   0.2086   0.8936    0.2s
    95   0.2754   1.1425    1.1582  0.0116   0.1924   0.8939    0.2s
   100   0.2700   1.1689    1.1874  0.0324   0.1958   0.8941    0.2s
   105   0.2636   1.1544    1.1670  0.0209   0.1981   0.9009    0.2s
   110   0.2591   1.2182    1.2189  0.0382   0.2155   0.8944    0.2s
   115   0.2550   1.1720    1.1551  0.0498   0.2236   0.9132    0.2s
   120   0.2522   1.2278    1.2150  0.0521   0.2121   0.9040    0.2s
   125   0.2499   1.2206    1.2156  0.0533   0.2225   0.8982    0.2s
   130   0.2439   1.3293    1.3218  0.0603   0.2155   0.9045    0.2s
   135   0.2431   1.3013    1.2918  0.0626   0.2213   0.8994    0.2s
   140   0.2351   1.3550    1.3393  0.0776   0.2225   0.9045    0.2s
   145   0.2321   1.1983    1.1540  0.0730   0.2491   0.9014    0.2s
   150   0.2318   1.1918    1.1375  0.0753   0.2480   0.9078    0.2s
   155   0.2268   1.2058    1.1576  0.0765   0.2457   0.9059    0.2s
   160   0.2300   1.2860    1.2506  0.0533   0.2514   0.9026    0.2s
   165   0.2283   1.4560    1.4365  0.0788   0.2538   0.9024    0.2s
   170   0.2231   1.3938    1.3603  0.0776   0.2630   0.9074    0.2s
   175   0.2228   1.3352    1.2930  0.0545   0.2572   0.9063    0.2s
   180   0.2246   1.2677    1.2232  0.0637   0.2677   0.9020    0.2s
   185   0.2200   1.5244    1.4999  0.0742   0.2619   0.8975    0.2s
   190   0.2208   1.4602    1.4304  0.0857   0.2619   0.9032    0.2s
   195   0.2272   1.6689    1.6666  0.0869   0.2897   0.9054    0.2s
   200   0.2280   1.5477    1.5416  0.0487   0.2607   0.9035    0.2s

Best checkpoint: epoch 195  val P-H@50 = 0.2897

── Final evaluation (best checkpoint) ──────────────────────────────
  val:
    P-H@1=0.0000  P-H@5=0.0162  P-H@10=0.0869  P-H@50=0.2897
    CP-AUC=0.9059  CP-AP=0.8929  loss=1.6689
  test:
    P-H@1=0.0086  P-H@5=0.0460  P-H@10=0.0782  P-H@50=0.2955
    CP-AUC=0.9213  CP-AP=0.9041  loss=1.6666

Report saved → /gpfs/home5/binal1/plantmetbench/runs/sweep_sage_L1_dot/sage_L1_h128_dot/seed_0/report_sage_epoch195.json
Checkpoint → /gpfs/home5/binal1/plantmetbench/runs/sweep_sage_L1_dot/sage_L1_h128_dot/seed_0/sage_L1_epoch195_best.pt
Log        → /gpfs/home5/binal1/plantmetbench/runs/sweep_sage_L1_dot/sage_L1_h128_dot/seed_0/train.log
History    → /gpfs/home5/binal1/plantmetbench/runs/sweep_sage_L1_dot/sage_L1_h128_dot/seed_0/history_sage_epoch195.json
# Log started at 2026-08-22T13:07:27.130951
# Log file: /gpfs/home5/binal1/plantmetbench/runs/sweep_sage_L1_dot/sage_L1_h128_dot/seed_1/train.log

Run: sweep_sage_L1_dot  seed=1  →  /gpfs/home5/binal1/plantmetbench/runs/sweep_sage_L1_dot/sage_L1_h128_dot/seed_1
  Device: cuda  (NVIDIA H100)

Loading graph from /gpfs/home5/binal1/plantmetbench/data …
  Protein embeddings: 8,445/13,682 nodes covered (61.7%)  dim=960
  Removed 6 is_part_of edge type(s) and Pathway node store
  Removed 3 Organism edge type(s) and Organism node store
Loading taxa split …
  Conversion fingerprints: 19,927/84,470 nodes (23.6%)  dim=3072
  Ranking pool: 8,445/13,682 proteins have embeddings (61.7%)
Node types : ['GeneProduct', 'Interaction', 'Metabolite', 'Protein']
  GeneProduct  num_nodes=    6,480  x=(6480, 1024)
  Interaction  num_nodes=   84,470  x=(84470, 3072)
  Metabolite  num_nodes=   17,476  x=(17476, 1024)
  Protein     num_nodes=   13,682  x=(13682, 960)
 -------- GNN = SAGE ------------
Running dummy forward pass to materialize weights...
Model: HeteroGNN  hidden_dim=128  num_layers=1  decoder=dot  dropout=0.3
  Edge types in GNN: 13
  Trainable parameters: 5,981,824
 Epoch     loss val_loss tst_loss  P-H@10   P-H@50   CP-AUC    time
──────────────────────────────────────────────────────────────────
     5   0.4735   1.3516    1.4561  0.0023   0.0093   0.6093    0.2s
    10   0.4569   1.6560    1.8720  0.0046   0.0197   0.6739    0.2s
    15   0.4290   1.2592    1.4277  0.0000   0.0278   0.7402    0.2s
    20   0.4109   1.0310    1.1276  0.0035   0.0371   0.8050    0.2s
    25   0.3920   1.0729    1.1376  0.0058   0.0881   0.8087    0.2s
    30   0.3786   1.1175    1.1784  0.0035   0.1020   0.8294    0.2s
    35   0.3647   1.0102    1.0513  0.0093   0.1367   0.8475    0.2s
    40   0.3532   1.0007    1.0172  0.0116   0.1460   0.8401    0.2s
    45   0.3435   1.0535    1.0738  0.0151   0.1101   0.8644    0.2s
    50   0.3346   1.0295    1.0688  0.0185   0.1333   0.8750    0.2s
    55   0.3276   1.0267    1.0784  0.0220   0.1622   0.8797    0.2s
    60   0.3173   1.0453    1.0979  0.0255   0.1576   0.8805    0.2s
    65   0.3085   1.0124    1.0537  0.0394   0.1680   0.8852    0.2s
    70   0.3018   1.0679    1.1175  0.0359   0.1692   0.8964    0.2s
    75   0.2945   1.0044    1.0482  0.0475   0.1657   0.8934    0.2s
    80   0.2897   1.1005    1.1739  0.0498   0.2028   0.8976    0.2s
    85   0.2846   1.0384    1.0989  0.0440   0.1889   0.8914    0.2s
    90   0.2791   1.0540    1.1037  0.0429   0.2144   0.9039    0.2s
    95   0.2729   1.0891    1.1366  0.0371   0.2097   0.9027    0.2s
   100   0.2699   1.0656    1.1112  0.0359   0.2074   0.9085    0.2s
   105   0.2710   0.9122    0.9428  0.0394   0.1796   0.8959    0.2s
   110   0.2608   0.9780    1.0206  0.0348   0.1784   0.9146    0.2s
   115   0.2696   1.2398    1.3205  0.0695   0.2329   0.9133    0.2s
   120   0.2622   1.3769    1.4739  0.0776   0.2271   0.8939    0.2s
   125   0.2570   1.2762    1.3587  0.0406   0.2190   0.9062    0.2s
   130   0.2714   1.0162    1.0572  0.0417   0.2063   0.9091    0.2s
   135   0.2592   1.0155    1.0529  0.0394   0.2063   0.9157    0.2s
   140   0.2496   1.1652    1.2127  0.0649   0.2190   0.9015    0.2s
   145   0.2507   1.1369    1.1917  0.0614   0.2178   0.9112    0.2s
   150   0.2473   1.1475    1.1989  0.0718   0.2317   0.9134    0.2s
   155   0.2398   1.1179    1.1472  0.0707   0.2294   0.9214    0.2s
   160   0.2494   1.1411    1.1784  0.0301   0.1970   0.9105    0.2s
   165   0.2415   1.1952    1.2394  0.0463   0.2341   0.9086    0.2s
   170   0.2382   1.2052    1.2399  0.0695   0.2248   0.9155    0.2s
   175   0.2336   1.1941    1.2208  0.0568   0.2202   0.9142    0.2s
   180   0.2308   1.2388    1.2836  0.0568   0.2317   0.9127    0.2s
   185   0.2294   1.2496    1.2733  0.0382   0.2445   0.9075    0.2s
   190   0.2311   1.0578    1.0495  0.0336   0.2294   0.9116    0.2s
   195   0.2359   1.3042    1.3196  0.0371   0.2491   0.9208    0.2s
   200   0.2240   1.4813    1.5174  0.0649   0.2584   0.9143    0.2s

Best checkpoint: epoch 193  val P-H@50 = 0.2677

── Final evaluation (best checkpoint) ──────────────────────────────
  val:
    P-H@1=0.0000  P-H@5=0.0197  P-H@10=0.0707  P-H@50=0.2677
    CP-AUC=0.9170  CP-AP=0.8956  loss=1.6567
  test:
    P-H@1=0.0000  P-H@5=0.0214  P-H@10=0.0632  P-H@50=0.2355
    CP-AUC=0.9227  CP-AP=0.8986  loss=1.7212

Report saved → /gpfs/home5/binal1/plantmetbench/runs/sweep_sage_L1_dot/sage_L1_h128_dot/seed_1/report_sage_epoch193.json
Checkpoint → /gpfs/home5/binal1/plantmetbench/runs/sweep_sage_L1_dot/sage_L1_h128_dot/seed_1/sage_L1_epoch193_best.pt
Log        → /gpfs/home5/binal1/plantmetbench/runs/sweep_sage_L1_dot/sage_L1_h128_dot/seed_1/train.log
History    → /gpfs/home5/binal1/plantmetbench/runs/sweep_sage_L1_dot/sage_L1_h128_dot/seed_1/history_sage_epoch193.json
# Log started at 2026-08-22T13:08:22.536411
# Log file: /gpfs/home5/binal1/plantmetbench/runs/sweep_sage_L1_dot/sage_L1_h128_dot/seed_2/train.log

Run: sweep_sage_L1_dot  seed=2  →  /gpfs/home5/binal1/plantmetbench/runs/sweep_sage_L1_dot/sage_L1_h128_dot/seed_2
  Device: cuda  (NVIDIA H100)

Loading graph from /gpfs/home5/binal1/plantmetbench/data …
  Protein embeddings: 8,445/13,682 nodes covered (61.7%)  dim=960
  Removed 6 is_part_of edge type(s) and Pathway node store
  Removed 3 Organism edge type(s) and Organism node store
Loading taxa split …
  Conversion fingerprints: 19,927/84,470 nodes (23.6%)  dim=3072
  Ranking pool: 8,445/13,682 proteins have embeddings (61.7%)
Node types : ['GeneProduct', 'Interaction', 'Metabolite', 'Protein']
  GeneProduct  num_nodes=    6,480  x=(6480, 1024)
  Interaction  num_nodes=   84,470  x=(84470, 3072)
  Metabolite  num_nodes=   17,476  x=(17476, 1024)
  Protein     num_nodes=   13,682  x=(13682, 960)
 -------- GNN = SAGE ------------
Running dummy forward pass to materialize weights...
Model: HeteroGNN  hidden_dim=128  num_layers=1  decoder=dot  dropout=0.3
  Edge types in GNN: 13
  Trainable parameters: 5,981,824
 Epoch     loss val_loss tst_loss  P-H@10   P-H@50   CP-AUC    time
──────────────────────────────────────────────────────────────────
     5   0.4712   1.5482    1.7098  0.0081   0.0220   0.6226    0.2s
    10   0.4548   1.6676    1.8760  0.0151   0.0649   0.6598    0.2s
    15   0.4157   1.1726    1.3081  0.0081   0.1506   0.7657    0.2s
    20   0.3985   1.0676    1.1481  0.0058   0.1344   0.8024    0.2s
    25   0.3858   1.1605    1.2552  0.0093   0.1425   0.8069    0.2s
    30   0.3687   1.0784    1.1675  0.0174   0.1390   0.8407    0.2s
    35   0.3545   1.0431    1.0886  0.0197   0.1205   0.8552    0.2s
    40   0.3468   1.1143    1.1289  0.0209   0.0985   0.8504    0.2s
    45   0.3331   1.0899    1.1143  0.0301   0.1356   0.8662    0.2s
    50   0.3240   1.0434    1.0844  0.0278   0.1692   0.8700    0.2s
    55   0.3173   1.0876    1.1345  0.0174   0.1182   0.8679    0.2s
    60   0.3086   1.0576    1.0997  0.0197   0.1448   0.8836    0.2s
    65   0.3004   1.0818    1.1301  0.0301   0.1634   0.8828    0.2s
    70   0.2950   1.0472    1.0910  0.0232   0.1564   0.8813    0.2s
    75   0.2867   1.1164    1.1736  0.0267   0.1761   0.8883    0.2s
    80   0.2859   1.1525    1.2224  0.0243   0.2028   0.8939    0.2s
    85   0.2793   1.0100    1.0548  0.0301   0.2097   0.8957    0.2s
    90   0.2737   1.0257    1.0629  0.0626   0.2074   0.8866    0.2s
    95   0.2713   1.1527    1.1975  0.0649   0.2109   0.8960    0.2s
   100   0.2660   1.1620    1.2090  0.0649   0.2132   0.8895    0.2s
   105   0.2642   1.0305    1.0540  0.0603   0.2097   0.8879    0.2s
   110   0.2600   1.0869    1.1131  0.0533   0.2063   0.8983    0.2s
   115   0.2619   1.1006    1.1259  0.0359   0.2028   0.8953    0.2s
   120   0.2571   1.1117    1.1397  0.0579   0.2051   0.9074    0.2s
   125   0.2596   0.9130    0.9169  0.0429   0.1900   0.8893    0.2s
   130   0.2603   1.2112    1.2535  0.0660   0.2167   0.8943    0.2s
   135   0.2457   1.2211    1.2629  0.0660   0.2202   0.9047    0.2s
   140   0.2450   1.1260    1.1511  0.0660   0.2028   0.8986    0.2s
   145   0.2401   1.1424    1.1546  0.0660   0.2167   0.9082    0.2s
   150   0.2385   1.2182    1.2378  0.0649   0.2225   0.9031    0.2s
   155   0.2333   1.1455    1.1522  0.0660   0.2271   0.9025    0.2s
   160   0.2323   1.1448    1.1381  0.0660   0.2121   0.9030    0.2s
   165   0.2295   1.2180    1.2151  0.0660   0.2306   0.9079    0.2s
   170   0.2284   1.2979    1.2992  0.0660   0.2248   0.9104    0.2s
   175   0.2247   1.1743    1.1611  0.0660   0.2283   0.9067    0.2s
   180   0.2276   1.3241    1.3371  0.0649   0.2480   0.9077    0.2s
   185   0.2188   1.2585    1.2562  0.0603   0.2317   0.9093    0.2s
   190   0.2145   1.1506    1.1225  0.0649   0.2283   0.9108    0.2s
   195   0.2225   1.0812    1.0489  0.0614   0.2306   0.8986    0.2s
   200   0.2214   1.1800    1.1650  0.0660   0.2317   0.9107    0.2s

Best checkpoint: epoch 197  val P-H@50 = 0.2781

── Final evaluation (best checkpoint) ──────────────────────────────
  val:
    P-H@1=0.0000  P-H@5=0.0162  P-H@10=0.0695  P-H@50=0.2781
    CP-AUC=0.9078  CP-AP=0.8865  loss=1.4828
  test:
    P-H@1=0.0096  P-H@5=0.0482  P-H@10=0.0760  P-H@50=0.3223
    CP-AUC=0.9238  CP-AP=0.9059  loss=1.5006

Report saved → /gpfs/home5/binal1/plantmetbench/runs/sweep_sage_L1_dot/sage_L1_h128_dot/seed_2/report_sage_epoch197.json
Checkpoint → /gpfs/home5/binal1/plantmetbench/runs/sweep_sage_L1_dot/sage_L1_h128_dot/seed_2/sage_L1_epoch197_best.pt
Log        → /gpfs/home5/binal1/plantmetbench/runs/sweep_sage_L1_dot/sage_L1_h128_dot/seed_2/train.log
History    → /gpfs/home5/binal1/plantmetbench/runs/sweep_sage_L1_dot/sage_L1_h128_dot/seed_2/history_sage_epoch197.json
# Log started at 2026-08-22T13:09:17.672422
# Log file: /gpfs/home5/binal1/plantmetbench/runs/sweep_sage_L1_dot/sage_L1_h128_dot/seed_3/train.log

Run: sweep_sage_L1_dot  seed=3  →  /gpfs/home5/binal1/plantmetbench/runs/sweep_sage_L1_dot/sage_L1_h128_dot/seed_3
  Device: cuda  (NVIDIA H100)

Loading graph from /gpfs/home5/binal1/plantmetbench/data …
  Protein embeddings: 8,445/13,682 nodes covered (61.7%)  dim=960
  Removed 6 is_part_of edge type(s) and Pathway node store
  Removed 3 Organism edge type(s) and Organism node store
Loading taxa split …
  Conversion fingerprints: 19,927/84,470 nodes (23.6%)  dim=3072
  Ranking pool: 8,445/13,682 proteins have embeddings (61.7%)
Node types : ['GeneProduct', 'Interaction', 'Metabolite', 'Protein']
  GeneProduct  num_nodes=    6,480  x=(6480, 1024)
  Interaction  num_nodes=   84,470  x=(84470, 3072)
  Metabolite  num_nodes=   17,476  x=(17476, 1024)
  Protein     num_nodes=   13,682  x=(13682, 960)
 -------- GNN = SAGE ------------
Running dummy forward pass to materialize weights...
Model: HeteroGNN  hidden_dim=128  num_layers=1  decoder=dot  dropout=0.3
  Edge types in GNN: 13
  Trainable parameters: 5,981,824
 Epoch     loss val_loss tst_loss  P-H@10   P-H@50   CP-AUC    time
──────────────────────────────────────────────────────────────────
     5   0.4828   1.4860    1.6231  0.0000   0.0070   0.6104    0.2s
    10   0.4576   1.5846    1.8263  0.0000   0.0267   0.6862    0.2s
    15   0.4246   1.2295    1.4157  0.0035   0.0568   0.7495    0.2s
    20   0.4052   0.9937    1.1097  0.0116   0.1414   0.8196    0.2s
    25   0.3903   1.1300    1.2248  0.0139   0.1333   0.8005    0.2s
    30   0.3736   1.1244    1.2092  0.0174   0.1390   0.8492    0.2s
    35   0.3618   1.0806    1.1383  0.0359   0.1437   0.8563    0.2s
    40   0.3528   1.0993    1.1371  0.0533   0.1379   0.8538    0.2s
    45   0.3371   1.0300    1.0723  0.0475   0.1483   0.8654    0.2s
    50   0.3292   1.0433    1.1083  0.0371   0.1483   0.8763    0.2s
    55   0.3219   1.0657    1.1321  0.0394   0.1425   0.8722    0.2s
    60   0.3173   1.0829    1.1534  0.0406   0.1645   0.8874    0.2s
    65   0.3074   1.0931    1.1720  0.0487   0.1889   0.8837    0.2s
    70   0.3004   1.1070    1.1931  0.0521   0.2039   0.8937    0.2s
    75   0.2922   1.1117    1.2014  0.0510   0.1958   0.8885    0.2s
    80   0.2871   1.1044    1.2029  0.0498   0.1981   0.8947    0.2s
    85   0.2824   1.0804    1.1772  0.0463   0.1912   0.8928    0.2s
    90   0.2753   1.1189    1.2172  0.0614   0.1993   0.8969    0.2s
    95   0.2699   1.0576    1.1493  0.0614   0.2109   0.9066    0.2s
   100   0.2620   1.0905    1.1892  0.0614   0.2074   0.8969    0.2s
   105   0.2575   1.1789    1.2976  0.0672   0.2306   0.9032    0.2s
   110   0.2524   1.1173    1.2156  0.0637   0.2109   0.9080    0.2s
   115   0.2514   1.1888    1.2871  0.0614   0.2144   0.9017    0.2s
   120   0.2459   1.1890    1.2818  0.0660   0.2271   0.9032    0.2s
   125   0.2442   1.2357    1.3447  0.0730   0.2294   0.9039    0.2s
   130   0.2419   1.2202    1.3173  0.0637   0.2248   0.9014    0.2s
   135   0.2393   1.3058    1.4209  0.0637   0.2306   0.9084    0.2s
   140   0.2339   1.3125    1.4265  0.0718   0.2283   0.9206    0.2s
   145   0.2358   1.1687    1.2558  0.0637   0.2236   0.8998    0.2s
   150   0.2302   1.1881    1.2767  0.0742   0.2294   0.8993    0.2s
   155   0.2301   1.3119    1.4232  0.0742   0.2352   0.9179    0.2s
   160   0.2267   1.3277    1.4463  0.0718   0.2306   0.9076    0.2s
   165   0.2260   1.1489    1.2500  0.0707   0.2213   0.9078    0.2s
   170   0.2235   1.2275    1.3358  0.0660   0.2236   0.9080    0.2s
   175   0.2224   1.3697    1.4976  0.0660   0.2399   0.9165    0.2s
   180   0.2203   1.3514    1.4778  0.0614   0.2341   0.9029    0.2s
   185   0.2196   1.1872    1.2896  0.0417   0.2283   0.9079    0.2s
   190   0.2180   1.2380    1.3429  0.0660   0.2317   0.9118    0.2s
   195   0.2345   0.9876    1.0730  0.0359   0.2190   0.9081    0.2s
   200   0.2701   1.8931    2.0712  0.0834   0.2793   0.9043    0.2s

Best checkpoint: epoch 199  val P-H@50 = 0.2793

── Final evaluation (best checkpoint) ──────────────────────────────
  val:
    P-H@1=0.0000  P-H@5=0.0185  P-H@10=0.0881  P-H@50=0.2793
    CP-AUC=0.9066  CP-AP=0.8850  loss=1.9160
  test:
    P-H@1=0.0000  P-H@5=0.0482  P-H@10=0.0878  P-H@50=0.3180
    CP-AUC=0.9115  CP-AP=0.8945  loss=2.0991

Report saved → /gpfs/home5/binal1/plantmetbench/runs/sweep_sage_L1_dot/sage_L1_h128_dot/seed_3/report_sage_epoch199.json
Checkpoint → /gpfs/home5/binal1/plantmetbench/runs/sweep_sage_L1_dot/sage_L1_h128_dot/seed_3/sage_L1_epoch199_best.pt
Log        → /gpfs/home5/binal1/plantmetbench/runs/sweep_sage_L1_dot/sage_L1_h128_dot/seed_3/train.log
History    → /gpfs/home5/binal1/plantmetbench/runs/sweep_sage_L1_dot/sage_L1_h128_dot/seed_3/history_sage_epoch199.json
Remaining : ['--gnn-name', 'sage', '--num-layers', '1', '--decoder', 'dot', '--epochs', '200']
PlantMetBench — multi-seed training
  Seeds    : [42, 0, 1, 2, 3]
  Run name : sweep_sage_L1_dot
  Extra    : --gnn-name sage --num-layers 1 --decoder dot --epochs 200

======================================================================
  Seed 42  →  /gpfs/home5/binal1/plantmetbench/runs/sweep_sage_L1_dot/sage_L1_h128_dot/seed_42/
======================================================================

======================================================================
  Seed 0  →  /gpfs/home5/binal1/plantmetbench/runs/sweep_sage_L1_dot/sage_L1_h128_dot/seed_0/
======================================================================

======================================================================
  Seed 1  →  /gpfs/home5/binal1/plantmetbench/runs/sweep_sage_L1_dot/sage_L1_h128_dot/seed_1/
======================================================================

======================================================================
  Seed 2  →  /gpfs/home5/binal1/plantmetbench/runs/sweep_sage_L1_dot/sage_L1_h128_dot/seed_2/
======================================================================

======================================================================
  Seed 3  →  /gpfs/home5/binal1/plantmetbench/runs/sweep_sage_L1_dot/sage_L1_h128_dot/seed_3/
======================================================================

======================================================================
  Multi-seed summary
======================================================================
  Metric                    Mean       Std  n
  --------------------------------------------------
  val_ph50                0.2781    0.0079  5
  val_ph10                0.0774    0.0092  5
  val_ph1                 0.0009    0.0021  5
  val_ph5                 0.0171    0.0019  5
  val_cp_auc              0.9088    0.0046  5
  val_cp_ap               0.8893    0.0046  5
  test_ph50               0.2921    0.0346  5
  test_ph10               0.0685    0.0194  5
  test_ph1                0.0060    0.0056  5
  test_ph5                0.0381    0.0130  5
  test_cp_auc             0.9186    0.0056  5
  test_cp_ap              0.8985    0.0067  5
  best_epoch            196.8000    2.8636  5

Summary saved → /gpfs/home5/binal1/plantmetbench/runs/sweep_sage_L1_dot/seeds_summary_sage_L1_h128_dot.json
Summary saved → /gpfs/home5/binal1/plantmetbench/runs/sweep_sage_L1_dot/sage_L1_h128_dot/seeds_summary_sage_L1_h128_dot.json
