============================================================================================== 
Warning! Mixing Conda and module environments may lead to corruption of the
user environment. 
We do not recommend users mixing those two environments unless absolutely
necessary. Note that 
SURF does not provide any support for Conda environment.
For more information, please refer to our software policy page:
https://servicedesk.surf.nl/wiki/display/WIKI/Software+policy+Snellius#SoftwarepolicySnellius-UseofAnacondaandMinicondaenvironmentsonSnellius 

Remember that many packages have already been installed on the system and can
be loaded using 
the 'module load <package__name>' command. If you are uncertain if a package is
already available 
on the system, please use 'module avail' or 'module spider' to search for it.
============================================================================================== 

==================================================================
  Config: gnn-name=gat  num-layers=1  decoder=dot  lr=1e-4
  Run name: sweep_gat_L1_dot_lr1e-4
==================================================================
# Log started at 2026-08-22T21:59:22.072943
# Log file: /gpfs/home5/binal1/plantmetbench/runs/sweep_gat_L1_dot_lr1e-4/gat_L1_h128_dot_lr0.0001/seed_42/train.log

Run: sweep_gat_L1_dot_lr1e-4  seed=42  →  /gpfs/home5/binal1/plantmetbench/runs/sweep_gat_L1_dot_lr1e-4/gat_L1_h128_dot_lr0.0001/seed_42
  Device: cuda  (NVIDIA H100)

Loading graph from /gpfs/home5/binal1/plantmetbench/data …
  Protein embeddings: 8,445/13,682 nodes covered (61.7%)  dim=960
  Removed 6 is_part_of edge type(s) and Pathway node store
  Removed 3 Organism edge type(s) and Organism node store
Loading taxa split …
  Conversion fingerprints: 19,927/84,470 nodes (23.6%)  dim=3072
  Ranking pool: 8,445/13,682 proteins have embeddings (61.7%)

────────────────────────────────────────────────────────────────────────
Dataset summary
────────────────────────────────────────────────────────────────────────
  Target edge : ('Protein', 'catalyzes', 'Interaction')

Node types:
  GeneProduct   num_nodes=    6,480  x=(6480, 1024)
  Interaction   num_nodes=   84,470  x=(84470, 3072)
  Metabolite    num_nodes=   17,476  x=(17476, 1024)
  Protein       num_nodes=   13,682  x=(13682, 960)
Edge types:
  ('GeneProduct', 'encodes', 'Protein')               num_edges=     2,762
  ('GeneProduct', 'is_about', 'GeneProduct')          num_edges=     4,580
  ('Interaction', 'is_about', 'Interaction')          num_edges=    29,740
  ('Interaction', 'participants', 'Interaction')      num_edges=     9,813
  ('Interaction', 'participants', 'Metabolite')       num_edges=    34,793
  ('Interaction', 'source', 'Metabolite')             num_edges=     7,554
  ('Interaction', 'target', 'Interaction')            num_edges=        17
  ('Interaction', 'target', 'Metabolite')             num_edges=    18,622
  ('Metabolite', 'is_about', 'Metabolite')            num_edges=    12,812
  ('Protein', 'catalyzes', 'Interaction')             num_edges=     7,655
  ('Protein', 'encoded_by', 'GeneProduct')            num_edges=     2,762
  ('Protein', 'is_about', 'GeneProduct')              num_edges=        83
  ('Protein', 'is_about', 'Protein')                  num_edges=     9,932

  Positive edge splits:
    train    9,569 edges
    val      1,211 edges
    test     1,200 edges

  Ranking pool : 8,445 proteins  (embedded only)
  Random P-H@50: 0.0059  (0.59%)
────────────────────────────────────────────────────────────────────────

Node types : ['GeneProduct', 'Interaction', 'Metabolite', 'Protein']
  GeneProduct  num_nodes=    6,480  x=(6480, 1024)
  Interaction  num_nodes=   84,470  x=(84470, 3072)
  Metabolite  num_nodes=   17,476  x=(17476, 1024)
  Protein     num_nodes=   13,682  x=(13682, 960)
 ----------- GNN = GAT -----------
Running dummy forward pass to materialize weights...
Model: HeteroGNN  hidden_dim=128  num_layers=1  decoder=dot  dropout=0.3
  Edge types in GNN: 13
  Trainable parameters: 1,213,056
 Epoch     loss val_loss tst_loss  P-H@10   P-H@50   CP-AUC    time
──────────────────────────────────────────────────────────────────
     5   0.6919   0.6936    0.6934  0.0000   0.0000   0.5302    0.1s
    10   0.6901   0.6944    0.6938  0.0000   0.0000   0.5705    0.1s
    15   0.6876   0.6955    0.6942  0.0000   0.0000   0.5818    0.1s
    20   0.6838   0.6971    0.6949  0.0000   0.0000   0.5978    0.1s
    25   0.6782   0.6993    0.6957  0.0000   0.0000   0.6102    0.1s
    30   0.6710   0.7025    0.6970  0.0000   0.0000   0.6168    0.1s
    35   0.6614   0.7072    0.6989  0.0000   0.0000   0.6282    0.1s
    40   0.6492   0.7142    0.7017  0.0000   0.0000   0.6498    0.1s
    45   0.6356   0.7244    0.7061  0.0000   0.0000   0.6556    0.1s
    50   0.6181   0.7392    0.7126  0.0000   0.0000   0.6548    0.1s
    55   0.5980   0.7597    0.7219  0.0000   0.0000   0.6635    0.1s
    60   0.5818   0.7855    0.7339  0.0000   0.0000   0.6696    0.1s
    65   0.5626   0.8141    0.7474  0.0000   0.0000   0.6794    0.1s
    70   0.5450   0.8395    0.7594  0.0000   0.0000   0.6914    0.1s
    75   0.5310   0.8543    0.7663  0.0000   0.0000   0.7024    0.1s
    80   0.5147   0.8561    0.7664  0.0000   0.0000   0.7256    0.1s
    85   0.4994   0.8464    0.7609  0.0000   0.0000   0.7518    0.1s
    90   0.4837   0.8298    0.7518  0.0000   0.0000   0.7826    0.1s
    95   0.4688   0.8099    0.7414  0.0000   0.0000   0.8050    0.1s
   100   0.4549   0.7899    0.7311  0.0000   0.0000   0.8254    0.1s
   105   0.4439   0.7704    0.7215  0.0000   0.0000   0.8687    0.1s
   110   0.4296   0.7541    0.7143  0.0000   0.0000   0.9062    0.1s
   115   0.4163   0.7431    0.7107  0.0000   0.0000   0.9059    0.1s
   120   0.4053   0.7381    0.7115  0.0000   0.0000   0.9037    0.1s
   125   0.3932   0.7434    0.7192  0.0000   0.0000   0.9040    0.1s
   130   0.3856   0.7536    0.7307  0.0000   0.0000   0.9005    0.1s
   135   0.3750   0.7647    0.7436  0.0000   0.0000   0.9011    0.1s
   140   0.3704   0.7769    0.7579  0.0000   0.0000   0.8850    0.1s
   145   0.3650   0.7882    0.7724  0.0000   0.0000   0.8963    0.1s
   150   0.3571   0.8010    0.7881  0.0000   0.0000   0.8877    0.1s
   155   0.3526   0.8158    0.8052  0.0000   0.0000   0.9014    0.1s
   160   0.3521   0.8335    0.8241  0.0000   0.0000   0.8944    0.1s
   165   0.3459   0.8395    0.8354  0.0000   0.0000   0.8960    0.1s
   170   0.3392   0.8483    0.8479  0.0000   0.0000   0.8861    0.1s
   175   0.3381   0.8572    0.8596  0.0000   0.0000   0.8951    0.1s
   180   0.3351   0.8704    0.8731  0.0000   0.0023   0.8778    0.1s
   185   0.3314   0.8766    0.8813  0.0000   0.0023   0.8951    0.1s
   190   0.3313   0.8773    0.8851  0.0000   0.0000   0.8830    0.1s
   195   0.3286   0.8846    0.8919  0.0000   0.0000   0.8903    0.1s
   200   0.3277   0.8939    0.8992  0.0000   0.0000   0.8927    0.1s

Best checkpoint: epoch 1  val P-H@50 = 0.0220

── Final evaluation (best checkpoint) ──────────────────────────────
  val:
    P-H@1=0.0000  P-H@5=0.0000  P-H@10=0.0046  P-H@50=0.0220
    CP-AUC=0.7281  CP-AP=0.7291  loss=0.6930
  test:
    P-H@1=0.0000  P-H@5=0.0000  P-H@10=0.0021  P-H@50=0.0257
    CP-AUC=0.7422  CP-AP=0.7180  loss=0.6931

Report saved → /gpfs/home5/binal1/plantmetbench/runs/sweep_gat_L1_dot_lr1e-4/gat_L1_h128_dot_lr0.0001/seed_42/report_gat_epoch001.json
Checkpoint → /gpfs/home5/binal1/plantmetbench/runs/sweep_gat_L1_dot_lr1e-4/gat_L1_h128_dot_lr0.0001/seed_42/gat_L1_epoch001_best.pt
Log        → /gpfs/home5/binal1/plantmetbench/runs/sweep_gat_L1_dot_lr1e-4/gat_L1_h128_dot_lr0.0001/seed_42/train.log
History    → /gpfs/home5/binal1/plantmetbench/runs/sweep_gat_L1_dot_lr1e-4/gat_L1_h128_dot_lr0.0001/seed_42/history_gat_epoch001.json
# Log started at 2026-08-22T21:59:56.978872
# Log file: /gpfs/home5/binal1/plantmetbench/runs/sweep_gat_L1_dot_lr1e-4/gat_L1_h128_dot_lr0.0001/seed_0/train.log

Run: sweep_gat_L1_dot_lr1e-4  seed=0  →  /gpfs/home5/binal1/plantmetbench/runs/sweep_gat_L1_dot_lr1e-4/gat_L1_h128_dot_lr0.0001/seed_0
  Device: cuda  (NVIDIA H100)

Loading graph from /gpfs/home5/binal1/plantmetbench/data …
  Protein embeddings: 8,445/13,682 nodes covered (61.7%)  dim=960
  Removed 6 is_part_of edge type(s) and Pathway node store
  Removed 3 Organism edge type(s) and Organism node store
Loading taxa split …
  Conversion fingerprints: 19,927/84,470 nodes (23.6%)  dim=3072
  Ranking pool: 8,445/13,682 proteins have embeddings (61.7%)
Node types : ['GeneProduct', 'Interaction', 'Metabolite', 'Protein']
  GeneProduct  num_nodes=    6,480  x=(6480, 1024)
  Interaction  num_nodes=   84,470  x=(84470, 3072)
  Metabolite  num_nodes=   17,476  x=(17476, 1024)
  Protein     num_nodes=   13,682  x=(13682, 960)
 ----------- GNN = GAT -----------
Running dummy forward pass to materialize weights...
Model: HeteroGNN  hidden_dim=128  num_layers=1  decoder=dot  dropout=0.3
  Edge types in GNN: 13
  Trainable parameters: 1,213,056
 Epoch     loss val_loss tst_loss  P-H@10   P-H@50   CP-AUC    time
──────────────────────────────────────────────────────────────────
     5   0.6919   0.6942    0.6938  0.0000   0.0000   0.4461    0.1s
    10   0.6901   0.6950    0.6942  0.0000   0.0000   0.5222    0.1s
    15   0.6877   0.6961    0.6947  0.0000   0.0000   0.5409    0.1s
    20   0.6840   0.6977    0.6955  0.0000   0.0000   0.5542    0.1s
    25   0.6790   0.6999    0.6965  0.0000   0.0000   0.5731    0.1s
    30   0.6717   0.7032    0.6981  0.0000   0.0000   0.5975    0.1s
    35   0.6627   0.7080    0.7003  0.0000   0.0000   0.6002    0.1s
    40   0.6518   0.7149    0.7035  0.0000   0.0000   0.6036    0.1s
    45   0.6382   0.7249    0.7083  0.0000   0.0000   0.6212    0.1s
    50   0.6206   0.7390    0.7151  0.0000   0.0000   0.6271    0.1s
    55   0.6037   0.7585    0.7248  0.0000   0.0000   0.6340    0.1s
    60   0.5853   0.7840    0.7377  0.0000   0.0000   0.6479    0.1s
    65   0.5675   0.8130    0.7525  0.0000   0.0000   0.6525    0.1s
    70   0.5493   0.8407    0.7670  0.0000   0.0000   0.6712    0.1s
    75   0.5332   0.8608    0.7778  0.0000   0.0000   0.6780    0.1s
    80   0.5185   0.8691    0.7827  0.0000   0.0000   0.7026    0.1s
    85   0.5030   0.8670    0.7823  0.0000   0.0000   0.7290    0.1s
    90   0.4892   0.8572    0.7780  0.0000   0.0000   0.7682    0.1s
    95   0.4725   0.8436    0.7719  0.0000   0.0000   0.7942    0.1s
   100   0.4605   0.8290    0.7655  0.0000   0.0000   0.8065    0.1s
   105   0.4473   0.8144    0.7594  0.0000   0.0000   0.8349    0.1s
   110   0.4355   0.8016    0.7546  0.0000   0.0000   0.8645    0.1s
   115   0.4257   0.7897    0.7507  0.0000   0.0000   0.8940    0.1s
   120   0.4141   0.7798    0.7485  0.0000   0.0000   0.9129    0.1s
   125   0.4011   0.7720    0.7481  0.0000   0.0000   0.9088    0.1s
   130   0.3901   0.7661    0.7495  0.0000   0.0000   0.9106    0.1s
   135   0.3798   0.7665    0.7554  0.0000   0.0000   0.9023    0.1s
   140   0.3711   0.7750    0.7668  0.0000   0.0000   0.8911    0.1s
   145   0.3653   0.7871    0.7810  0.0000   0.0000   0.9069    0.1s
   150   0.3565   0.8031    0.7981  0.0000   0.0000   0.9042    0.1s
   155   0.3505   0.8136    0.8121  0.0000   0.0000   0.8907    0.1s
   160   0.3489   0.8246    0.8266  0.0000   0.0000   0.8882    0.1s
   165   0.3438   0.8425    0.8453  0.0000   0.0000   0.8931    0.1s
   170   0.3384   0.8576    0.8615  0.0000   0.0000   0.8915    0.1s
   175   0.3384   0.8628    0.8708  0.0000   0.0000   0.8954    0.1s
   180   0.3348   0.8698    0.8804  0.0000   0.0000   0.8806    0.1s
   185   0.3307   0.8753    0.8879  0.0000   0.0000   0.8792    0.1s
   190   0.3294   0.8828    0.8957  0.0000   0.0000   0.8767    0.1s
   195   0.3266   0.8900    0.9023  0.0000   0.0000   0.8923    0.1s
   200   0.3254   0.8908    0.9038  0.0000   0.0000   0.8876    0.1s

Best checkpoint: epoch 1  val P-H@50 = 0.0000

── Final evaluation (best checkpoint) ──────────────────────────────
  val:
    P-H@1=0.0000  P-H@5=0.0000  P-H@10=0.0000  P-H@50=0.0000
    CP-AUC=0.3587  CP-AP=0.4564  loss=0.6937
  test:
    P-H@1=0.0000  P-H@5=0.0000  P-H@10=0.0000  P-H@50=0.0000
    CP-AUC=0.4059  CP-AP=0.4859  loss=0.6935

Report saved → /gpfs/home5/binal1/plantmetbench/runs/sweep_gat_L1_dot_lr1e-4/gat_L1_h128_dot_lr0.0001/seed_0/report_gat_epoch001.json
Checkpoint → /gpfs/home5/binal1/plantmetbench/runs/sweep_gat_L1_dot_lr1e-4/gat_L1_h128_dot_lr0.0001/seed_0/gat_L1_epoch001_best.pt
Log        → /gpfs/home5/binal1/plantmetbench/runs/sweep_gat_L1_dot_lr1e-4/gat_L1_h128_dot_lr0.0001/seed_0/train.log
History    → /gpfs/home5/binal1/plantmetbench/runs/sweep_gat_L1_dot_lr1e-4/gat_L1_h128_dot_lr0.0001/seed_0/history_gat_epoch001.json
# Log started at 2026-08-22T22:00:30.785767
# Log file: /gpfs/home5/binal1/plantmetbench/runs/sweep_gat_L1_dot_lr1e-4/gat_L1_h128_dot_lr0.0001/seed_1/train.log

Run: sweep_gat_L1_dot_lr1e-4  seed=1  →  /gpfs/home5/binal1/plantmetbench/runs/sweep_gat_L1_dot_lr1e-4/gat_L1_h128_dot_lr0.0001/seed_1
  Device: cuda  (NVIDIA H100)

Loading graph from /gpfs/home5/binal1/plantmetbench/data …
  Protein embeddings: 8,445/13,682 nodes covered (61.7%)  dim=960
  Removed 6 is_part_of edge type(s) and Pathway node store
  Removed 3 Organism edge type(s) and Organism node store
Loading taxa split …
  Conversion fingerprints: 19,927/84,470 nodes (23.6%)  dim=3072
  Ranking pool: 8,445/13,682 proteins have embeddings (61.7%)
Node types : ['GeneProduct', 'Interaction', 'Metabolite', 'Protein']
  GeneProduct  num_nodes=    6,480  x=(6480, 1024)
  Interaction  num_nodes=   84,470  x=(84470, 3072)
  Metabolite  num_nodes=   17,476  x=(17476, 1024)
  Protein     num_nodes=   13,682  x=(13682, 960)
 ----------- GNN = GAT -----------
Running dummy forward pass to materialize weights...
Model: HeteroGNN  hidden_dim=128  num_layers=1  decoder=dot  dropout=0.3
  Edge types in GNN: 13
  Trainable parameters: 1,213,056
 Epoch     loss val_loss tst_loss  P-H@10   P-H@50   CP-AUC    time
──────────────────────────────────────────────────────────────────
     5   0.6920   0.6941    0.6937  0.0000   0.0000   0.4751    0.1s
    10   0.6901   0.6952    0.6942  0.0000   0.0000   0.5223    0.1s
    15   0.6877   0.6965    0.6949  0.0000   0.0000   0.5433    0.1s
    20   0.6840   0.6983    0.6957  0.0000   0.0000   0.5520    0.1s
    25   0.6791   0.7007    0.6968  0.0000   0.0000   0.5635    0.1s
    30   0.6724   0.7042    0.6983  0.0000   0.0000   0.5693    0.1s
    35   0.6637   0.7090    0.7005  0.0000   0.0000   0.5882    0.1s
    40   0.6522   0.7160    0.7036  0.0000   0.0000   0.6052    0.1s
    45   0.6392   0.7258    0.7081  0.0000   0.0000   0.6118    0.1s
    50   0.6237   0.7393    0.7145  0.0000   0.0000   0.6264    0.1s
    55   0.6052   0.7576    0.7233  0.0000   0.0000   0.6423    0.1s
    60   0.5885   0.7805    0.7345  0.0000   0.0000   0.6514    0.1s
    65   0.5681   0.8060    0.7472  0.0000   0.0000   0.6570    0.1s
    70   0.5520   0.8304    0.7593  0.0000   0.0000   0.6808    0.1s
    75   0.5377   0.8479    0.7677  0.0000   0.0000   0.6945    0.1s
    80   0.5184   0.8536    0.7696  0.0000   0.0000   0.7138    0.1s
    85   0.5018   0.8479    0.7651  0.0000   0.0000   0.7458    0.1s
    90   0.4886   0.8337    0.7560  0.0000   0.0000   0.7783    0.1s
    95   0.4727   0.8138    0.7436  0.0000   0.0000   0.8005    0.1s
   100   0.4560   0.7913    0.7299  0.0000   0.0000   0.8227    0.1s
   105   0.4413   0.7696    0.7168  0.0000   0.0000   0.8671    0.1s
   110   0.4282   0.7507    0.7058  0.0000   0.0000   0.9033    0.1s
   115   0.4156   0.7363    0.6981  0.0000   0.0000   0.9111    0.1s
   120   0.4054   0.7300    0.6961  0.0000   0.0000   0.8895    0.1s
   125   0.3963   0.7363    0.7027  0.0000   0.0000   0.8995    0.1s
   130   0.3834   0.7491    0.7144  0.0000   0.0000   0.8954    0.1s
   135   0.3761   0.7617    0.7271  0.0000   0.0035   0.8913    0.1s
   140   0.3715   0.7729    0.7397  0.0000   0.0046   0.8899    0.1s
   145   0.3630   0.7826    0.7520  0.0000   0.0058   0.8936    0.1s
   150   0.3555   0.7943    0.7662  0.0000   0.0058   0.8956    0.1s
   155   0.3524   0.8069    0.7812  0.0000   0.0070   0.9026    0.1s
   160   0.3508   0.8176    0.7951  0.0000   0.0070   0.8904    0.1s
   165   0.3434   0.8294    0.8094  0.0000   0.0058   0.8949    0.1s
   170   0.3410   0.8414    0.8235  0.0000   0.0058   0.8967    0.1s
   175   0.3374   0.8506    0.8352  0.0000   0.0035   0.8900    0.1s
   180   0.3311   0.8580    0.8451  0.0000   0.0035   0.8914    0.1s
   185   0.3327   0.8660    0.8544  0.0000   0.0035   0.8875    0.1s
   190   0.3293   0.8769    0.8648  0.0000   0.0035   0.8864    0.1s
   195   0.3254   0.8794    0.8689  0.0000   0.0035   0.8916    0.1s
   200   0.3258   0.8806    0.8715  0.0000   0.0035   0.8864    0.1s

Best checkpoint: epoch 1  val P-H@50 = 0.0104

── Final evaluation (best checkpoint) ──────────────────────────────
  val:
    P-H@1=0.0000  P-H@5=0.0035  P-H@10=0.0104  P-H@50=0.0104
    CP-AUC=0.4267  CP-AP=0.5714  loss=0.6935
  test:
    P-H@1=0.0000  P-H@5=0.0043  P-H@10=0.0043  P-H@50=0.0086
    CP-AUC=0.4966  CP-AP=0.6305  loss=0.6934

Report saved → /gpfs/home5/binal1/plantmetbench/runs/sweep_gat_L1_dot_lr1e-4/gat_L1_h128_dot_lr0.0001/seed_1/report_gat_epoch001.json
Checkpoint → /gpfs/home5/binal1/plantmetbench/runs/sweep_gat_L1_dot_lr1e-4/gat_L1_h128_dot_lr0.0001/seed_1/gat_L1_epoch001_best.pt
Log        → /gpfs/home5/binal1/plantmetbench/runs/sweep_gat_L1_dot_lr1e-4/gat_L1_h128_dot_lr0.0001/seed_1/train.log
History    → /gpfs/home5/binal1/plantmetbench/runs/sweep_gat_L1_dot_lr1e-4/gat_L1_h128_dot_lr0.0001/seed_1/history_gat_epoch001.json
# Log started at 2026-08-22T22:01:04.339616
# Log file: /gpfs/home5/binal1/plantmetbench/runs/sweep_gat_L1_dot_lr1e-4/gat_L1_h128_dot_lr0.0001/seed_2/train.log

Run: sweep_gat_L1_dot_lr1e-4  seed=2  →  /gpfs/home5/binal1/plantmetbench/runs/sweep_gat_L1_dot_lr1e-4/gat_L1_h128_dot_lr0.0001/seed_2
  Device: cuda  (NVIDIA H100)

Loading graph from /gpfs/home5/binal1/plantmetbench/data …
  Protein embeddings: 8,445/13,682 nodes covered (61.7%)  dim=960
  Removed 6 is_part_of edge type(s) and Pathway node store
  Removed 3 Organism edge type(s) and Organism node store
Loading taxa split …
  Conversion fingerprints: 19,927/84,470 nodes (23.6%)  dim=3072
  Ranking pool: 8,445/13,682 proteins have embeddings (61.7%)
Node types : ['GeneProduct', 'Interaction', 'Metabolite', 'Protein']
  GeneProduct  num_nodes=    6,480  x=(6480, 1024)
  Interaction  num_nodes=   84,470  x=(84470, 3072)
  Metabolite  num_nodes=   17,476  x=(17476, 1024)
  Protein     num_nodes=   13,682  x=(13682, 960)
 ----------- GNN = GAT -----------
Running dummy forward pass to materialize weights...
Model: HeteroGNN  hidden_dim=128  num_layers=1  decoder=dot  dropout=0.3
  Edge types in GNN: 13
  Trainable parameters: 1,213,056
 Epoch     loss val_loss tst_loss  P-H@10   P-H@50   CP-AUC    time
──────────────────────────────────────────────────────────────────
     5   0.6919   0.6945    0.6939  0.0000   0.0000   0.4590    0.1s
    10   0.6901   0.6955    0.6943  0.0000   0.0000   0.5401    0.1s
    15   0.6876   0.6968    0.6949  0.0000   0.0000   0.5540    0.1s
    20   0.6838   0.6986    0.6956  0.0000   0.0000   0.5640    0.1s
    25   0.6787   0.7011    0.6966  0.0000   0.0000   0.5870    0.1s
    30   0.6721   0.7046    0.6980  0.0000   0.0000   0.5961    0.1s
    35   0.6634   0.7095    0.7000  0.0000   0.0000   0.6066    0.1s
    40   0.6512   0.7166    0.7029  0.0000   0.0000   0.6139    0.1s
    45   0.6384   0.7266    0.7071  0.0000   0.0000   0.6288    0.1s
    50   0.6207   0.7406    0.7132  0.0000   0.0000   0.6442    0.1s
    55   0.6043   0.7595    0.7218  0.0000   0.0000   0.6557    0.1s
    60   0.5869   0.7835    0.7329  0.0000   0.0000   0.6606    0.1s
    65   0.5697   0.8107    0.7457  0.0000   0.0000   0.6698    0.1s
    70   0.5532   0.8366    0.7582  0.0000   0.0000   0.6788    0.1s
    75   0.5364   0.8561    0.7676  0.0000   0.0000   0.6888    0.1s
    80   0.5208   0.8655    0.7720  0.0000   0.0000   0.7150    0.1s
    85   0.5045   0.8648    0.7716  0.0000   0.0000   0.7413    0.1s
    90   0.4924   0.8569    0.7676  0.0000   0.0000   0.7587    0.1s
    95   0.4799   0.8437    0.7612  0.0000   0.0000   0.7897    0.1s
   100   0.4653   0.8281    0.7537  0.0000   0.0000   0.8062    0.1s
   105   0.4514   0.8132    0.7469  0.0000   0.0000   0.8293    0.1s
   110   0.4383   0.7996    0.7413  0.0000   0.0000   0.8645    0.1s
   115   0.4287   0.7883    0.7374  0.0000   0.0000   0.8884    0.1s
   120   0.4173   0.7784    0.7348  0.0000   0.0000   0.9096    0.1s
   125   0.4023   0.7711    0.7343  0.0000   0.0000   0.9041    0.1s
   130   0.3915   0.7654    0.7353  0.0000   0.0000   0.9021    0.1s
   135   0.3856   0.7644    0.7398  0.0000   0.0000   0.9092    0.1s
   140   0.3747   0.7713    0.7496  0.0000   0.0000   0.8969    0.1s
   145   0.3671   0.7830    0.7630  0.0000   0.0000   0.8975    0.1s
   150   0.3634   0.7993    0.7800  0.0000   0.0000   0.8961    0.1s
   155   0.3543   0.8166    0.7981  0.0000   0.0000   0.8880    0.1s
   160   0.3501   0.8294    0.8139  0.0000   0.0000   0.8810    0.1s
   165   0.3453   0.8404    0.8287  0.0000   0.0000   0.8892    0.1s
   170   0.3445   0.8559    0.8459  0.0000   0.0000   0.8881    0.1s
   175   0.3396   0.8718    0.8632  0.0000   0.0000   0.8855    0.1s
   180   0.3374   0.8745    0.8706  0.0000   0.0000   0.8793    0.1s
   185   0.3304   0.8809    0.8792  0.0000   0.0000   0.8866    0.1s
   190   0.3311   0.8910    0.8894  0.0000   0.0000   0.8794    0.1s
   195   0.3299   0.8988    0.8970  0.0000   0.0000   0.8787    0.1s
   200   0.3270   0.8986    0.8985  0.0000   0.0000   0.8908    0.1s

Best checkpoint: epoch 1  val P-H@50 = 0.0000

── Final evaluation (best checkpoint) ──────────────────────────────
  val:
    P-H@1=0.0000  P-H@5=0.0000  P-H@10=0.0000  P-H@50=0.0000
    CP-AUC=0.2693  CP-AP=0.4056  loss=0.6939
  test:
    P-H@1=0.0000  P-H@5=0.0000  P-H@10=0.0000  P-H@50=0.0000
    CP-AUC=0.2991  CP-AP=0.4188  loss=0.6936

Report saved → /gpfs/home5/binal1/plantmetbench/runs/sweep_gat_L1_dot_lr1e-4/gat_L1_h128_dot_lr0.0001/seed_2/report_gat_epoch001.json
Checkpoint → /gpfs/home5/binal1/plantmetbench/runs/sweep_gat_L1_dot_lr1e-4/gat_L1_h128_dot_lr0.0001/seed_2/gat_L1_epoch001_best.pt
Log        → /gpfs/home5/binal1/plantmetbench/runs/sweep_gat_L1_dot_lr1e-4/gat_L1_h128_dot_lr0.0001/seed_2/train.log
History    → /gpfs/home5/binal1/plantmetbench/runs/sweep_gat_L1_dot_lr1e-4/gat_L1_h128_dot_lr0.0001/seed_2/history_gat_epoch001.json
# Log started at 2026-08-22T22:01:37.806881
# Log file: /gpfs/home5/binal1/plantmetbench/runs/sweep_gat_L1_dot_lr1e-4/gat_L1_h128_dot_lr0.0001/seed_3/train.log

Run: sweep_gat_L1_dot_lr1e-4  seed=3  →  /gpfs/home5/binal1/plantmetbench/runs/sweep_gat_L1_dot_lr1e-4/gat_L1_h128_dot_lr0.0001/seed_3
  Device: cuda  (NVIDIA H100)

Loading graph from /gpfs/home5/binal1/plantmetbench/data …
  Protein embeddings: 8,445/13,682 nodes covered (61.7%)  dim=960
  Removed 6 is_part_of edge type(s) and Pathway node store
  Removed 3 Organism edge type(s) and Organism node store
Loading taxa split …
  Conversion fingerprints: 19,927/84,470 nodes (23.6%)  dim=3072
  Ranking pool: 8,445/13,682 proteins have embeddings (61.7%)
Node types : ['GeneProduct', 'Interaction', 'Metabolite', 'Protein']
  GeneProduct  num_nodes=    6,480  x=(6480, 1024)
  Interaction  num_nodes=   84,470  x=(84470, 3072)
  Metabolite  num_nodes=   17,476  x=(17476, 1024)
  Protein     num_nodes=   13,682  x=(13682, 960)
 ----------- GNN = GAT -----------
Running dummy forward pass to materialize weights...
Model: HeteroGNN  hidden_dim=128  num_layers=1  decoder=dot  dropout=0.3
  Edge types in GNN: 13
  Trainable parameters: 1,213,056
 Epoch     loss val_loss tst_loss  P-H@10   P-H@50   CP-AUC    time
──────────────────────────────────────────────────────────────────
     5   0.6920   0.6939    0.6936  0.0000   0.0000   0.4918    0.1s
    10   0.6904   0.6949    0.6941  0.0000   0.0000   0.5228    0.1s
    15   0.6879   0.6962    0.6947  0.0000   0.0000   0.5578    0.1s
    20   0.6843   0.6979    0.6955  0.0000   0.0000   0.5547    0.1s
    25   0.6796   0.7002    0.6966  0.0000   0.0000   0.5757    0.1s
    30   0.6726   0.7035    0.6980  0.0000   0.0000   0.5933    0.1s
    35   0.6639   0.7082    0.7000  0.0000   0.0000   0.6077    0.1s
    40   0.6528   0.7148    0.7029  0.0000   0.0000   0.6323    0.1s
    45   0.6393   0.7244    0.7072  0.0000   0.0000   0.6334    0.1s
    50   0.6205   0.7379    0.7134  0.0000   0.0000   0.6528    0.1s
    55   0.6025   0.7564    0.7221  0.0000   0.0000   0.6624    0.1s
    60   0.5850   0.7799    0.7334  0.0000   0.0000   0.6720    0.1s
    65   0.5662   0.8062    0.7463  0.0000   0.0000   0.6751    0.1s
    70   0.5488   0.8304    0.7581  0.0000   0.0000   0.6915    0.1s
    75   0.5318   0.8466    0.7657  0.0000   0.0000   0.7003    0.1s
    80   0.5148   0.8509    0.7671  0.0000   0.0000   0.7308    0.1s
    85   0.4996   0.8429    0.7618  0.0000   0.0000   0.7538    0.1s
    90   0.4856   0.8258    0.7516  0.0000   0.0000   0.7841    0.1s
    95   0.4693   0.8048    0.7393  0.0000   0.0000   0.7957    0.1s
   100   0.4546   0.7824    0.7265  0.0000   0.0000   0.8204    0.1s
   105   0.4398   0.7606    0.7145  0.0000   0.0000   0.8789    0.1s
   110   0.4251   0.7424    0.7049  0.0000   0.0000   0.8974    0.1s
   115   0.4145   0.7299    0.6995  0.0000   0.0000   0.9202    0.1s
   120   0.4019   0.7253    0.6996  0.0000   0.0000   0.9043    0.1s
   125   0.3939   0.7300    0.7064  0.0000   0.0000   0.9084    0.1s
   130   0.3833   0.7411    0.7180  0.0000   0.0000   0.9010    0.1s
   135   0.3754   0.7495    0.7289  0.0000   0.0000   0.9119    0.1s
   140   0.3694   0.7606    0.7423  0.0000   0.0000   0.9127    0.1s
   145   0.3618   0.7723    0.7568  0.0000   0.0000   0.8927    0.1s
   150   0.3548   0.7817    0.7702  0.0000   0.0000   0.8772    0.1s
   155   0.3531   0.7932    0.7852  0.0000   0.0000   0.8966    0.1s
   160   0.3491   0.8057    0.8006  0.0000   0.0000   0.8976    0.1s
   165   0.3461   0.8199    0.8168  0.0000   0.0000   0.8951    0.1s
   170   0.3440   0.8381    0.8353  0.0000   0.0000   0.9012    0.1s
   175   0.3360   0.8354    0.8397  0.0000   0.0000   0.8913    0.1s
   180   0.3352   0.8346    0.8443  0.0000   0.0000   0.8814    0.1s
   185   0.3320   0.8556    0.8621  0.0000   0.0000   0.9005    0.1s
   190   0.3281   0.8679    0.8733  0.0000   0.0000   0.8894    0.1s
   195   0.3279   0.8617    0.8716  0.0000   0.0000   0.8975    0.1s
   200   0.3251   0.8655    0.8760  0.0000   0.0000   0.8911    0.1s

Best checkpoint: epoch 1  val P-H@50 = 0.0000

── Final evaluation (best checkpoint) ──────────────────────────────
  val:
    P-H@1=0.0000  P-H@5=0.0000  P-H@10=0.0000  P-H@50=0.0000
    CP-AUC=0.6017  CP-AP=0.6537  loss=0.6933
  test:
    P-H@1=0.0000  P-H@5=0.0000  P-H@10=0.0000  P-H@50=0.0000
    CP-AUC=0.7273  CP-AP=0.7394  loss=0.6932

Report saved → /gpfs/home5/binal1/plantmetbench/runs/sweep_gat_L1_dot_lr1e-4/gat_L1_h128_dot_lr0.0001/seed_3/report_gat_epoch001.json
Checkpoint → /gpfs/home5/binal1/plantmetbench/runs/sweep_gat_L1_dot_lr1e-4/gat_L1_h128_dot_lr0.0001/seed_3/gat_L1_epoch001_best.pt
Log        → /gpfs/home5/binal1/plantmetbench/runs/sweep_gat_L1_dot_lr1e-4/gat_L1_h128_dot_lr0.0001/seed_3/train.log
History    → /gpfs/home5/binal1/plantmetbench/runs/sweep_gat_L1_dot_lr1e-4/gat_L1_h128_dot_lr0.0001/seed_3/history_gat_epoch001.json
Remaining : ['--gnn-name', 'gat', '--num-layers', '1', '--decoder', 'dot', '--lr', '1e-4', '--epochs', '200']
PlantMetBench — multi-seed training
  Seeds    : [42, 0, 1, 2, 3]
  Run name : sweep_gat_L1_dot_lr1e-4
  Extra    : --gnn-name gat --num-layers 1 --decoder dot --lr 1e-4 --epochs 200

======================================================================
  Seed 42  →  /gpfs/home5/binal1/plantmetbench/runs/sweep_gat_L1_dot_lr1e-4/gat_L1_h128_dot_lr1e-4/seed_42/
======================================================================

======================================================================
  Seed 0  →  /gpfs/home5/binal1/plantmetbench/runs/sweep_gat_L1_dot_lr1e-4/gat_L1_h128_dot_lr1e-4/seed_0/
======================================================================

======================================================================
  Seed 1  →  /gpfs/home5/binal1/plantmetbench/runs/sweep_gat_L1_dot_lr1e-4/gat_L1_h128_dot_lr1e-4/seed_1/
======================================================================

======================================================================
  Seed 2  →  /gpfs/home5/binal1/plantmetbench/runs/sweep_gat_L1_dot_lr1e-4/gat_L1_h128_dot_lr1e-4/seed_2/
======================================================================

======================================================================
  Seed 3  →  /gpfs/home5/binal1/plantmetbench/runs/sweep_gat_L1_dot_lr1e-4/gat_L1_h128_dot_lr1e-4/seed_3/
======================================================================
  [WARNING] No report_*.json under /gpfs/home5/binal1/plantmetbench/runs/sweep_gat_L1_dot_lr1e-4/gat_L1_h128_dot_lr1e-4/seed_42 — skipping
  [WARNING] No report_*.json under /gpfs/home5/binal1/plantmetbench/runs/sweep_gat_L1_dot_lr1e-4/gat_L1_h128_dot_lr1e-4/seed_0 — skipping
  [WARNING] No report_*.json under /gpfs/home5/binal1/plantmetbench/runs/sweep_gat_L1_dot_lr1e-4/gat_L1_h128_dot_lr1e-4/seed_1 — skipping
  [WARNING] No report_*.json under /gpfs/home5/binal1/plantmetbench/runs/sweep_gat_L1_dot_lr1e-4/gat_L1_h128_dot_lr1e-4/seed_2 — skipping
  [WARNING] No report_*.json under /gpfs/home5/binal1/plantmetbench/runs/sweep_gat_L1_dot_lr1e-4/gat_L1_h128_dot_lr1e-4/seed_3 — skipping

======================================================================
  Multi-seed summary
======================================================================
  Metric                    Mean       Std  n
  --------------------------------------------------

Summary saved → /gpfs/home5/binal1/plantmetbench/runs/sweep_gat_L1_dot_lr1e-4/seeds_summary_gat_L1_h128_dot_lr1e-4.json
Summary saved → /gpfs/home5/binal1/plantmetbench/runs/sweep_gat_L1_dot_lr1e-4/gat_L1_h128_dot_lr1e-4/seeds_summary_gat_L1_h128_dot_lr1e-4.json

==================================================================
  Config: gnn-name=gat  num-layers=2  decoder=dot  lr=1e-4
  Run name: sweep_gat_L2_dot_lr1e-4
==================================================================
# Log started at 2026-08-22T22:02:11.868691
# Log file: /gpfs/home5/binal1/plantmetbench/runs/sweep_gat_L2_dot_lr1e-4/gat_L2_h128_dot_lr0.0001/seed_42/train.log

Run: sweep_gat_L2_dot_lr1e-4  seed=42  →  /gpfs/home5/binal1/plantmetbench/runs/sweep_gat_L2_dot_lr1e-4/gat_L2_h128_dot_lr0.0001/seed_42
  Device: cuda  (NVIDIA H100)

Loading graph from /gpfs/home5/binal1/plantmetbench/data …
  Protein embeddings: 8,445/13,682 nodes covered (61.7%)  dim=960
  Removed 6 is_part_of edge type(s) and Pathway node store
  Removed 3 Organism edge type(s) and Organism node store
Loading taxa split …
  Conversion fingerprints: 19,927/84,470 nodes (23.6%)  dim=3072
  Ranking pool: 8,445/13,682 proteins have embeddings (61.7%)

────────────────────────────────────────────────────────────────────────
Dataset summary
────────────────────────────────────────────────────────────────────────
  Target edge : ('Protein', 'catalyzes', 'Interaction')

Node types:
  GeneProduct   num_nodes=    6,480  x=(6480, 1024)
  Interaction   num_nodes=   84,470  x=(84470, 3072)
  Metabolite    num_nodes=   17,476  x=(17476, 1024)
  Protein       num_nodes=   13,682  x=(13682, 960)
Edge types:
  ('GeneProduct', 'encodes', 'Protein')               num_edges=     2,762
  ('GeneProduct', 'is_about', 'GeneProduct')          num_edges=     4,580
  ('Interaction', 'is_about', 'Interaction')          num_edges=    29,740
  ('Interaction', 'participants', 'Interaction')      num_edges=     9,813
  ('Interaction', 'participants', 'Metabolite')       num_edges=    34,793
  ('Interaction', 'source', 'Metabolite')             num_edges=     7,554
  ('Interaction', 'target', 'Interaction')            num_edges=        17
  ('Interaction', 'target', 'Metabolite')             num_edges=    18,622
  ('Metabolite', 'is_about', 'Metabolite')            num_edges=    12,812
  ('Protein', 'catalyzes', 'Interaction')             num_edges=     7,655
  ('Protein', 'encoded_by', 'GeneProduct')            num_edges=     2,762
  ('Protein', 'is_about', 'GeneProduct')              num_edges=        83
  ('Protein', 'is_about', 'Protein')                  num_edges=     9,932

  Positive edge splits:
    train    9,569 edges
    val      1,211 edges
    test     1,200 edges

  Ranking pool : 8,445 proteins  (embedded only)
  Random P-H@50: 0.0059  (0.59%)
────────────────────────────────────────────────────────────────────────

Node types : ['GeneProduct', 'Interaction', 'Metabolite', 'Protein']
  GeneProduct  num_nodes=    6,480  x=(6480, 1024)
  Interaction  num_nodes=   84,470  x=(84470, 3072)
  Metabolite  num_nodes=   17,476  x=(17476, 1024)
  Protein     num_nodes=   13,682  x=(13682, 960)
 ----------- GNN = GAT -----------
Running dummy forward pass to materialize weights...
Model: HeteroGNN  hidden_dim=128  num_layers=2  decoder=dot  dropout=0.3
  Edge types in GNN: 13
  Trainable parameters: 1,647,360
 Epoch     loss val_loss tst_loss  P-H@10   P-H@50   CP-AUC    time
──────────────────────────────────────────────────────────────────
     5   0.6926   0.6932    0.6932  0.0000   0.0000   0.6566    0.2s
    10   0.6913   0.6934    0.6934  0.0000   0.0000   0.6591    0.2s
    15   0.6892   0.6937    0.6937  0.0000   0.0000   0.6594    0.2s
    20   0.6854   0.6943    0.6943  0.0000   0.0000   0.6584    0.2s
    25   0.6797   0.6954    0.6955  0.0000   0.0000   0.6395    0.2s
    30   0.6705   0.6975    0.6978  0.0000   0.0000   0.6386    0.2s
    35   0.6592   0.7014    0.7019  0.0000   0.0000   0.6237    0.2s
    40   0.6411   0.7084    0.7094  0.0000   0.0000   0.6288    0.2s
    45   0.6189   0.7209    0.7227  0.0000   0.0000   0.6169    0.2s
    50   0.5960   0.7420    0.7453  0.0000   0.0000   0.6092    0.2s
    55   0.5709   0.7737    0.7789  0.0000   0.0000   0.6047    0.2s
    60   0.5560   0.8085    0.8152  0.0000   0.0000   0.6177    0.2s
    65   0.5334   0.8344    0.8410  0.0000   0.0000   0.6473    0.2s
    70   0.5137   0.8455    0.8506  0.0000   0.0000   0.6810    0.2s
    75   0.4932   0.8440    0.8468  0.0000   0.0000   0.7256    0.2s
    80   0.4706   0.8342    0.8344  0.0000   0.0000   0.7459    0.2s
    85   0.4514   0.8264    0.8245  0.0000   0.0000   0.7508    0.2s
    90   0.4288   0.8270    0.8235  0.0000   0.0000   0.7644    0.2s
    95   0.4120   0.8494    0.8447  0.0000   0.0000   0.7694    0.2s
   100   0.3976   0.9025    0.8971  0.0000   0.0000   0.7723    0.2s
   105   0.3914   0.9534    0.9475  0.0000   0.0000   0.7697    0.2s
   110   0.3805   0.9527    0.9462  0.0000   0.0000   0.7876    0.2s
   115   0.3738   0.9394    0.9325  0.0000   0.0000   0.8089    0.2s
   120   0.3644   0.9345    0.9275  0.0000   0.0000   0.8182    0.2s
   125   0.3550   0.9018    0.8950  0.0000   0.0000   0.8263    0.2s
   130   0.3538   0.8920    0.8859  0.0000   0.0000   0.8450    0.2s
   135   0.3477   0.8976    0.8925  0.0000   0.0000   0.8502    0.2s
   140   0.3399   0.8897    0.8860  0.0000   0.0000   0.8449    0.2s
   145   0.3389   0.9043    0.9022  0.0000   0.0000   0.8536    0.2s
   150   0.3325   0.9107    0.9103  0.0000   0.0000   0.8669    0.2s
   155   0.3302   0.9238    0.9253  0.0000   0.0000   0.8629    0.2s
   160   0.3217   0.9048    0.9078  0.0000   0.0000   0.8681    0.2s
   165   0.3215   0.9232    0.9282  0.0000   0.0000   0.8648    0.2s
   170   0.3155   0.9155    0.9222  0.0000   0.0000   0.8621    0.2s
   175   0.3140   0.8990    0.9071  0.0000   0.0000   0.8744    0.2s
   180   0.3078   0.9279    0.9379  0.0000   0.0000   0.8743    0.2s
   185   0.3083   0.9040    0.9149  0.0000   0.0000   0.8715    0.2s
   190   0.3026   0.9314    0.9439  0.0000   0.0000   0.8629    0.2s
   195   0.3041   0.9107    0.9239  0.0000   0.0000   0.8820    0.2s
   200   0.2991   0.9338    0.9482  0.0000   0.0000   0.8762    0.2s

Best checkpoint: epoch 1  val P-H@50 = 0.0000

── Final evaluation (best checkpoint) ──────────────────────────────
  val:
    P-H@1=0.0000  P-H@5=0.0000  P-H@10=0.0000  P-H@50=0.0000
    CP-AUC=0.6532  CP-AP=0.5927  loss=0.6932
  test:
    P-H@1=0.0000  P-H@5=0.0021  P-H@10=0.0043  P-H@50=0.0043
    CP-AUC=0.6439  CP-AP=0.6108  loss=0.6932

Report saved → /gpfs/home5/binal1/plantmetbench/runs/sweep_gat_L2_dot_lr1e-4/gat_L2_h128_dot_lr0.0001/seed_42/report_gat_epoch001.json
Checkpoint → /gpfs/home5/binal1/plantmetbench/runs/sweep_gat_L2_dot_lr1e-4/gat_L2_h128_dot_lr0.0001/seed_42/gat_L2_epoch001_best.pt
Log        → /gpfs/home5/binal1/plantmetbench/runs/sweep_gat_L2_dot_lr1e-4/gat_L2_h128_dot_lr0.0001/seed_42/train.log
History    → /gpfs/home5/binal1/plantmetbench/runs/sweep_gat_L2_dot_lr1e-4/gat_L2_h128_dot_lr0.0001/seed_42/history_gat_epoch001.json
# Log started at 2026-08-22T22:02:55.789184
# Log file: /gpfs/home5/binal1/plantmetbench/runs/sweep_gat_L2_dot_lr1e-4/gat_L2_h128_dot_lr0.0001/seed_0/train.log

Run: sweep_gat_L2_dot_lr1e-4  seed=0  →  /gpfs/home5/binal1/plantmetbench/runs/sweep_gat_L2_dot_lr1e-4/gat_L2_h128_dot_lr0.0001/seed_0
  Device: cuda  (NVIDIA H100)

Loading graph from /gpfs/home5/binal1/plantmetbench/data …
  Protein embeddings: 8,445/13,682 nodes covered (61.7%)  dim=960
  Removed 6 is_part_of edge type(s) and Pathway node store
  Removed 3 Organism edge type(s) and Organism node store
Loading taxa split …
  Conversion fingerprints: 19,927/84,470 nodes (23.6%)  dim=3072
  Ranking pool: 8,445/13,682 proteins have embeddings (61.7%)
Node types : ['GeneProduct', 'Interaction', 'Metabolite', 'Protein']
  GeneProduct  num_nodes=    6,480  x=(6480, 1024)
  Interaction  num_nodes=   84,470  x=(84470, 3072)
  Metabolite  num_nodes=   17,476  x=(17476, 1024)
  Protein     num_nodes=   13,682  x=(13682, 960)
 ----------- GNN = GAT -----------
Running dummy forward pass to materialize weights...
Model: HeteroGNN  hidden_dim=128  num_layers=2  decoder=dot  dropout=0.3
  Edge types in GNN: 13
  Trainable parameters: 1,647,360
 Epoch     loss val_loss tst_loss  P-H@10   P-H@50   CP-AUC    time
──────────────────────────────────────────────────────────────────
     5   0.6927   0.6933    0.6933  0.0000   0.0000   0.5689    0.2s
    10   0.6917   0.6936    0.6936  0.0000   0.0000   0.5320    0.2s
    15   0.6900   0.6941    0.6941  0.0000   0.0000   0.5236    0.2s
    20   0.6870   0.6948    0.6949  0.0000   0.0000   0.5202    0.2s
    25   0.6821   0.6962    0.6963  0.0000   0.0000   0.5405    0.2s
    30   0.6755   0.6984    0.6987  0.0000   0.0000   0.5457    0.2s
    35   0.6642   0.7023    0.7027  0.0000   0.0000   0.5328    0.2s
    40   0.6501   0.7087    0.7096  0.0000   0.0000   0.5317    0.2s
    45   0.6332   0.7197    0.7214  0.0000   0.0000   0.5308    0.2s
    50   0.6122   0.7380    0.7408  0.0000   0.0000   0.5632    0.2s
    55   0.5874   0.7665    0.7711  0.0000   0.0000   0.5578    0.2s
    60   0.5664   0.8038    0.8102  0.0000   0.0000   0.5650    0.2s
    65   0.5466   0.8391    0.8462  0.0000   0.0000   0.5727    0.2s
    70   0.5323   0.8601    0.8664  0.0000   0.0000   0.6086    0.2s
    75   0.5072   0.8630    0.8669  0.0000   0.0000   0.6379    0.2s
    80   0.4876   0.8569    0.8581  0.0000   0.0000   0.6811    0.2s
    85   0.4688   0.8480    0.8465  0.0000   0.0000   0.7287    0.2s
    90   0.4508   0.8407    0.8369  0.0000   0.0000   0.7574    0.2s
    95   0.4267   0.8345    0.8288  0.0000   0.0000   0.7803    0.2s
   100   0.4104   0.8374    0.8301  0.0000   0.0000   0.7684    0.2s
   105   0.3961   0.8670    0.8587  0.0000   0.0000   0.7933    0.2s
   110   0.3858   0.9205    0.9114  0.0000   0.0000   0.7820    0.2s
   115   0.3765   0.9551    0.9454  0.0000   0.0000   0.8107    0.2s
   120   0.3699   0.9418    0.9316  0.0000   0.0000   0.8192    0.2s
   125   0.3589   0.9286    0.9182  0.0000   0.0000   0.8260    0.2s
   130   0.3524   0.9227    0.9121  0.0000   0.0000   0.8326    0.2s
   135   0.3474   0.8839    0.8735  0.0000   0.0000   0.8514    0.2s
   140   0.3399   0.8860    0.8759  0.0000   0.0000   0.8643    0.2s
   145   0.3365   0.8862    0.8767  0.0000   0.0000   0.8751    0.2s
   150   0.3338   0.8763    0.8676  0.0000   0.0000   0.8797    0.2s
   155   0.3306   0.8837    0.8762  0.0000   0.0000   0.8718    0.2s
   160   0.3225   0.8974    0.8912  0.0000   0.0000   0.8716    0.2s
   165   0.3219   0.8997    0.8951  0.0000   0.0000   0.8654    0.2s
   170   0.3135   0.9091    0.9061  0.0000   0.0000   0.8721    0.2s
   175   0.3112   0.9049    0.9035  0.0000   0.0000   0.8742    0.2s
   180   0.3114   0.9172    0.9176  0.0000   0.0081   0.8746    0.2s
   185   0.3063   0.9040    0.9059  0.0000   0.0116   0.8637    0.2s
   190   0.3046   0.9125    0.9161  0.0000   0.0023   0.8747    0.2s
   195   0.3008   0.9078    0.9129  0.0000   0.0000   0.8738    0.2s
   200   0.3031   0.9054    0.9118  0.0000   0.0000   0.8785    0.2s

Best checkpoint: epoch 181  val P-H@50 = 0.0116

── Final evaluation (best checkpoint) ──────────────────────────────
  val:
    P-H@1=0.0000  P-H@5=0.0000  P-H@10=0.0000  P-H@50=0.0116
    CP-AUC=0.8636  CP-AP=0.7685  loss=0.9147
  test:
    P-H@1=0.0000  P-H@5=0.0000  P-H@10=0.0000  P-H@50=0.0171
    CP-AUC=0.8763  CP-AP=0.8011  loss=0.9154

Report saved → /gpfs/home5/binal1/plantmetbench/runs/sweep_gat_L2_dot_lr1e-4/gat_L2_h128_dot_lr0.0001/seed_0/report_gat_epoch181.json
Checkpoint → /gpfs/home5/binal1/plantmetbench/runs/sweep_gat_L2_dot_lr1e-4/gat_L2_h128_dot_lr0.0001/seed_0/gat_L2_epoch181_best.pt
Log        → /gpfs/home5/binal1/plantmetbench/runs/sweep_gat_L2_dot_lr1e-4/gat_L2_h128_dot_lr0.0001/seed_0/train.log
History    → /gpfs/home5/binal1/plantmetbench/runs/sweep_gat_L2_dot_lr1e-4/gat_L2_h128_dot_lr0.0001/seed_0/history_gat_epoch181.json
# Log started at 2026-08-22T22:03:40.105206
# Log file: /gpfs/home5/binal1/plantmetbench/runs/sweep_gat_L2_dot_lr1e-4/gat_L2_h128_dot_lr0.0001/seed_1/train.log

Run: sweep_gat_L2_dot_lr1e-4  seed=1  →  /gpfs/home5/binal1/plantmetbench/runs/sweep_gat_L2_dot_lr1e-4/gat_L2_h128_dot_lr0.0001/seed_1
  Device: cuda  (NVIDIA H100)

Loading graph from /gpfs/home5/binal1/plantmetbench/data …
  Protein embeddings: 8,445/13,682 nodes covered (61.7%)  dim=960
  Removed 6 is_part_of edge type(s) and Pathway node store
  Removed 3 Organism edge type(s) and Organism node store
Loading taxa split …
  Conversion fingerprints: 19,927/84,470 nodes (23.6%)  dim=3072
  Ranking pool: 8,445/13,682 proteins have embeddings (61.7%)
Node types : ['GeneProduct', 'Interaction', 'Metabolite', 'Protein']
  GeneProduct  num_nodes=    6,480  x=(6480, 1024)
  Interaction  num_nodes=   84,470  x=(84470, 3072)
  Metabolite  num_nodes=   17,476  x=(17476, 1024)
  Protein     num_nodes=   13,682  x=(13682, 960)
 ----------- GNN = GAT -----------
Running dummy forward pass to materialize weights...
Model: HeteroGNN  hidden_dim=128  num_layers=2  decoder=dot  dropout=0.3
  Edge types in GNN: 13
  Trainable parameters: 1,647,360
 Epoch     loss val_loss tst_loss  P-H@10   P-H@50   CP-AUC    time
──────────────────────────────────────────────────────────────────
     5   0.6926   0.6933    0.6933  0.0000   0.0000   0.6185    0.2s
    10   0.6914   0.6935    0.6935  0.0000   0.0000   0.6367    0.2s
    15   0.6894   0.6939    0.6938  0.0000   0.0000   0.6332    0.2s
    20   0.6860   0.6946    0.6945  0.0000   0.0000   0.6290    0.2s
    25   0.6806   0.6959    0.6957  0.0000   0.0000   0.6275    0.2s
    30   0.6725   0.6983    0.6979  0.0000   0.0000   0.6212    0.2s
    35   0.6612   0.7024    0.7019  0.0000   0.0000   0.6046    0.2s
    40   0.6439   0.7098    0.7091  0.0000   0.0000   0.6065    0.2s
    45   0.6253   0.7228    0.7220  0.0000   0.0000   0.5984    0.2s
    50   0.6026   0.7448    0.7440  0.0000   0.0000   0.5983    0.2s
    55   0.5805   0.7779    0.7771  0.0000   0.0000   0.5981    0.2s
    60   0.5596   0.8177    0.8168  0.0000   0.0000   0.6024    0.2s
    65   0.5413   0.8495    0.8476  0.0000   0.0000   0.6083    0.2s
    70   0.5217   0.8644    0.8607  0.0000   0.0000   0.6420    0.2s
    75   0.5025   0.8679    0.8621  0.0000   0.0000   0.6629    0.2s
    80   0.4833   0.8640    0.8565  0.0000   0.0000   0.7033    0.2s
    85   0.4663   0.8598    0.8508  0.0000   0.0000   0.7367    0.2s
    90   0.4447   0.8569    0.8468  0.0000   0.0000   0.7392    0.2s
    95   0.4264   0.8595    0.8489  0.0000   0.0000   0.7445    0.2s
   100   0.4093   0.8804    0.8695  0.0000   0.0000   0.7562    0.2s
   105   0.3970   0.9275    0.9159  0.0000   0.0000   0.7582    0.2s
   110   0.3850   0.9627    0.9509  0.0000   0.0000   0.7912    0.2s
   115   0.3745   0.9496    0.9390  0.0000   0.0000   0.8132    0.2s
   120   0.3713   0.9306    0.9212  0.0000   0.0000   0.7956    0.2s
   125   0.3604   0.9214    0.9127  0.0000   0.0000   0.8313    0.2s
   130   0.3569   0.8985    0.8910  0.0000   0.0000   0.8353    0.2s
   135   0.3467   0.8891    0.8826  0.0000   0.0000   0.8454    0.2s
   140   0.3439   0.8885    0.8829  0.0000   0.0000   0.8607    0.2s
   145   0.3399   0.8978    0.8932  0.0000   0.0000   0.8670    0.2s
   150   0.3343   0.8999    0.8967  0.0000   0.0000   0.8702    0.2s
   155   0.3295   0.9136    0.9115  0.0000   0.0000   0.8771    0.2s
   160   0.3254   0.9120    0.9116  0.0000   0.0000   0.8544    0.2s
   165   0.3211   0.9220    0.9232  0.0000   0.0000   0.8759    0.2s
   170   0.3160   0.9236    0.9268  0.0000   0.0000   0.8807    0.2s
   175   0.3166   0.9216    0.9267  0.0000   0.0000   0.8660    0.2s
   180   0.3104   0.9164    0.9233  0.0000   0.0000   0.8804    0.2s
   185   0.3082   0.9207    0.9289  0.0000   0.0000   0.8737    0.2s
   190   0.3032   0.9198    0.9292  0.0000   0.0000   0.8708    0.2s
   195   0.3001   0.9041    0.9148  0.0000   0.0000   0.8828    0.2s
   200   0.3010   0.9307    0.9416  0.0000   0.0000   0.8770    0.2s

Best checkpoint: epoch 183  val P-H@50 = 0.0023

── Final evaluation (best checkpoint) ──────────────────────────────
  val:
    P-H@1=0.0000  P-H@5=0.0000  P-H@10=0.0000  P-H@50=0.0023
    CP-AUC=0.8686  CP-AP=0.7708  loss=0.9072
  test:
    P-H@1=0.0000  P-H@5=0.0000  P-H@10=0.0000  P-H@50=0.0011
    CP-AUC=0.8721  CP-AP=0.7978  loss=0.9151

Report saved → /gpfs/home5/binal1/plantmetbench/runs/sweep_gat_L2_dot_lr1e-4/gat_L2_h128_dot_lr0.0001/seed_1/report_gat_epoch183.json
Checkpoint → /gpfs/home5/binal1/plantmetbench/runs/sweep_gat_L2_dot_lr1e-4/gat_L2_h128_dot_lr0.0001/seed_1/gat_L2_epoch183_best.pt
Log        → /gpfs/home5/binal1/plantmetbench/runs/sweep_gat_L2_dot_lr1e-4/gat_L2_h128_dot_lr0.0001/seed_1/train.log
History    → /gpfs/home5/binal1/plantmetbench/runs/sweep_gat_L2_dot_lr1e-4/gat_L2_h128_dot_lr0.0001/seed_1/history_gat_epoch183.json
# Log started at 2026-08-22T22:04:24.320019
# Log file: /gpfs/home5/binal1/plantmetbench/runs/sweep_gat_L2_dot_lr1e-4/gat_L2_h128_dot_lr0.0001/seed_2/train.log

Run: sweep_gat_L2_dot_lr1e-4  seed=2  →  /gpfs/home5/binal1/plantmetbench/runs/sweep_gat_L2_dot_lr1e-4/gat_L2_h128_dot_lr0.0001/seed_2
  Device: cuda  (NVIDIA H100)

Loading graph from /gpfs/home5/binal1/plantmetbench/data …
  Protein embeddings: 8,445/13,682 nodes covered (61.7%)  dim=960
  Removed 6 is_part_of edge type(s) and Pathway node store
  Removed 3 Organism edge type(s) and Organism node store
Loading taxa split …
  Conversion fingerprints: 19,927/84,470 nodes (23.6%)  dim=3072
  Ranking pool: 8,445/13,682 proteins have embeddings (61.7%)
Node types : ['GeneProduct', 'Interaction', 'Metabolite', 'Protein']
  GeneProduct  num_nodes=    6,480  x=(6480, 1024)
  Interaction  num_nodes=   84,470  x=(84470, 3072)
  Metabolite  num_nodes=   17,476  x=(17476, 1024)
  Protein     num_nodes=   13,682  x=(13682, 960)
 ----------- GNN = GAT -----------
Running dummy forward pass to materialize weights...
Model: HeteroGNN  hidden_dim=128  num_layers=2  decoder=dot  dropout=0.3
  Edge types in GNN: 13
  Trainable parameters: 1,647,360
 Epoch     loss val_loss tst_loss  P-H@10   P-H@50   CP-AUC    time
──────────────────────────────────────────────────────────────────
     5   0.6926   0.6933    0.6933  0.0000   0.0000   0.6235    0.2s
    10   0.6914   0.6935    0.6935  0.0000   0.0000   0.6183    0.2s
    15   0.6894   0.6940    0.6939  0.0000   0.0000   0.6187    0.2s
    20   0.6861   0.6947    0.6945  0.0000   0.0000   0.6047    0.2s
    25   0.6808   0.6961    0.6958  0.0000   0.0000   0.6108    0.2s
    30   0.6733   0.6983    0.6979  0.0000   0.0000   0.6075    0.2s
    35   0.6609   0.7023    0.7016  0.0000   0.0000   0.5981    0.2s
    40   0.6457   0.7091    0.7081  0.0000   0.0000   0.5976    0.2s
    45   0.6256   0.7208    0.7194  0.0000   0.0000   0.5858    0.2s
    50   0.6033   0.7403    0.7386  0.0000   0.0000   0.5857    0.2s
    55   0.5813   0.7701    0.7682  0.0000   0.0000   0.5918    0.2s
    60   0.5607   0.8086    0.8065  0.0000   0.0000   0.5966    0.2s
    65   0.5448   0.8441    0.8415  0.0000   0.0000   0.6000    0.2s
    70   0.5250   0.8625    0.8589  0.0000   0.0000   0.6356    0.2s
    75   0.5054   0.8657    0.8607  0.0000   0.0000   0.6566    0.2s
    80   0.4843   0.8604    0.8540  0.0000   0.0000   0.7101    0.2s
    85   0.4646   0.8501    0.8426  0.0000   0.0000   0.7386    0.2s
    90   0.4462   0.8435    0.8351  0.0000   0.0000   0.7499    0.2s
    95   0.4279   0.8428    0.8339  0.0000   0.0000   0.7622    0.2s
   100   0.4102   0.8565    0.8471  0.0000   0.0000   0.7550    0.2s
   105   0.3991   0.8966    0.8863  0.0000   0.0000   0.7975    0.2s
   110   0.3820   0.9391    0.9280  0.0000   0.0000   0.7862    0.2s
   115   0.3769   0.9535    0.9421  0.0000   0.0000   0.7947    0.2s
   120   0.3707   0.9433    0.9321  0.0000   0.0000   0.8239    0.2s
   125   0.3582   0.9243    0.9134  0.0000   0.0000   0.8265    0.2s
   130   0.3525   0.9077    0.8972  0.0000   0.0000   0.8305    0.2s
   135   0.3456   0.8927    0.8829  0.0000   0.0000   0.8541    0.2s
   140   0.3447   0.8910    0.8819  0.0000   0.0000   0.8491    0.2s
   145   0.3360   0.8867    0.8787  0.0000   0.0000   0.8596    0.2s
   150   0.3369   0.8905    0.8837  0.0000   0.0000   0.8758    0.2s
   155   0.3274   0.9072    0.9015  0.0000   0.0000   0.8621    0.2s
   160   0.3221   0.8905    0.8870  0.0000   0.0000   0.8565    0.2s
   165   0.3211   0.9089    0.9071  0.0000   0.0000   0.8708    0.2s
   170   0.3156   0.9046    0.9051  0.0000   0.0023   0.8789    0.2s
   175   0.3175   0.9081    0.9105  0.0000   0.0000   0.8655    0.2s
   180   0.3092   0.9150    0.9191  0.0000   0.0000   0.8657    0.2s
   185   0.3040   0.9176    0.9234  0.0000   0.0000   0.8699    0.2s
   190   0.3070   0.9186    0.9260  0.0000   0.0000   0.8647    0.2s
   195   0.3036   0.9146    0.9233  0.0000   0.0000   0.8614    0.2s
   200   0.2988   0.9254    0.9349  0.0000   0.0000   0.8767    0.2s

Best checkpoint: epoch 1  val P-H@50 = 0.0035

── Final evaluation (best checkpoint) ──────────────────────────────
  val:
    P-H@1=0.0000  P-H@5=0.0000  P-H@10=0.0012  P-H@50=0.0035
    CP-AUC=0.6444  CP-AP=0.5787  loss=0.6932
  test:
    P-H@1=0.0000  P-H@5=0.0011  P-H@10=0.0011  P-H@50=0.0096
    CP-AUC=0.6638  CP-AP=0.6022  loss=0.6931

Report saved → /gpfs/home5/binal1/plantmetbench/runs/sweep_gat_L2_dot_lr1e-4/gat_L2_h128_dot_lr0.0001/seed_2/report_gat_epoch001.json
Checkpoint → /gpfs/home5/binal1/plantmetbench/runs/sweep_gat_L2_dot_lr1e-4/gat_L2_h128_dot_lr0.0001/seed_2/gat_L2_epoch001_best.pt
Log        → /gpfs/home5/binal1/plantmetbench/runs/sweep_gat_L2_dot_lr1e-4/gat_L2_h128_dot_lr0.0001/seed_2/train.log
History    → /gpfs/home5/binal1/plantmetbench/runs/sweep_gat_L2_dot_lr1e-4/gat_L2_h128_dot_lr0.0001/seed_2/history_gat_epoch001.json
# Log started at 2026-08-22T22:05:07.797496
# Log file: /gpfs/home5/binal1/plantmetbench/runs/sweep_gat_L2_dot_lr1e-4/gat_L2_h128_dot_lr0.0001/seed_3/train.log

Run: sweep_gat_L2_dot_lr1e-4  seed=3  →  /gpfs/home5/binal1/plantmetbench/runs/sweep_gat_L2_dot_lr1e-4/gat_L2_h128_dot_lr0.0001/seed_3
  Device: cuda  (NVIDIA H100)

Loading graph from /gpfs/home5/binal1/plantmetbench/data …
  Protein embeddings: 8,445/13,682 nodes covered (61.7%)  dim=960
  Removed 6 is_part_of edge type(s) and Pathway node store
  Removed 3 Organism edge type(s) and Organism node store
Loading taxa split …
  Conversion fingerprints: 19,927/84,470 nodes (23.6%)  dim=3072
  Ranking pool: 8,445/13,682 proteins have embeddings (61.7%)
Node types : ['GeneProduct', 'Interaction', 'Metabolite', 'Protein']
  GeneProduct  num_nodes=    6,480  x=(6480, 1024)
  Interaction  num_nodes=   84,470  x=(84470, 3072)
  Metabolite  num_nodes=   17,476  x=(17476, 1024)
  Protein     num_nodes=   13,682  x=(13682, 960)
 ----------- GNN = GAT -----------
Running dummy forward pass to materialize weights...
Model: HeteroGNN  hidden_dim=128  num_layers=2  decoder=dot  dropout=0.3
  Edge types in GNN: 13
  Trainable parameters: 1,647,360
 Epoch     loss val_loss tst_loss  P-H@10   P-H@50   CP-AUC    time
──────────────────────────────────────────────────────────────────
     5   0.6927   0.6932    0.6932  0.0000   0.0000   0.6590    0.2s
    10   0.6917   0.6933    0.6933  0.0000   0.0000   0.6795    0.2s
    15   0.6899   0.6936    0.6936  0.0000   0.0000   0.6623    0.2s
    20   0.6870   0.6941    0.6942  0.0000   0.0000   0.6484    0.2s
    25   0.6820   0.6951    0.6952  0.0000   0.0000   0.6394    0.2s
    30   0.6751   0.6969    0.6971  0.0000   0.0000   0.6246    0.2s
    35   0.6638   0.7001    0.7005  0.0000   0.0000   0.6058    0.2s
    40   0.6496   0.7059    0.7066  0.0000   0.0000   0.6118    0.2s
    45   0.6294   0.7163    0.7177  0.0000   0.0000   0.5959    0.2s
    50   0.6065   0.7345    0.7370  0.0000   0.0000   0.5836    0.2s
    55   0.5807   0.7643    0.7687  0.0000   0.0000   0.5918    0.2s
    60   0.5593   0.8047    0.8114  0.0000   0.0000   0.5928    0.2s
    65   0.5404   0.8454    0.8536  0.0000   0.0000   0.5979    0.2s
    70   0.5227   0.8683    0.8759  0.0000   0.0000   0.6262    0.2s
    75   0.5047   0.8733    0.8787  0.0000   0.0000   0.6535    0.2s
    80   0.4842   0.8703    0.8729  0.0000   0.0000   0.6796    0.2s
    85   0.4680   0.8660    0.8660  0.0000   0.0000   0.7284    0.2s
    90   0.4503   0.8630    0.8606  0.0000   0.0000   0.7362    0.2s
    95   0.4299   0.8628    0.8583  0.0000   0.0000   0.7510    0.2s
   100   0.4148   0.8697    0.8634  0.0000   0.0000   0.7628    0.2s
   105   0.4000   0.8877    0.8796  0.0000   0.0000   0.7805    0.2s
   110   0.3892   0.9219    0.9123  0.0000   0.0000   0.7841    0.2s
   115   0.3741   0.9608    0.9502  0.0000   0.0000   0.7976    0.2s
   120   0.3658   0.9654    0.9542  0.0000   0.0000   0.7910    0.2s
   125   0.3620   0.9381    0.9271  0.0000   0.0000   0.8356    0.2s
   130   0.3574   0.9292    0.9185  0.0000   0.0000   0.8286    0.2s
   135   0.3473   0.9124    0.9023  0.0000   0.0000   0.8311    0.2s
   140   0.3462   0.8928    0.8834  0.0000   0.0000   0.8670    0.2s
   145   0.3392   0.8896    0.8808  0.0000   0.0000   0.8621    0.2s
   150   0.3345   0.9065    0.8985  0.0000   0.0000   0.8528    0.2s
   155   0.3274   0.9017    0.8950  0.0000   0.0000   0.8783    0.2s
   160   0.3250   0.9108    0.9052  0.0000   0.0000   0.8698    0.2s
   165   0.3211   0.9324    0.9280  0.0000   0.0000   0.8625    0.2s
   170   0.3151   0.9272    0.9243  0.0000   0.0000   0.8696    0.2s
   175   0.3103   0.9242    0.9229  0.0000   0.0000   0.8649    0.2s
   180   0.3124   0.9285    0.9288  0.0000   0.0116   0.8662    0.2s
   185   0.3045   0.9150    0.9169  0.0000   0.0116   0.8834    0.2s
   190   0.3047   0.9319    0.9352  0.0000   0.0000   0.8775    0.2s
   195   0.3022   0.9215    0.9263  0.0000   0.0000   0.8827    0.2s
   200   0.3031   0.9354    0.9417  0.0000   0.0000   0.8697    0.2s

Best checkpoint: epoch 183  val P-H@50 = 0.0174

── Final evaluation (best checkpoint) ──────────────────────────────
  val:
    P-H@1=0.0000  P-H@5=0.0000  P-H@10=0.0000  P-H@50=0.0174
    CP-AUC=0.8706  CP-AP=0.7802  loss=0.9151
  test:
    P-H@1=0.0000  P-H@5=0.0000  P-H@10=0.0000  P-H@50=0.0503
    CP-AUC=0.8823  CP-AP=0.8224  loss=0.9163

Report saved → /gpfs/home5/binal1/plantmetbench/runs/sweep_gat_L2_dot_lr1e-4/gat_L2_h128_dot_lr0.0001/seed_3/report_gat_epoch183.json
Checkpoint → /gpfs/home5/binal1/plantmetbench/runs/sweep_gat_L2_dot_lr1e-4/gat_L2_h128_dot_lr0.0001/seed_3/gat_L2_epoch183_best.pt
Log        → /gpfs/home5/binal1/plantmetbench/runs/sweep_gat_L2_dot_lr1e-4/gat_L2_h128_dot_lr0.0001/seed_3/train.log
History    → /gpfs/home5/binal1/plantmetbench/runs/sweep_gat_L2_dot_lr1e-4/gat_L2_h128_dot_lr0.0001/seed_3/history_gat_epoch183.json
Remaining : ['--gnn-name', 'gat', '--num-layers', '2', '--decoder', 'dot', '--lr', '1e-4', '--epochs', '200']
PlantMetBench — multi-seed training
  Seeds    : [42, 0, 1, 2, 3]
  Run name : sweep_gat_L2_dot_lr1e-4
  Extra    : --gnn-name gat --num-layers 2 --decoder dot --lr 1e-4 --epochs 200

======================================================================
  Seed 42  →  /gpfs/home5/binal1/plantmetbench/runs/sweep_gat_L2_dot_lr1e-4/gat_L2_h128_dot_lr1e-4/seed_42/
======================================================================

======================================================================
  Seed 0  →  /gpfs/home5/binal1/plantmetbench/runs/sweep_gat_L2_dot_lr1e-4/gat_L2_h128_dot_lr1e-4/seed_0/
======================================================================

======================================================================
  Seed 1  →  /gpfs/home5/binal1/plantmetbench/runs/sweep_gat_L2_dot_lr1e-4/gat_L2_h128_dot_lr1e-4/seed_1/
======================================================================

======================================================================
  Seed 2  →  /gpfs/home5/binal1/plantmetbench/runs/sweep_gat_L2_dot_lr1e-4/gat_L2_h128_dot_lr1e-4/seed_2/
======================================================================

======================================================================
  Seed 3  →  /gpfs/home5/binal1/plantmetbench/runs/sweep_gat_L2_dot_lr1e-4/gat_L2_h128_dot_lr1e-4/seed_3/
======================================================================
  [WARNING] No report_*.json under /gpfs/home5/binal1/plantmetbench/runs/sweep_gat_L2_dot_lr1e-4/gat_L2_h128_dot_lr1e-4/seed_42 — skipping
  [WARNING] No report_*.json under /gpfs/home5/binal1/plantmetbench/runs/sweep_gat_L2_dot_lr1e-4/gat_L2_h128_dot_lr1e-4/seed_0 — skipping
  [WARNING] No report_*.json under /gpfs/home5/binal1/plantmetbench/runs/sweep_gat_L2_dot_lr1e-4/gat_L2_h128_dot_lr1e-4/seed_1 — skipping
  [WARNING] No report_*.json under /gpfs/home5/binal1/plantmetbench/runs/sweep_gat_L2_dot_lr1e-4/gat_L2_h128_dot_lr1e-4/seed_2 — skipping
  [WARNING] No report_*.json under /gpfs/home5/binal1/plantmetbench/runs/sweep_gat_L2_dot_lr1e-4/gat_L2_h128_dot_lr1e-4/seed_3 — skipping

======================================================================
  Multi-seed summary
======================================================================
  Metric                    Mean       Std  n
  --------------------------------------------------

Summary saved → /gpfs/home5/binal1/plantmetbench/runs/sweep_gat_L2_dot_lr1e-4/seeds_summary_gat_L2_h128_dot_lr1e-4.json
Summary saved → /gpfs/home5/binal1/plantmetbench/runs/sweep_gat_L2_dot_lr1e-4/gat_L2_h128_dot_lr1e-4/seeds_summary_gat_L2_h128_dot_lr1e-4.json

==================================================================
  Config: gnn-name=gat  num-layers=3  decoder=dot  lr=1e-4
  Run name: sweep_gat_L3_dot_lr1e-4
==================================================================
# Log started at 2026-08-22T22:05:54.067684
# Log file: /gpfs/home5/binal1/plantmetbench/runs/sweep_gat_L3_dot_lr1e-4/gat_L3_h128_dot_lr0.0001/seed_42/train.log

Run: sweep_gat_L3_dot_lr1e-4  seed=42  →  /gpfs/home5/binal1/plantmetbench/runs/sweep_gat_L3_dot_lr1e-4/gat_L3_h128_dot_lr0.0001/seed_42
  Device: cuda  (NVIDIA H100)

Loading graph from /gpfs/home5/binal1/plantmetbench/data …
  Protein embeddings: 8,445/13,682 nodes covered (61.7%)  dim=960
  Removed 6 is_part_of edge type(s) and Pathway node store
  Removed 3 Organism edge type(s) and Organism node store
Loading taxa split …
  Conversion fingerprints: 19,927/84,470 nodes (23.6%)  dim=3072
  Ranking pool: 8,445/13,682 proteins have embeddings (61.7%)

────────────────────────────────────────────────────────────────────────
Dataset summary
────────────────────────────────────────────────────────────────────────
  Target edge : ('Protein', 'catalyzes', 'Interaction')

Node types:
  GeneProduct   num_nodes=    6,480  x=(6480, 1024)
  Interaction   num_nodes=   84,470  x=(84470, 3072)
  Metabolite    num_nodes=   17,476  x=(17476, 1024)
  Protein       num_nodes=   13,682  x=(13682, 960)
Edge types:
  ('GeneProduct', 'encodes', 'Protein')               num_edges=     2,762
  ('GeneProduct', 'is_about', 'GeneProduct')          num_edges=     4,580
  ('Interaction', 'is_about', 'Interaction')          num_edges=    29,740
  ('Interaction', 'participants', 'Interaction')      num_edges=     9,813
  ('Interaction', 'participants', 'Metabolite')       num_edges=    34,793
  ('Interaction', 'source', 'Metabolite')             num_edges=     7,554
  ('Interaction', 'target', 'Interaction')            num_edges=        17
  ('Interaction', 'target', 'Metabolite')             num_edges=    18,622
  ('Metabolite', 'is_about', 'Metabolite')            num_edges=    12,812
  ('Protein', 'catalyzes', 'Interaction')             num_edges=     7,655
  ('Protein', 'encoded_by', 'GeneProduct')            num_edges=     2,762
  ('Protein', 'is_about', 'GeneProduct')              num_edges=        83
  ('Protein', 'is_about', 'Protein')                  num_edges=     9,932

  Positive edge splits:
    train    9,569 edges
    val      1,211 edges
    test     1,200 edges

  Ranking pool : 8,445 proteins  (embedded only)
  Random P-H@50: 0.0059  (0.59%)
────────────────────────────────────────────────────────────────────────

Node types : ['GeneProduct', 'Interaction', 'Metabolite', 'Protein']
  GeneProduct  num_nodes=    6,480  x=(6480, 1024)
  Interaction  num_nodes=   84,470  x=(84470, 3072)
  Metabolite  num_nodes=   17,476  x=(17476, 1024)
  Protein     num_nodes=   13,682  x=(13682, 960)
 ----------- GNN = GAT -----------
Running dummy forward pass to materialize weights...
Model: HeteroGNN  hidden_dim=128  num_layers=3  decoder=dot  dropout=0.3
  Edge types in GNN: 13
  Trainable parameters: 2,081,664
 Epoch     loss val_loss tst_loss  P-H@10   P-H@50   CP-AUC    time
──────────────────────────────────────────────────────────────────
     5   0.6928   0.6932    0.6932  0.0000   0.0000   0.5120    0.2s
    10   0.6919   0.6934    0.6933  0.0000   0.0000   0.5308    0.2s
    15   0.6901   0.6938    0.6936  0.0000   0.0000   0.5447    0.2s
    20   0.6867   0.6946    0.6941  0.0000   0.0000   0.5619    0.2s
    25   0.6808   0.6960    0.6950  0.0000   0.0000   0.5694    0.2s
    30   0.6715   0.6985    0.6966  0.0000   0.0000   0.6045    0.2s
    35   0.6576   0.7032    0.6996  0.0000   0.0000   0.6106    0.2s
    40   0.6374   0.7124    0.7054  0.0000   0.0000   0.6382    0.2s
    45   0.6109   0.7302    0.7167  0.0000   0.0000   0.6415    0.2s
    50   0.5875   0.7598    0.7360  0.0000   0.0000   0.6448    0.2s
    55   0.5664   0.7882    0.7555  0.0000   0.0000   0.6627    0.2s
    60   0.5447   0.7959    0.7624  0.0000   0.0000   0.7005    0.2s
    65   0.5176   0.7877    0.7584  0.0000   0.0000   0.7752    0.2s
    70   0.4930   0.7779    0.7528  0.0000   0.0000   0.8147    0.2s
    75   0.4701   0.7695    0.7475  0.0000   0.0000   0.8472    0.2s
    80   0.4481   0.7626    0.7427  0.0000   0.0000   0.8607    0.2s
    85   0.4289   0.7654    0.7459  0.0000   0.0000   0.8436    0.2s
    90   0.4064   0.7990    0.7753  0.0000   0.0000   0.8463    0.2s
    95   0.3930   0.8547    0.8245  0.0000   0.0000   0.8634    0.2s
   100   0.3857   0.8501    0.8249  0.0000   0.0000   0.8627    0.2s
   105   0.3785   0.8314    0.8128  0.0000   0.0000   0.8692    0.2s
   110   0.3728   0.8343    0.8184  0.0000   0.0000   0.8896    0.2s
   115   0.3624   0.8021    0.7918  0.0023   0.0151   0.8798    0.2s
   120   0.3535   0.8230    0.8121  0.0046   0.0394   0.8799    0.2s
   125   0.3472   0.8197    0.8099  0.0070   0.0452   0.8725    0.2s
   130   0.3432   0.8283    0.8185  0.0070   0.0452   0.8721    0.2s
   135   0.3428   0.8556    0.8446  0.0046   0.0267   0.8684    0.2s
   140   0.3300   0.8593    0.8490  0.0035   0.0232   0.8439    0.2s
   145   0.3310   0.8833    0.8728  0.0035   0.0151   0.8531    0.2s
   150   0.3229   0.8792    0.8702  0.0012   0.0243   0.8580    0.2s
   155   0.3211   0.8991    0.8910  0.0000   0.0012   0.8574    0.2s
   160   0.3168   0.8973    0.8911  0.0000   0.0012   0.8575    0.2s
   165   0.3186   0.8999    0.8957  0.0000   0.0012   0.8513    0.2s
   170   0.3137   0.9088    0.9065  0.0000   0.0000   0.8408    0.2s
   175   0.3119   0.9094    0.9092  0.0000   0.0000   0.8551    0.2s
   180   0.3113   0.9096    0.9116  0.0000   0.0000   0.8510    0.2s
   185   0.3021   0.9124    0.9166  0.0000   0.0000   0.8537    0.2s
   190   0.3038   0.9167    0.9228  0.0000   0.0000   0.8418    0.2s
   195   0.2980   0.9215    0.9293  0.0000   0.0000   0.8607    0.2s
   200   0.2962   0.9301    0.9395  0.0000   0.0000   0.8530    0.2s

Best checkpoint: epoch 118  val P-H@50 = 0.0475

── Final evaluation (best checkpoint) ──────────────────────────────
  val:
    P-H@1=0.0000  P-H@5=0.0000  P-H@10=0.0070  P-H@50=0.0475
    CP-AUC=0.8800  CP-AP=0.7980  loss=0.8093
  test:
    P-H@1=0.0000  P-H@5=0.0000  P-H@10=0.0000  P-H@50=0.0096
    CP-AUC=0.8804  CP-AP=0.8047  loss=0.7991

Report saved → /gpfs/home5/binal1/plantmetbench/runs/sweep_gat_L3_dot_lr1e-4/gat_L3_h128_dot_lr0.0001/seed_42/report_gat_epoch118.json
Checkpoint → /gpfs/home5/binal1/plantmetbench/runs/sweep_gat_L3_dot_lr1e-4/gat_L3_h128_dot_lr0.0001/seed_42/gat_L3_epoch118_best.pt
Log        → /gpfs/home5/binal1/plantmetbench/runs/sweep_gat_L3_dot_lr1e-4/gat_L3_h128_dot_lr0.0001/seed_42/train.log
History    → /gpfs/home5/binal1/plantmetbench/runs/sweep_gat_L3_dot_lr1e-4/gat_L3_h128_dot_lr0.0001/seed_42/history_gat_epoch118.json
# Log started at 2026-08-22T22:06:48.609828
# Log file: /gpfs/home5/binal1/plantmetbench/runs/sweep_gat_L3_dot_lr1e-4/gat_L3_h128_dot_lr0.0001/seed_0/train.log

Run: sweep_gat_L3_dot_lr1e-4  seed=0  →  /gpfs/home5/binal1/plantmetbench/runs/sweep_gat_L3_dot_lr1e-4/gat_L3_h128_dot_lr0.0001/seed_0
  Device: cuda  (NVIDIA H100)

Loading graph from /gpfs/home5/binal1/plantmetbench/data …
  Protein embeddings: 8,445/13,682 nodes covered (61.7%)  dim=960
  Removed 6 is_part_of edge type(s) and Pathway node store
  Removed 3 Organism edge type(s) and Organism node store
Loading taxa split …
  Conversion fingerprints: 19,927/84,470 nodes (23.6%)  dim=3072
  Ranking pool: 8,445/13,682 proteins have embeddings (61.7%)
Node types : ['GeneProduct', 'Interaction', 'Metabolite', 'Protein']
  GeneProduct  num_nodes=    6,480  x=(6480, 1024)
  Interaction  num_nodes=   84,470  x=(84470, 3072)
  Metabolite  num_nodes=   17,476  x=(17476, 1024)
  Protein     num_nodes=   13,682  x=(13682, 960)
 ----------- GNN = GAT -----------
Running dummy forward pass to materialize weights...
Model: HeteroGNN  hidden_dim=128  num_layers=3  decoder=dot  dropout=0.3
  Edge types in GNN: 13
  Trainable parameters: 2,081,664
 Epoch     loss val_loss tst_loss  P-H@10   P-H@50   CP-AUC    time
──────────────────────────────────────────────────────────────────
     5   0.6928   0.6932    0.6932  0.0000   0.0000   0.6151    0.2s
    10   0.6918   0.6933    0.6933  0.0000   0.0000   0.6175    0.2s
    15   0.6899   0.6936    0.6934  0.0000   0.0000   0.6341    0.2s
    20   0.6863   0.6941    0.6937  0.0000   0.0000   0.6439    0.2s
    25   0.6804   0.6950    0.6943  0.0000   0.0000   0.6671    0.2s
    30   0.6704   0.6969    0.6954  0.0000   0.0000   0.6777    0.2s
    35   0.6553   0.7004    0.6976  0.0000   0.0000   0.6744    0.2s
    40   0.6339   0.7076    0.7022  0.0000   0.0000   0.6585    0.2s
    45   0.6088   0.7221    0.7116  0.0000   0.0000   0.6593    0.2s
    50   0.5857   0.7476    0.7284  0.0000   0.0000   0.6839    0.2s
    55   0.5639   0.7708    0.7444  0.0000   0.0000   0.7101    0.2s
    60   0.5419   0.7781    0.7507  0.0000   0.0000   0.7525    0.2s
    65   0.5148   0.7717    0.7474  0.0000   0.0000   0.7948    0.2s
    70   0.4916   0.7603    0.7398  0.0000   0.0000   0.8409    0.2s
    75   0.4660   0.7499    0.7321  0.0000   0.0000   0.8573    0.2s
    80   0.4466   0.7446    0.7278  0.0000   0.0000   0.8742    0.2s
    85   0.4243   0.7405    0.7243  0.0000   0.0000   0.8693    0.2s
    90   0.4090   0.7623    0.7437  0.0000   0.0000   0.8476    0.2s
    95   0.3913   0.8261    0.7996  0.0000   0.0000   0.8530    0.2s
   100   0.3848   0.8551    0.8277  0.0000   0.0000   0.8511    0.2s
   105   0.3731   0.8279    0.8082  0.0000   0.0000   0.8624    0.2s
   110   0.3648   0.8439    0.8257  0.0000   0.0000   0.8611    0.2s
   115   0.3614   0.8255    0.8120  0.0000   0.0000   0.8801    0.2s
   120   0.3540   0.8112    0.8007  0.0023   0.0046   0.8728    0.2s
   125   0.3477   0.8315    0.8204  0.0058   0.0301   0.8672    0.2s
   130   0.3426   0.8323    0.8217  0.0046   0.0185   0.8659    0.2s
   135   0.3377   0.8563    0.8448  0.0035   0.0070   0.8612    0.2s
   140   0.3362   0.8634    0.8522  0.0000   0.0023   0.8644    0.2s
   145   0.3277   0.8796    0.8683  0.0000   0.0000   0.8676    0.2s
   150   0.3261   0.8803    0.8697  0.0000   0.0000   0.8583    0.2s
   155   0.3195   0.8918    0.8817  0.0000   0.0000   0.8526    0.2s
   160   0.3203   0.9109    0.9014  0.0000   0.0000   0.8468    0.2s
   165   0.3149   0.8963    0.8888  0.0000   0.0000   0.8493    0.2s
   170   0.3115   0.9011    0.8952  0.0000   0.0000   0.8585    0.2s
   175   0.3028   0.8995    0.8954  0.0000   0.0000   0.8605    0.2s
   180   0.3045   0.9129    0.9104  0.0000   0.0000   0.8531    0.2s
   185   0.3022   0.8988    0.8983  0.0000   0.0000   0.8418    0.2s
   190   0.3025   0.9293    0.9306  0.0000   0.0000   0.8471    0.2s
   195   0.2980   0.9031    0.9067  0.0000   0.0000   0.8467    0.2s
   200   0.2996   0.9344    0.9392  0.0000   0.0000   0.8465    0.2s

Best checkpoint: epoch 127  val P-H@50 = 0.0336

── Final evaluation (best checkpoint) ──────────────────────────────
  val:
    P-H@1=0.0000  P-H@5=0.0000  P-H@10=0.0058  P-H@50=0.0336
    CP-AUC=0.8615  CP-AP=0.7767  loss=0.8285
  test:
    P-H@1=0.0000  P-H@5=0.0000  P-H@10=0.0000  P-H@50=0.0107
    CP-AUC=0.8753  CP-AP=0.7940  loss=0.8179

Report saved → /gpfs/home5/binal1/plantmetbench/runs/sweep_gat_L3_dot_lr1e-4/gat_L3_h128_dot_lr0.0001/seed_0/report_gat_epoch127.json
Checkpoint → /gpfs/home5/binal1/plantmetbench/runs/sweep_gat_L3_dot_lr1e-4/gat_L3_h128_dot_lr0.0001/seed_0/gat_L3_epoch127_best.pt
Log        → /gpfs/home5/binal1/plantmetbench/runs/sweep_gat_L3_dot_lr1e-4/gat_L3_h128_dot_lr0.0001/seed_0/train.log
History    → /gpfs/home5/binal1/plantmetbench/runs/sweep_gat_L3_dot_lr1e-4/gat_L3_h128_dot_lr0.0001/seed_0/history_gat_epoch127.json
# Log started at 2026-08-22T22:07:43.158924
# Log file: /gpfs/home5/binal1/plantmetbench/runs/sweep_gat_L3_dot_lr1e-4/gat_L3_h128_dot_lr0.0001/seed_1/train.log

Run: sweep_gat_L3_dot_lr1e-4  seed=1  →  /gpfs/home5/binal1/plantmetbench/runs/sweep_gat_L3_dot_lr1e-4/gat_L3_h128_dot_lr0.0001/seed_1
  Device: cuda  (NVIDIA H100)

Loading graph from /gpfs/home5/binal1/plantmetbench/data …
  Protein embeddings: 8,445/13,682 nodes covered (61.7%)  dim=960
  Removed 6 is_part_of edge type(s) and Pathway node store
  Removed 3 Organism edge type(s) and Organism node store
Loading taxa split …
  Conversion fingerprints: 19,927/84,470 nodes (23.6%)  dim=3072
  Ranking pool: 8,445/13,682 proteins have embeddings (61.7%)
Node types : ['GeneProduct', 'Interaction', 'Metabolite', 'Protein']
  GeneProduct  num_nodes=    6,480  x=(6480, 1024)
  Interaction  num_nodes=   84,470  x=(84470, 3072)
  Metabolite  num_nodes=   17,476  x=(17476, 1024)
  Protein     num_nodes=   13,682  x=(13682, 960)
 ----------- GNN = GAT -----------
Running dummy forward pass to materialize weights...
Model: HeteroGNN  hidden_dim=128  num_layers=3  decoder=dot  dropout=0.3
  Edge types in GNN: 13
  Trainable parameters: 2,081,664
 Epoch     loss val_loss tst_loss  P-H@10   P-H@50   CP-AUC    time
──────────────────────────────────────────────────────────────────
     5   0.6928   0.6933    0.6932  0.0000   0.0000   0.4943    0.2s
    10   0.6919   0.6935    0.6933  0.0000   0.0000   0.4973    0.2s
    15   0.6900   0.6939    0.6936  0.0000   0.0000   0.4952    0.2s
    20   0.6867   0.6948    0.6941  0.0000   0.0000   0.5035    0.2s
    25   0.6806   0.6964    0.6950  0.0000   0.0000   0.5273    0.2s
    30   0.6717   0.6994    0.6967  0.0000   0.0000   0.5382    0.2s
    35   0.6566   0.7047    0.6998  0.0000   0.0000   0.5532    0.2s
    40   0.6362   0.7148    0.7057  0.0000   0.0000   0.5672    0.2s
    45   0.6109   0.7337    0.7168  0.0000   0.0000   0.5897    0.2s
    50   0.5877   0.7642    0.7352  0.0000   0.0000   0.6316    0.2s
    55   0.5675   0.7926    0.7524  0.0000   0.0000   0.6650    0.2s
    60   0.5393   0.7955    0.7537  0.0000   0.0000   0.7056    0.2s
    65   0.5088   0.7774    0.7408  0.0000   0.0000   0.7674    0.2s
    70   0.4776   0.7499    0.7202  0.0000   0.0000   0.8514    0.2s
    75   0.4476   0.7227    0.6992  0.0000   0.0000   0.8668    0.2s
    80   0.4343   0.7290    0.7048  0.0000   0.0000   0.8669    0.2s
    85   0.4148   0.7939    0.7573  0.0000   0.0000   0.8798    0.2s
    90   0.4007   0.8225    0.7839  0.0000   0.0000   0.8709    0.2s
    95   0.3914   0.7976    0.7694  0.0000   0.0000   0.8719    0.2s
   100   0.3790   0.8231    0.7945  0.0000   0.0000   0.8751    0.2s
   105   0.3723   0.8081    0.7855  0.0000   0.0000   0.8573    0.2s
   110   0.3672   0.8017    0.7824  0.0000   0.0000   0.8823    0.2s
   115   0.3623   0.8235    0.8029  0.0000   0.0000   0.8973    0.2s
   120   0.3530   0.8049    0.7880  0.0000   0.0000   0.8456    0.2s
   125   0.3492   0.8211    0.8034  0.0000   0.0000   0.8611    0.2s
   130   0.3415   0.8369    0.8188  0.0000   0.0000   0.8607    0.2s
   135   0.3387   0.8454    0.8282  0.0000   0.0000   0.8565    0.2s
   140   0.3382   0.8698    0.8521  0.0000   0.0000   0.8627    0.2s
   145   0.3279   0.8622    0.8471  0.0000   0.0000   0.8591    0.2s
   150   0.3275   0.8797    0.8655  0.0000   0.0000   0.8571    0.2s
   155   0.3201   0.8807    0.8687  0.0000   0.0000   0.8655    0.2s
   160   0.3188   0.8925    0.8821  0.0000   0.0000   0.8488    0.2s
   165   0.3176   0.8957    0.8877  0.0000   0.0000   0.8585    0.2s
   170   0.3109   0.9089    0.9026  0.0000   0.0000   0.8652    0.2s
   175   0.3102   0.9034    0.8999  0.0000   0.0000   0.8381    0.2s
   180   0.3039   0.9029    0.9019  0.0000   0.0000   0.8506    0.2s
   185   0.3068   0.9073    0.9086  0.0000   0.0000   0.8491    0.2s
   190   0.3025   0.9278    0.9304  0.0000   0.0000   0.8474    0.2s
   195   0.3032   0.9106    0.9161  0.0000   0.0000   0.8567    0.2s
   200   0.3005   0.9259    0.9326  0.0000   0.0000   0.8423    0.2s

Best checkpoint: epoch 1  val P-H@50 = 0.0000

── Final evaluation (best checkpoint) ──────────────────────────────
  val:
    P-H@1=0.0000  P-H@5=0.0000  P-H@10=0.0000  P-H@50=0.0000
    CP-AUC=0.4205  CP-AP=0.4629  loss=0.6932
  test:
    P-H@1=0.0000  P-H@5=0.0000  P-H@10=0.0000  P-H@50=0.0000
    CP-AUC=0.4636  CP-AP=0.4985  loss=0.6932

Report saved → /gpfs/home5/binal1/plantmetbench/runs/sweep_gat_L3_dot_lr1e-4/gat_L3_h128_dot_lr0.0001/seed_1/report_gat_epoch001.json
Checkpoint → /gpfs/home5/binal1/plantmetbench/runs/sweep_gat_L3_dot_lr1e-4/gat_L3_h128_dot_lr0.0001/seed_1/gat_L3_epoch001_best.pt
Log        → /gpfs/home5/binal1/plantmetbench/runs/sweep_gat_L3_dot_lr1e-4/gat_L3_h128_dot_lr0.0001/seed_1/train.log
History    → /gpfs/home5/binal1/plantmetbench/runs/sweep_gat_L3_dot_lr1e-4/gat_L3_h128_dot_lr0.0001/seed_1/history_gat_epoch001.json
# Log started at 2026-08-22T22:08:36.352447
# Log file: /gpfs/home5/binal1/plantmetbench/runs/sweep_gat_L3_dot_lr1e-4/gat_L3_h128_dot_lr0.0001/seed_2/train.log

Run: sweep_gat_L3_dot_lr1e-4  seed=2  →  /gpfs/home5/binal1/plantmetbench/runs/sweep_gat_L3_dot_lr1e-4/gat_L3_h128_dot_lr0.0001/seed_2
  Device: cuda  (NVIDIA H100)

Loading graph from /gpfs/home5/binal1/plantmetbench/data …
  Protein embeddings: 8,445/13,682 nodes covered (61.7%)  dim=960
  Removed 6 is_part_of edge type(s) and Pathway node store
  Removed 3 Organism edge type(s) and Organism node store
Loading taxa split …
  Conversion fingerprints: 19,927/84,470 nodes (23.6%)  dim=3072
  Ranking pool: 8,445/13,682 proteins have embeddings (61.7%)
Node types : ['GeneProduct', 'Interaction', 'Metabolite', 'Protein']
  GeneProduct  num_nodes=    6,480  x=(6480, 1024)
  Interaction  num_nodes=   84,470  x=(84470, 3072)
  Metabolite  num_nodes=   17,476  x=(17476, 1024)
  Protein     num_nodes=   13,682  x=(13682, 960)
 ----------- GNN = GAT -----------
Running dummy forward pass to materialize weights...
Model: HeteroGNN  hidden_dim=128  num_layers=3  decoder=dot  dropout=0.3
  Edge types in GNN: 13
  Trainable parameters: 2,081,664
 Epoch     loss val_loss tst_loss  P-H@10   P-H@50   CP-AUC    time
──────────────────────────────────────────────────────────────────
     5   0.6928   0.6932    0.6932  0.0000   0.0000   0.6285    0.2s
    10   0.6918   0.6934    0.6933  0.0000   0.0000   0.6368    0.2s
    15   0.6899   0.6938    0.6934  0.0000   0.0000   0.6523    0.2s
    20   0.6861   0.6946    0.6938  0.0000   0.0000   0.6414    0.2s
    25   0.6796   0.6960    0.6944  0.0000   0.0000   0.6466    0.2s
    30   0.6698   0.6986    0.6956  0.0000   0.0000   0.6682    0.2s
    35   0.6538   0.7034    0.6979  0.0000   0.0000   0.6631    0.2s
    40   0.6337   0.7127    0.7026  0.0000   0.0000   0.6697    0.2s
    45   0.6079   0.7304    0.7123  0.0000   0.0000   0.6712    0.2s
    50   0.5816   0.7593    0.7292  0.0000   0.0000   0.6914    0.2s
    55   0.5623   0.7846    0.7453  0.0000   0.0000   0.7030    0.2s
    60   0.5409   0.7932    0.7520  0.0000   0.0000   0.7467    0.2s
    65   0.5178   0.7875    0.7497  0.0000   0.0000   0.7833    0.2s
    70   0.4946   0.7731    0.7409  0.0000   0.0000   0.8145    0.2s
    75   0.4699   0.7604    0.7327  0.0000   0.0000   0.8294    0.2s
    80   0.4464   0.7529    0.7281  0.0000   0.0000   0.8660    0.2s
    85   0.4304   0.7583    0.7339  0.0000   0.0000   0.8507    0.2s
    90   0.4093   0.7927    0.7637  0.0000   0.0000   0.8433    0.2s
    95   0.3984   0.8472    0.8104  0.0000   0.0000   0.8575    0.2s
   100   0.3869   0.8501    0.8162  0.0000   0.0000   0.8517    0.2s
   105   0.3846   0.8305    0.8030  0.0000   0.0000   0.8677    0.2s
   110   0.3665   0.8456    0.8181  0.0000   0.0000   0.8646    0.2s
   115   0.3692   0.8226    0.8006  0.0000   0.0000   0.8739    0.2s
   120   0.3586   0.8092    0.7905  0.0000   0.0116   0.8916    0.2s
   125   0.3480   0.8308    0.8111  0.0000   0.0568   0.8752    0.2s
   130   0.3433   0.8272    0.8089  0.0000   0.0626   0.8636    0.2s
   135   0.3430   0.8480    0.8289  0.0000   0.0348   0.8720    0.2s
   140   0.3362   0.8687    0.8492  0.0000   0.0046   0.8517    0.2s
   145   0.3342   0.8811    0.8622  0.0000   0.0000   0.8504    0.2s
   150   0.3298   0.8985    0.8799  0.0000   0.0000   0.8649    0.2s
   155   0.3268   0.9028    0.8857  0.0000   0.0000   0.8499    0.2s
   160   0.3228   0.9116    0.8959  0.0000   0.0000   0.8447    0.2s
   165   0.3190   0.9082    0.8946  0.0000   0.0000   0.8523    0.2s
   170   0.3139   0.9280    0.9155  0.0000   0.0000   0.8572    0.2s
   175   0.3126   0.9217    0.9117  0.0000   0.0000   0.8429    0.2s
   180   0.3141   0.9359    0.9275  0.0000   0.0000   0.8276    0.2s
   185   0.3071   0.9444    0.9378  0.0000   0.0000   0.8415    0.2s
   190   0.3056   0.9302    0.9265  0.0000   0.0000   0.8461    0.2s
   195   0.3067   0.9331    0.9314  0.0000   0.0000   0.8404    0.2s
   200   0.2993   0.9329    0.9332  0.0000   0.0000   0.8538    0.2s

Best checkpoint: epoch 129  val P-H@50 = 0.0649

── Final evaluation (best checkpoint) ──────────────────────────────
  val:
    P-H@1=0.0000  P-H@5=0.0000  P-H@10=0.0000  P-H@50=0.0649
    CP-AUC=0.8537  CP-AP=0.7586  loss=0.8304
  test:
    P-H@1=0.0000  P-H@5=0.0000  P-H@10=0.0000  P-H@50=0.0032
    CP-AUC=0.8628  CP-AP=0.7728  loss=0.8116

Report saved → /gpfs/home5/binal1/plantmetbench/runs/sweep_gat_L3_dot_lr1e-4/gat_L3_h128_dot_lr0.0001/seed_2/report_gat_epoch129.json
Checkpoint → /gpfs/home5/binal1/plantmetbench/runs/sweep_gat_L3_dot_lr1e-4/gat_L3_h128_dot_lr0.0001/seed_2/gat_L3_epoch129_best.pt
Log        → /gpfs/home5/binal1/plantmetbench/runs/sweep_gat_L3_dot_lr1e-4/gat_L3_h128_dot_lr0.0001/seed_2/train.log
History    → /gpfs/home5/binal1/plantmetbench/runs/sweep_gat_L3_dot_lr1e-4/gat_L3_h128_dot_lr0.0001/seed_2/history_gat_epoch129.json
# Log started at 2026-08-22T22:09:29.996952
# Log file: /gpfs/home5/binal1/plantmetbench/runs/sweep_gat_L3_dot_lr1e-4/gat_L3_h128_dot_lr0.0001/seed_3/train.log

Run: sweep_gat_L3_dot_lr1e-4  seed=3  →  /gpfs/home5/binal1/plantmetbench/runs/sweep_gat_L3_dot_lr1e-4/gat_L3_h128_dot_lr0.0001/seed_3
  Device: cuda  (NVIDIA H100)

Loading graph from /gpfs/home5/binal1/plantmetbench/data …
  Protein embeddings: 8,445/13,682 nodes covered (61.7%)  dim=960
  Removed 6 is_part_of edge type(s) and Pathway node store
  Removed 3 Organism edge type(s) and Organism node store
Loading taxa split …
  Conversion fingerprints: 19,927/84,470 nodes (23.6%)  dim=3072
  Ranking pool: 8,445/13,682 proteins have embeddings (61.7%)
Node types : ['GeneProduct', 'Interaction', 'Metabolite', 'Protein']
  GeneProduct  num_nodes=    6,480  x=(6480, 1024)
  Interaction  num_nodes=   84,470  x=(84470, 3072)
  Metabolite  num_nodes=   17,476  x=(17476, 1024)
  Protein     num_nodes=   13,682  x=(13682, 960)
 ----------- GNN = GAT -----------
Running dummy forward pass to materialize weights...
Model: HeteroGNN  hidden_dim=128  num_layers=3  decoder=dot  dropout=0.3
  Edge types in GNN: 13
  Trainable parameters: 2,081,664
 Epoch     loss val_loss tst_loss  P-H@10   P-H@50   CP-AUC    time
──────────────────────────────────────────────────────────────────
     5   0.6928   0.6932    0.6932  0.0000   0.0000   0.6275    0.2s
    10   0.6919   0.6933    0.6933  0.0000   0.0000   0.6419    0.2s
    15   0.6899   0.6936    0.6934  0.0000   0.0000   0.6584    0.2s
    20   0.6865   0.6941    0.6938  0.0000   0.0000   0.6473    0.2s
    25   0.6807   0.6951    0.6944  0.0000   0.0000   0.6464    0.2s
    30   0.6719   0.6970    0.6956  0.0000   0.0000   0.6500    0.2s
    35   0.6586   0.7006    0.6979  0.0000   0.0000   0.6450    0.2s
    40   0.6392   0.7074    0.7024  0.0000   0.0000   0.6557    0.2s
    45   0.6163   0.7202    0.7110  0.0000   0.0000   0.6499    0.2s
    50   0.5898   0.7421    0.7259  0.0000   0.0000   0.6655    0.2s
    55   0.5684   0.7689    0.7448  0.0000   0.0000   0.6830    0.2s
    60   0.5498   0.7840    0.7569  0.0000   0.0000   0.7098    0.2s
    65   0.5264   0.7846    0.7593  0.0000   0.0000   0.7525    0.2s
    70   0.5023   0.7771    0.7555  0.0000   0.0000   0.7977    0.2s
    75   0.4766   0.7685    0.7502  0.0000   0.0000   0.8345    0.2s
    80   0.4560   0.7615    0.7455  0.0000   0.0000   0.8684    0.2s
    85   0.4313   0.7550    0.7407  0.0000   0.0000   0.8603    0.2s
    90   0.4128   0.7551    0.7415  0.0000   0.0000   0.8505    0.2s
    95   0.3961   0.7891    0.7721  0.0000   0.0000   0.8525    0.2s
   100   0.3896   0.8585    0.8336  0.0000   0.0000   0.8564    0.2s
   105   0.3797   0.8575    0.8366  0.0000   0.0000   0.8629    0.2s
   110   0.3691   0.8393    0.8243  0.0000   0.0000   0.8560    0.2s
   115   0.3590   0.8342    0.8224  0.0000   0.0000   0.8790    0.2s
   120   0.3585   0.8192    0.8105  0.0000   0.0000   0.8622    0.2s
   125   0.3508   0.8250    0.8169  0.0000   0.0568   0.8808    0.2s
   130   0.3423   0.8198    0.8125  0.0000   0.1078   0.8693    0.2s
   135   0.3393   0.8418    0.8333  0.0023   0.0997   0.8750    0.2s
   140   0.3381   0.8593    0.8500  0.0035   0.0695   0.8745    0.2s
   145   0.3276   0.8637    0.8541  0.0023   0.0197   0.8563    0.2s
   150   0.3269   0.8919    0.8817  0.0000   0.0000   0.8423    0.2s
   155   0.3214   0.9082    0.8984  0.0000   0.0000   0.8610    0.2s
   160   0.3210   0.8950    0.8864  0.0000   0.0000   0.8493    0.2s
   165   0.3195   0.9330    0.9247  0.0000   0.0000   0.8353    0.2s
   170   0.3139   0.9047    0.8981  0.0000   0.0000   0.8508    0.2s
   175   0.3155   0.9146    0.9092  0.0000   0.0000   0.8417    0.2s
   180   0.3139   0.9234    0.9193  0.0000   0.0000   0.8314    0.2s
   185   0.3019   0.9240    0.9212  0.0000   0.0000   0.8560    0.2s
   190   0.3049   0.9347    0.9334  0.0000   0.0000   0.8509    0.2s
   195   0.3086   0.9346    0.9352  0.0000   0.0000   0.8614    0.2s
   200   0.2988   0.9280    0.9307  0.0000   0.0000   0.8489    0.2s

Best checkpoint: epoch 129  val P-H@50 = 0.1078

── Final evaluation (best checkpoint) ──────────────────────────────
  val:
    P-H@1=0.0000  P-H@5=0.0000  P-H@10=0.0000  P-H@50=0.1078
    CP-AUC=0.8694  CP-AP=0.7889  loss=0.8180
  test:
    P-H@1=0.0000  P-H@5=0.0000  P-H@10=0.0000  P-H@50=0.0193
    CP-AUC=0.8784  CP-AP=0.8081  loss=0.8107

Report saved → /gpfs/home5/binal1/plantmetbench/runs/sweep_gat_L3_dot_lr1e-4/gat_L3_h128_dot_lr0.0001/seed_3/report_gat_epoch129.json
Checkpoint → /gpfs/home5/binal1/plantmetbench/runs/sweep_gat_L3_dot_lr1e-4/gat_L3_h128_dot_lr0.0001/seed_3/gat_L3_epoch129_best.pt
Log        → /gpfs/home5/binal1/plantmetbench/runs/sweep_gat_L3_dot_lr1e-4/gat_L3_h128_dot_lr0.0001/seed_3/train.log
History    → /gpfs/home5/binal1/plantmetbench/runs/sweep_gat_L3_dot_lr1e-4/gat_L3_h128_dot_lr0.0001/seed_3/history_gat_epoch129.json
Remaining : ['--gnn-name', 'gat', '--num-layers', '3', '--decoder', 'dot', '--lr', '1e-4', '--epochs', '200']
PlantMetBench — multi-seed training
  Seeds    : [42, 0, 1, 2, 3]
  Run name : sweep_gat_L3_dot_lr1e-4
  Extra    : --gnn-name gat --num-layers 3 --decoder dot --lr 1e-4 --epochs 200

======================================================================
  Seed 42  →  /gpfs/home5/binal1/plantmetbench/runs/sweep_gat_L3_dot_lr1e-4/gat_L3_h128_dot_lr1e-4/seed_42/
======================================================================

======================================================================
  Seed 0  →  /gpfs/home5/binal1/plantmetbench/runs/sweep_gat_L3_dot_lr1e-4/gat_L3_h128_dot_lr1e-4/seed_0/
======================================================================

======================================================================
  Seed 1  →  /gpfs/home5/binal1/plantmetbench/runs/sweep_gat_L3_dot_lr1e-4/gat_L3_h128_dot_lr1e-4/seed_1/
======================================================================

======================================================================
  Seed 2  →  /gpfs/home5/binal1/plantmetbench/runs/sweep_gat_L3_dot_lr1e-4/gat_L3_h128_dot_lr1e-4/seed_2/
======================================================================

======================================================================
  Seed 3  →  /gpfs/home5/binal1/plantmetbench/runs/sweep_gat_L3_dot_lr1e-4/gat_L3_h128_dot_lr1e-4/seed_3/
======================================================================
  [WARNING] No report_*.json under /gpfs/home5/binal1/plantmetbench/runs/sweep_gat_L3_dot_lr1e-4/gat_L3_h128_dot_lr1e-4/seed_42 — skipping
  [WARNING] No report_*.json under /gpfs/home5/binal1/plantmetbench/runs/sweep_gat_L3_dot_lr1e-4/gat_L3_h128_dot_lr1e-4/seed_0 — skipping
  [WARNING] No report_*.json under /gpfs/home5/binal1/plantmetbench/runs/sweep_gat_L3_dot_lr1e-4/gat_L3_h128_dot_lr1e-4/seed_1 — skipping
  [WARNING] No report_*.json under /gpfs/home5/binal1/plantmetbench/runs/sweep_gat_L3_dot_lr1e-4/gat_L3_h128_dot_lr1e-4/seed_2 — skipping
  [WARNING] No report_*.json under /gpfs/home5/binal1/plantmetbench/runs/sweep_gat_L3_dot_lr1e-4/gat_L3_h128_dot_lr1e-4/seed_3 — skipping

======================================================================
  Multi-seed summary
======================================================================
  Metric                    Mean       Std  n
  --------------------------------------------------

Summary saved → /gpfs/home5/binal1/plantmetbench/runs/sweep_gat_L3_dot_lr1e-4/seeds_summary_gat_L3_h128_dot_lr1e-4.json
Summary saved → /gpfs/home5/binal1/plantmetbench/runs/sweep_gat_L3_dot_lr1e-4/gat_L3_h128_dot_lr1e-4/seeds_summary_gat_L3_h128_dot_lr1e-4.json
