============================================================================================== 
Warning! Mixing Conda and module environments may lead to corruption of the
user environment. 
We do not recommend users mixing those two environments unless absolutely
necessary. Note that 
SURF does not provide any support for Conda environment.
For more information, please refer to our software policy page:
https://servicedesk.surf.nl/wiki/display/WIKI/Software+policy+Snellius#SoftwarepolicySnellius-UseofAnacondaandMinicondaenvironmentsonSnellius 

Remember that many packages have already been installed on the system and can
be loaded using 
the 'module load <package__name>' command. If you are uncertain if a package is
already available 
on the system, please use 'module avail' or 'module spider' to search for it.
============================================================================================== 

==================================================================
  Config: gnn-name=rgcn  num-layers=3  decoder=dot
  Run name: sweep_rgcn_L3_dot
==================================================================
# Log started at 2026-08-22T15:33:33.275019
# Log file: /gpfs/home5/binal1/plantmetbench/runs/sweep_rgcn_L3_dot/rgcn_L3_h128_dot/seed_42/train.log

Run: sweep_rgcn_L3_dot  seed=42  →  /gpfs/home5/binal1/plantmetbench/runs/sweep_rgcn_L3_dot/rgcn_L3_h128_dot/seed_42
  Device: cuda  (NVIDIA H100)

Loading graph from /gpfs/home5/binal1/plantmetbench/data …
  Protein embeddings: 8,445/13,682 nodes covered (61.7%)  dim=960
  Removed 6 is_part_of edge type(s) and Pathway node store
  Removed 3 Organism edge type(s) and Organism node store
Loading taxa split …
  Conversion fingerprints: 19,927/84,470 nodes (23.6%)  dim=3072
  Ranking pool: 8,445/13,682 proteins have embeddings (61.7%)

────────────────────────────────────────────────────────────────────────
Dataset summary
────────────────────────────────────────────────────────────────────────
  Target edge : ('Protein', 'catalyzes', 'Interaction')

Node types:
  GeneProduct   num_nodes=    6,480  x=(6480, 1024)
  Interaction   num_nodes=   84,470  x=(84470, 3072)
  Metabolite    num_nodes=   17,476  x=(17476, 1024)
  Protein       num_nodes=   13,682  x=(13682, 960)
Edge types:
  ('GeneProduct', 'encodes', 'Protein')               num_edges=     2,762
  ('GeneProduct', 'is_about', 'GeneProduct')          num_edges=     4,580
  ('Interaction', 'is_about', 'Interaction')          num_edges=    29,740
  ('Interaction', 'participants', 'Interaction')      num_edges=     9,813
  ('Interaction', 'participants', 'Metabolite')       num_edges=    34,793
  ('Interaction', 'source', 'Metabolite')             num_edges=     7,554
  ('Interaction', 'target', 'Interaction')            num_edges=        17
  ('Interaction', 'target', 'Metabolite')             num_edges=    18,622
  ('Metabolite', 'is_about', 'Metabolite')            num_edges=    12,812
  ('Protein', 'catalyzes', 'Interaction')             num_edges=     7,655
  ('Protein', 'encoded_by', 'GeneProduct')            num_edges=     2,762
  ('Protein', 'is_about', 'GeneProduct')              num_edges=        83
  ('Protein', 'is_about', 'Protein')                  num_edges=     9,932

  Positive edge splits:
    train    9,569 edges
    val      1,211 edges
    test     1,200 edges

  Ranking pool : 8,445 proteins  (embedded only)
  Random P-H@50: 0.0059  (0.59%)
────────────────────────────────────────────────────────────────────────

Node types : ['GeneProduct', 'Interaction', 'Metabolite', 'Protein']
  GeneProduct  num_nodes=    6,480  x=(6480, 1024)
  Interaction  num_nodes=   84,470  x=(84470, 3072)
  Metabolite  num_nodes=   17,476  x=(17476, 1024)
  Protein     num_nodes=   13,682  x=(13682, 960)
 ----------- GNN = RGCN -----------
Running dummy forward pass to materialize weights...
Model: HeteroGNN  hidden_dim=128  num_layers=3  decoder=dot  dropout=0.3
  Edge types in GNN: 13
  Trainable parameters: 2,061,696
 Epoch     loss val_loss tst_loss  P-H@10   P-H@50   CP-AUC    time
──────────────────────────────────────────────────────────────────
     5   0.5070   1.0358    1.0759  0.0000   0.0000   0.3874    0.1s
    10   0.4107   1.2786    1.3267  0.0000   0.0012   0.5346    0.1s
    15   0.3431   0.9523    0.9680  0.0023   0.0093   0.7649    0.1s
    20   0.3065   0.9708    0.9826  0.0023   0.0070   0.8495    0.1s
    25   0.2827   0.8986    0.9055  0.0023   0.0255   0.8837    0.1s
    30   0.2637   0.8246    0.8309  0.0023   0.0336   0.8811    0.1s
    35   0.2526   0.8392    0.8499  0.0023   0.0348   0.8769    0.1s
    40   0.2446   0.8031    0.8184  0.0023   0.0313   0.8695    0.1s
    45   0.2355   0.8269    0.8453  0.0035   0.0359   0.8792    0.1s
    50   0.2279   0.8173    0.8360  0.0023   0.0371   0.8759    0.1s
    55   0.2246   0.8347    0.8555  0.0035   0.0278   0.8733    0.1s
    60   0.2179   0.8459    0.8710  0.0023   0.0174   0.8692    0.1s
    65   0.2162   0.8523    0.8821  0.0023   0.0151   0.8702    0.1s
    70   0.2108   0.8509    0.8857  0.0023   0.0139   0.8703    0.1s
    75   0.2085   0.8603    0.9020  0.0046   0.0162   0.8791    0.1s
    80   0.2042   0.9071    0.9581  0.0093   0.0232   0.8900    0.1s
    85   0.2060   0.8468    0.9011  0.0093   0.0290   0.8848    0.1s
    90   0.2012   0.9299    0.9876  0.0093   0.0452   0.8573    0.1s
    95   0.1968   0.9335    0.9940  0.0093   0.0463   0.8828    0.1s
   100   0.1923   0.9675    1.0330  0.0093   0.0545   0.8718    0.1s
   105   0.1908   0.9978    1.0720  0.0116   0.0545   0.8762    0.1s
   110   0.1891   1.0478    1.1125  0.0116   0.0498   0.8731    0.1s
   115   0.1837   1.0464    1.1107  0.0093   0.0463   0.8711    0.1s
   120   0.1844   1.1373    1.1953  0.0070   0.0429   0.8596    0.1s
   125   0.1789   1.1528    1.2170  0.0023   0.0371   0.8699    0.1s
   130   0.1772   1.1929    1.2600  0.0023   0.0324   0.8655    0.1s
   135   0.1748   1.2325    1.2977  0.0023   0.0301   0.8686    0.1s
   140   0.1714   1.3554    1.4325  0.0023   0.0324   0.8414    0.1s
   145   0.1707   1.3518    1.4382  0.0023   0.0324   0.8483    0.1s
   150   0.1675   1.4024    1.4903  0.0023   0.0336   0.8491    0.1s
   155   0.1667   1.5187    1.6084  0.0023   0.0371   0.8482    0.1s
   160   0.1628   1.5248    1.6063  0.0023   0.0382   0.8446    0.1s
   165   0.1629   1.5761    1.6468  0.0023   0.0382   0.8456    0.1s
   170   0.1609   1.7040    1.7833  0.0035   0.0371   0.8396    0.1s
   175   0.1598   1.7368    1.8081  0.0023   0.0429   0.8381    0.1s
   180   0.1556   1.8889    1.9709  0.0023   0.0394   0.8271    0.1s
   185   0.1535   1.7878    1.8768  0.0023   0.0463   0.8402    0.1s
   190   0.1526   1.9109    1.9983  0.0023   0.0498   0.8344    0.1s
   195   0.1509   1.9515    2.0487  0.0058   0.0556   0.8368    0.1s
   200   0.1501   2.0049    2.0841  0.0058   0.0521   0.8355    0.1s

Best checkpoint: epoch 103  val P-H@50 = 0.0556

── Final evaluation (best checkpoint) ──────────────────────────────
  val:
    P-H@1=0.0023  P-H@5=0.0046  P-H@10=0.0116  P-H@50=0.0556
    CP-AUC=0.8720  CP-AP=0.8031  loss=0.9539
  test:
    P-H@1=0.0000  P-H@5=0.0000  P-H@10=0.0000  P-H@50=0.0096
    CP-AUC=0.8605  CP-AP=0.7640  loss=1.0240

Report saved → /gpfs/home5/binal1/plantmetbench/runs/sweep_rgcn_L3_dot/rgcn_L3_h128_dot/seed_42/report_rgcn_epoch103.json
Checkpoint → /gpfs/home5/binal1/plantmetbench/runs/sweep_rgcn_L3_dot/rgcn_L3_h128_dot/seed_42/rgcn_L3_epoch103_best.pt
Log        → /gpfs/home5/binal1/plantmetbench/runs/sweep_rgcn_L3_dot/rgcn_L3_h128_dot/seed_42/train.log
History    → /gpfs/home5/binal1/plantmetbench/runs/sweep_rgcn_L3_dot/rgcn_L3_h128_dot/seed_42/history_rgcn_epoch103.json
# Log started at 2026-08-22T15:34:12.588539
# Log file: /gpfs/home5/binal1/plantmetbench/runs/sweep_rgcn_L3_dot/rgcn_L3_h128_dot/seed_0/train.log

Run: sweep_rgcn_L3_dot  seed=0  →  /gpfs/home5/binal1/plantmetbench/runs/sweep_rgcn_L3_dot/rgcn_L3_h128_dot/seed_0
  Device: cuda  (NVIDIA H100)

Loading graph from /gpfs/home5/binal1/plantmetbench/data …
  Protein embeddings: 8,445/13,682 nodes covered (61.7%)  dim=960
  Removed 6 is_part_of edge type(s) and Pathway node store
  Removed 3 Organism edge type(s) and Organism node store
Loading taxa split …
  Conversion fingerprints: 19,927/84,470 nodes (23.6%)  dim=3072
  Ranking pool: 8,445/13,682 proteins have embeddings (61.7%)
Node types : ['GeneProduct', 'Interaction', 'Metabolite', 'Protein']
  GeneProduct  num_nodes=    6,480  x=(6480, 1024)
  Interaction  num_nodes=   84,470  x=(84470, 3072)
  Metabolite  num_nodes=   17,476  x=(17476, 1024)
  Protein     num_nodes=   13,682  x=(13682, 960)
 ----------- GNN = RGCN -----------
Running dummy forward pass to materialize weights...
Model: HeteroGNN  hidden_dim=128  num_layers=3  decoder=dot  dropout=0.3
  Edge types in GNN: 13
  Trainable parameters: 2,061,696
 Epoch     loss val_loss tst_loss  P-H@10   P-H@50   CP-AUC    time
──────────────────────────────────────────────────────────────────
     5   0.4028   1.2375    1.2654  0.0012   0.0139   0.5718    0.1s
    10   0.3381   1.0299    1.0431  0.0093   0.0290   0.7666    0.1s
    15   0.3044   0.9730    0.9827  0.0185   0.0684   0.8650    0.1s
    20   0.2768   0.8869    0.8951  0.0093   0.0579   0.8984    0.1s
    25   0.2599   0.8191    0.8311  0.0046   0.0359   0.8877    0.1s
    30   0.2456   0.8273    0.8438  0.0046   0.0463   0.8859    0.1s
    35   0.2373   0.7837    0.8013  0.0023   0.0521   0.8864    0.1s
    40   0.2350   0.7965    0.8170  0.0035   0.0475   0.8825    0.1s
    45   0.2278   0.8093    0.8330  0.0023   0.0348   0.8778    0.1s
    50   0.2213   0.7931    0.8168  0.0046   0.0278   0.8800    0.1s
    55   0.2174   0.8134    0.8428  0.0046   0.0139   0.8774    0.1s
    60   0.2147   0.8044    0.8391  0.0046   0.0093   0.8681    0.1s
    65   0.2091   0.8109    0.8525  0.0070   0.0139   0.8726    0.1s
    70   0.2083   0.8405    0.8917  0.0093   0.0209   0.8773    0.1s
    75   0.2044   0.8390    0.8953  0.0093   0.0336   0.8709    0.1s
    80   0.2021   0.8602    0.9242  0.0093   0.0417   0.8827    0.1s
    85   0.1983   0.8922    0.9567  0.0070   0.0510   0.8723    0.1s
    90   0.1944   0.9544    1.0240  0.0046   0.0440   0.8717    0.1s
    95   0.1929   1.0144    1.0900  0.0070   0.0417   0.8708    0.1s
   100   0.1884   1.0708    1.1499  0.0070   0.0417   0.8629    0.1s
   105   0.1858   1.1241    1.2091  0.0081   0.0533   0.8717    0.1s
   110   0.1836   1.2019    1.2968  0.0035   0.0626   0.8477    0.1s
   115   0.1818   1.2587    1.3519  0.0046   0.0475   0.8800    0.1s
   120   0.1815   1.3467    1.4430  0.0046   0.0510   0.8586    0.1s
   125   0.1787   1.4190    1.5211  0.0023   0.0556   0.8515    0.1s
   130   0.1741   1.4242    1.5426  0.0023   0.0475   0.8454    0.1s
   135   0.1741   1.5130    1.6367  0.0023   0.0487   0.8464    0.1s
   140   0.1688   1.6471    1.7587  0.0023   0.0278   0.8331    0.1s
   145   0.1674   1.6364    1.7445  0.0023   0.0185   0.8399    0.1s
   150   0.1655   1.8199    1.9357  0.0012   0.0232   0.8378    0.1s
   155   0.1630   1.9561    2.0873  0.0012   0.0255   0.8280    0.1s
   160   0.1609   1.9406    2.0541  0.0012   0.0359   0.8335    0.1s
   165   0.1614   1.9859    2.1263  0.0012   0.0348   0.8317    0.1s
   170   0.1579   2.0677    2.2148  0.0023   0.0348   0.8362    0.1s
   175   0.1540   2.3794    2.5252  0.0012   0.0371   0.8235    0.1s
   180   0.1544   2.2617    2.4120  0.0012   0.0220   0.8290    0.1s
   185   0.1507   2.4056    2.5841  0.0012   0.0406   0.8183    0.1s
   190   0.1506   2.4982    2.6853  0.0012   0.0348   0.8179    0.1s
   195   0.1483   2.6937    2.9309  0.0012   0.0371   0.8166    0.1s
   200   0.1480   2.6301    2.8602  0.0012   0.0417   0.8231    0.1s

Best checkpoint: epoch 16  val P-H@50 = 0.0718

── Final evaluation (best checkpoint) ──────────────────────────────
  val:
    P-H@1=0.0012  P-H@5=0.0023  P-H@10=0.0081  P-H@50=0.0718
    CP-AUC=0.8712  CP-AP=0.7989  loss=0.9752
  test:
    P-H@1=0.0021  P-H@5=0.0032  P-H@10=0.0032  P-H@50=0.0161
    CP-AUC=0.8881  CP-AP=0.8305  loss=0.9843

Report saved → /gpfs/home5/binal1/plantmetbench/runs/sweep_rgcn_L3_dot/rgcn_L3_h128_dot/seed_0/report_rgcn_epoch016.json
Checkpoint → /gpfs/home5/binal1/plantmetbench/runs/sweep_rgcn_L3_dot/rgcn_L3_h128_dot/seed_0/rgcn_L3_epoch016_best.pt
Log        → /gpfs/home5/binal1/plantmetbench/runs/sweep_rgcn_L3_dot/rgcn_L3_h128_dot/seed_0/train.log
History    → /gpfs/home5/binal1/plantmetbench/runs/sweep_rgcn_L3_dot/rgcn_L3_h128_dot/seed_0/history_rgcn_epoch016.json
# Log started at 2026-08-22T15:34:51.289427
# Log file: /gpfs/home5/binal1/plantmetbench/runs/sweep_rgcn_L3_dot/rgcn_L3_h128_dot/seed_1/train.log

Run: sweep_rgcn_L3_dot  seed=1  →  /gpfs/home5/binal1/plantmetbench/runs/sweep_rgcn_L3_dot/rgcn_L3_h128_dot/seed_1
  Device: cuda  (NVIDIA H100)

Loading graph from /gpfs/home5/binal1/plantmetbench/data …
  Protein embeddings: 8,445/13,682 nodes covered (61.7%)  dim=960
  Removed 6 is_part_of edge type(s) and Pathway node store
  Removed 3 Organism edge type(s) and Organism node store
Loading taxa split …
  Conversion fingerprints: 19,927/84,470 nodes (23.6%)  dim=3072
  Ranking pool: 8,445/13,682 proteins have embeddings (61.7%)
Node types : ['GeneProduct', 'Interaction', 'Metabolite', 'Protein']
  GeneProduct  num_nodes=    6,480  x=(6480, 1024)
  Interaction  num_nodes=   84,470  x=(84470, 3072)
  Metabolite  num_nodes=   17,476  x=(17476, 1024)
  Protein     num_nodes=   13,682  x=(13682, 960)
 ----------- GNN = RGCN -----------
Running dummy forward pass to materialize weights...
Model: HeteroGNN  hidden_dim=128  num_layers=3  decoder=dot  dropout=0.3
  Edge types in GNN: 13
  Trainable parameters: 2,061,696
 Epoch     loss val_loss tst_loss  P-H@10   P-H@50   CP-AUC    time
──────────────────────────────────────────────────────────────────
     5   0.4215   1.2243    1.2508  0.0000   0.0000   0.5759    0.1s
    10   0.3481   1.0262    1.0435  0.0000   0.0081   0.7613    0.1s
    15   0.3097   0.9408    0.9584  0.0035   0.0220   0.8750    0.1s
    20   0.2844   0.9157    0.9347  0.0046   0.0255   0.8948    0.1s
    25   0.2630   0.7698    0.7811  0.0070   0.0382   0.8750    0.1s
    30   0.2455   0.8441    0.8583  0.0046   0.0185   0.8737    0.1s
    35   0.2401   0.7721    0.7846  0.0070   0.0185   0.8819    0.1s
    40   0.2315   0.7971    0.8142  0.0023   0.0174   0.8655    0.1s
    45   0.2291   0.8345    0.8553  0.0023   0.0046   0.8718    0.1s
    50   0.2238   0.8086    0.8290  0.0023   0.0046   0.8740    0.1s
    55   0.2228   0.8332    0.8528  0.0023   0.0046   0.8685    0.1s
    60   0.2157   0.8317    0.8529  0.0023   0.0046   0.8697    0.1s
    65   0.2140   0.8402    0.8625  0.0046   0.0116   0.8742    0.1s
    70   0.2099   0.8497    0.8710  0.0070   0.0162   0.8802    0.1s
    75   0.2074   0.8488    0.8739  0.0070   0.0174   0.8748    0.1s
    80   0.2034   0.8645    0.8916  0.0070   0.0290   0.8794    0.1s
    85   0.2023   0.9150    0.9453  0.0070   0.0429   0.8695    0.1s
    90   0.1974   0.9220    0.9495  0.0093   0.0417   0.8757    0.1s
    95   0.1940   0.9511    0.9781  0.0093   0.0463   0.8727    0.1s
   100   0.1933   1.0046    1.0262  0.0093   0.0533   0.8681    0.1s
   105   0.1875   1.0443    1.0582  0.0093   0.0649   0.8646    0.1s
   110   0.1886   1.1246    1.1342  0.0093   0.0695   0.8791    0.1s
   115   0.1849   1.1815    1.1848  0.0093   0.0626   0.8638    0.1s
   120   0.1805   1.2389    1.2360  0.0046   0.0660   0.8438    0.1s
   125   0.1774   1.3474    1.3367  0.0058   0.0718   0.8479    0.1s
   130   0.1773   1.4181    1.3995  0.0035   0.0742   0.8456    0.1s
   135   0.1732   1.4642    1.4387  0.0023   0.0753   0.8492    0.1s
   140   0.1708   1.5906    1.5551  0.0058   0.0718   0.8418    0.1s
   145   0.1689   1.6825    1.6326  0.0081   0.0695   0.8425    0.1s
   150   0.1679   1.7102    1.6511  0.0046   0.0672   0.8363    0.1s
   155   0.1638   1.7426    1.6917  0.0046   0.0521   0.8503    0.1s
   160   0.1640   1.9818    1.9037  0.0058   0.0498   0.8293    0.1s
   165   0.1612   1.9831    1.9108  0.0035   0.0417   0.8287    0.1s
   170   0.1590   2.0201    1.9520  0.0058   0.0463   0.8375    0.1s
   175   0.1573   2.0851    2.0153  0.0046   0.0452   0.8359    0.1s
   180   0.1557   2.2790    2.2018  0.0035   0.0545   0.8260    0.1s
   185   0.1539   2.2391    2.1608  0.0046   0.0568   0.8336    0.1s
   190   0.1517   2.3299    2.2104  0.0058   0.0603   0.8286    0.1s
   195   0.1485   2.4041    2.2905  0.0023   0.0660   0.8364    0.1s
   200   0.1466   2.4412    2.3020  0.0023   0.0591   0.8302    0.1s

Best checkpoint: epoch 134  val P-H@50 = 0.0765

── Final evaluation (best checkpoint) ──────────────────────────────
  val:
    P-H@1=0.0023  P-H@5=0.0023  P-H@10=0.0035  P-H@50=0.0765
    CP-AUC=0.8435  CP-AP=0.7816  loss=1.4414
  test:
    P-H@1=0.0000  P-H@5=0.0000  P-H@10=0.0032  P-H@50=0.0375
    CP-AUC=0.8411  CP-AP=0.7610  loss=1.4198

Report saved → /gpfs/home5/binal1/plantmetbench/runs/sweep_rgcn_L3_dot/rgcn_L3_h128_dot/seed_1/report_rgcn_epoch134.json
Checkpoint → /gpfs/home5/binal1/plantmetbench/runs/sweep_rgcn_L3_dot/rgcn_L3_h128_dot/seed_1/rgcn_L3_epoch134_best.pt
Log        → /gpfs/home5/binal1/plantmetbench/runs/sweep_rgcn_L3_dot/rgcn_L3_h128_dot/seed_1/train.log
History    → /gpfs/home5/binal1/plantmetbench/runs/sweep_rgcn_L3_dot/rgcn_L3_h128_dot/seed_1/history_rgcn_epoch134.json
# Log started at 2026-08-22T15:35:30.632857
# Log file: /gpfs/home5/binal1/plantmetbench/runs/sweep_rgcn_L3_dot/rgcn_L3_h128_dot/seed_2/train.log

Run: sweep_rgcn_L3_dot  seed=2  →  /gpfs/home5/binal1/plantmetbench/runs/sweep_rgcn_L3_dot/rgcn_L3_h128_dot/seed_2
  Device: cuda  (NVIDIA H100)

Loading graph from /gpfs/home5/binal1/plantmetbench/data …
  Protein embeddings: 8,445/13,682 nodes covered (61.7%)  dim=960
  Removed 6 is_part_of edge type(s) and Pathway node store
  Removed 3 Organism edge type(s) and Organism node store
Loading taxa split …
  Conversion fingerprints: 19,927/84,470 nodes (23.6%)  dim=3072
  Ranking pool: 8,445/13,682 proteins have embeddings (61.7%)
Node types : ['GeneProduct', 'Interaction', 'Metabolite', 'Protein']
  GeneProduct  num_nodes=    6,480  x=(6480, 1024)
  Interaction  num_nodes=   84,470  x=(84470, 3072)
  Metabolite  num_nodes=   17,476  x=(17476, 1024)
  Protein     num_nodes=   13,682  x=(13682, 960)
 ----------- GNN = RGCN -----------
Running dummy forward pass to materialize weights...
Model: HeteroGNN  hidden_dim=128  num_layers=3  decoder=dot  dropout=0.3
  Edge types in GNN: 13
  Trainable parameters: 2,061,696
 Epoch     loss val_loss tst_loss  P-H@10   P-H@50   CP-AUC    time
──────────────────────────────────────────────────────────────────
     5   0.4255   1.2666    1.2724  0.0000   0.0000   0.5192    0.1s
    10   0.3516   1.1209    1.1247  0.0023   0.0116   0.7298    0.1s
    15   0.3086   1.0280    1.0338  0.0035   0.0463   0.8569    0.1s
    20   0.2803   0.9143    0.9184  0.0023   0.0081   0.8854    0.1s
    25   0.2625   0.8428    0.8436  0.0023   0.0046   0.8705    0.1s
    30   0.2468   0.8598    0.8650  0.0023   0.0023   0.8787    0.1s
    35   0.2387   0.8311    0.8406  0.0023   0.0023   0.8716    0.1s
    40   0.2291   0.8425    0.8552  0.0023   0.0023   0.8695    0.1s
    45   0.2256   0.8994    0.9133  0.0023   0.0023   0.8713    0.1s
    50   0.2220   0.8468    0.8541  0.0023   0.0023   0.8707    0.1s
    55   0.2171   0.9091    0.9081  0.0023   0.0023   0.8633    0.1s
    60   0.2112   0.8763    0.8709  0.0023   0.0023   0.8795    0.1s
    65   0.2096   0.8975    0.8937  0.0023   0.0023   0.8766    0.1s
    70   0.2036   0.9417    0.9216  0.0023   0.0058   0.8695    0.1s
    75   0.2025   0.9400    0.9202  0.0046   0.0058   0.8690    0.1s
    80   0.1984   0.9432    0.9215  0.0046   0.0116   0.8679    0.1s
    85   0.1951   1.0195    0.9805  0.0023   0.0081   0.8787    0.1s
    90   0.1922   1.0890    1.0255  0.0023   0.0070   0.8685    0.1s
    95   0.1897   1.0896    1.0304  0.0023   0.0070   0.8668    0.1s
   100   0.1833   1.1162    1.0402  0.0023   0.0162   0.8497    0.1s
   105   0.1842   1.1438    1.0734  0.0046   0.0116   0.8659    0.1s
   110   0.1796   1.1850    1.0996  0.0046   0.0220   0.8575    0.1s
   115   0.1807   1.2259    1.1365  0.0081   0.0232   0.8600    0.1s
   120   0.1755   1.3001    1.1936  0.0081   0.0290   0.8711    0.1s
   125   0.1726   1.3937    1.2644  0.0104   0.0324   0.8552    0.1s
   130   0.1725   1.4780    1.3475  0.0058   0.0406   0.8348    0.1s
   135   0.1716   1.5286    1.3635  0.0104   0.0324   0.8434    0.1s
   140   0.1688   1.6527    1.5163  0.0046   0.0382   0.8298    0.1s
   145   0.1669   1.6385    1.4824  0.0046   0.0336   0.8396    0.1s
   150   0.1666   1.7225    1.5790  0.0035   0.0521   0.8325    0.1s
   155   0.1620   1.7771    1.6103  0.0000   0.0498   0.8297    0.1s
   160   0.1627   1.8248    1.6560  0.0012   0.0556   0.8291    0.1s
   165   0.1612   2.0274    1.8364  0.0012   0.0533   0.8229    0.1s
   170   0.1587   2.0989    1.9142  0.0012   0.0417   0.8261    0.1s
   175   0.1550   2.0399    1.8653  0.0000   0.0545   0.8314    0.1s
   180   0.1528   2.0252    1.8397  0.0046   0.0394   0.8246    0.1s
   185   0.1548   2.1576    1.9746  0.0012   0.0429   0.8296    0.1s
   190   0.1533   2.1976    2.0234  0.0000   0.0452   0.8256    0.1s
   195   0.1524   2.1998    2.0003  0.0023   0.0521   0.8221    0.1s
   200   0.1483   2.2910    2.0832  0.0035   0.0429   0.8344    0.1s

Best checkpoint: epoch 161  val P-H@50 = 0.0579

── Final evaluation (best checkpoint) ──────────────────────────────
  val:
    P-H@1=0.0000  P-H@5=0.0000  P-H@10=0.0023  P-H@50=0.0579
    CP-AUC=0.8214  CP-AP=0.7580  loss=1.8299
  test:
    P-H@1=0.0000  P-H@5=0.0032  P-H@10=0.0096  P-H@50=0.0867
    CP-AUC=0.8439  CP-AP=0.7857  loss=1.6573

Report saved → /gpfs/home5/binal1/plantmetbench/runs/sweep_rgcn_L3_dot/rgcn_L3_h128_dot/seed_2/report_rgcn_epoch161.json
Checkpoint → /gpfs/home5/binal1/plantmetbench/runs/sweep_rgcn_L3_dot/rgcn_L3_h128_dot/seed_2/rgcn_L3_epoch161_best.pt
Log        → /gpfs/home5/binal1/plantmetbench/runs/sweep_rgcn_L3_dot/rgcn_L3_h128_dot/seed_2/train.log
History    → /gpfs/home5/binal1/plantmetbench/runs/sweep_rgcn_L3_dot/rgcn_L3_h128_dot/seed_2/history_rgcn_epoch161.json
# Log started at 2026-08-22T15:36:09.555354
# Log file: /gpfs/home5/binal1/plantmetbench/runs/sweep_rgcn_L3_dot/rgcn_L3_h128_dot/seed_3/train.log

Run: sweep_rgcn_L3_dot  seed=3  →  /gpfs/home5/binal1/plantmetbench/runs/sweep_rgcn_L3_dot/rgcn_L3_h128_dot/seed_3
  Device: cuda  (NVIDIA H100)

Loading graph from /gpfs/home5/binal1/plantmetbench/data …
  Protein embeddings: 8,445/13,682 nodes covered (61.7%)  dim=960
  Removed 6 is_part_of edge type(s) and Pathway node store
  Removed 3 Organism edge type(s) and Organism node store
Loading taxa split …
  Conversion fingerprints: 19,927/84,470 nodes (23.6%)  dim=3072
  Ranking pool: 8,445/13,682 proteins have embeddings (61.7%)
Node types : ['GeneProduct', 'Interaction', 'Metabolite', 'Protein']
  GeneProduct  num_nodes=    6,480  x=(6480, 1024)
  Interaction  num_nodes=   84,470  x=(84470, 3072)
  Metabolite  num_nodes=   17,476  x=(17476, 1024)
  Protein     num_nodes=   13,682  x=(13682, 960)
 ----------- GNN = RGCN -----------
Running dummy forward pass to materialize weights...
Model: HeteroGNN  hidden_dim=128  num_layers=3  decoder=dot  dropout=0.3
  Edge types in GNN: 13
  Trainable parameters: 2,061,696
 Epoch     loss val_loss tst_loss  P-H@10   P-H@50   CP-AUC    time
──────────────────────────────────────────────────────────────────
     5   0.4833   1.4485    1.5059  0.0035   0.0151   0.5251    0.1s
    10   0.3994   1.0837    1.1170  0.0058   0.0533   0.7287    0.1s
    15   0.3322   0.9362    0.9592  0.0070   0.0487   0.8597    0.1s
    20   0.2963   1.0011    1.0306  0.0046   0.0556   0.8814    0.1s
    25   0.2677   0.9014    0.9304  0.0023   0.0452   0.8620    0.1s
    30   0.2552   0.8647    0.8944  0.0023   0.0255   0.8844    0.1s
    35   0.2408   0.8205    0.8523  0.0023   0.0162   0.8825    0.1s
    40   0.2353   0.8825    0.9191  0.0023   0.0162   0.8624    0.1s
    45   0.2296   0.8446    0.8807  0.0023   0.0070   0.8746    0.1s
    50   0.2247   0.8612    0.9043  0.0023   0.0058   0.8794    0.1s
    55   0.2202   0.8633    0.9070  0.0023   0.0046   0.8644    0.1s
    60   0.2176   0.8701    0.9197  0.0023   0.0046   0.8765    0.1s
    65   0.2119   0.8479    0.8996  0.0023   0.0046   0.8709    0.1s
    70   0.2101   0.8869    0.9473  0.0023   0.0058   0.8771    0.1s
    75   0.2087   0.8660    0.9313  0.0023   0.0058   0.8712    0.1s
    80   0.2038   0.8999    0.9723  0.0035   0.0058   0.8733    0.1s
    85   0.2030   0.8855    0.9664  0.0023   0.0081   0.8673    0.1s
    90   0.2037   0.9443    1.0358  0.0023   0.0127   0.8725    0.1s
    95   0.1958   0.9431    1.0352  0.0023   0.0162   0.8798    0.1s
   100   0.1938   0.9613    1.0535  0.0035   0.0197   0.8779    0.1s
   105   0.1895   1.0221    1.1183  0.0058   0.0232   0.8721    0.1s
   110   0.1853   1.0722    1.1752  0.0058   0.0232   0.8728    0.1s
   115   0.1850   1.1480    1.2490  0.0058   0.0290   0.8693    0.1s
   120   0.1785   1.1476    1.2559  0.0058   0.0440   0.8646    0.1s
   125   0.1805   1.2067    1.3145  0.0070   0.0452   0.8640    0.1s
   130   0.1726   1.2655    1.3802  0.0081   0.0406   0.8613    0.1s
   135   0.1734   1.2746    1.3989  0.0058   0.0336   0.8646    0.1s
   140   0.1718   1.3400    1.4559  0.0058   0.0348   0.8734    0.1s
   145   0.1679   1.3999    1.5158  0.0104   0.0324   0.8559    0.1s
   150   0.1613   1.4330    1.5672  0.0104   0.0348   0.8480    0.1s
   155   0.1636   1.5644    1.6915  0.0070   0.0301   0.8523    0.1s
   160   0.1627   1.5790    1.7040  0.0058   0.0267   0.8443    0.1s
   165   0.1598   1.6769    1.8185  0.0046   0.0267   0.8455    0.1s
   170   0.1594   1.7634    1.9068  0.0046   0.0301   0.8453    0.1s
   175   0.1574   1.8370    1.9956  0.0035   0.0313   0.8411    0.1s
   180   0.1532   1.8247    1.9776  0.0012   0.0394   0.8360    0.1s
   185   0.1509   1.9617    2.1160  0.0012   0.0382   0.8449    0.1s
   190   0.1495   1.9521    2.1312  0.0012   0.0440   0.8436    0.1s
   195   0.1509   2.0461    2.2510  0.0012   0.0406   0.8499    0.1s
   200   0.1449   2.1337    2.3380  0.0012   0.0440   0.8336    0.1s

Best checkpoint: epoch 8  val P-H@50 = 0.0649

── Final evaluation (best checkpoint) ──────────────────────────────
  val:
    P-H@1=0.0012  P-H@5=0.0081  P-H@10=0.0162  P-H@50=0.0649
    CP-AUC=0.6239  CP-AP=0.6026  loss=1.2818
  test:
    P-H@1=0.0000  P-H@5=0.0032  P-H@10=0.0043  P-H@50=0.0225
    CP-AUC=0.6275  CP-AP=0.5985  loss=1.3332

Report saved → /gpfs/home5/binal1/plantmetbench/runs/sweep_rgcn_L3_dot/rgcn_L3_h128_dot/seed_3/report_rgcn_epoch008.json
Checkpoint → /gpfs/home5/binal1/plantmetbench/runs/sweep_rgcn_L3_dot/rgcn_L3_h128_dot/seed_3/rgcn_L3_epoch008_best.pt
Log        → /gpfs/home5/binal1/plantmetbench/runs/sweep_rgcn_L3_dot/rgcn_L3_h128_dot/seed_3/train.log
History    → /gpfs/home5/binal1/plantmetbench/runs/sweep_rgcn_L3_dot/rgcn_L3_h128_dot/seed_3/history_rgcn_epoch008.json
Remaining : ['--gnn-name', 'rgcn', '--num-layers', '3', '--decoder', 'dot', '--epochs', '200']
PlantMetBench — multi-seed training
  Seeds    : [42, 0, 1, 2, 3]
  Run name : sweep_rgcn_L3_dot
  Extra    : --gnn-name rgcn --num-layers 3 --decoder dot --epochs 200

======================================================================
  Seed 42  →  /gpfs/home5/binal1/plantmetbench/runs/sweep_rgcn_L3_dot/rgcn_L3_h128_dot/seed_42/
======================================================================

======================================================================
  Seed 0  →  /gpfs/home5/binal1/plantmetbench/runs/sweep_rgcn_L3_dot/rgcn_L3_h128_dot/seed_0/
======================================================================

======================================================================
  Seed 1  →  /gpfs/home5/binal1/plantmetbench/runs/sweep_rgcn_L3_dot/rgcn_L3_h128_dot/seed_1/
======================================================================

======================================================================
  Seed 2  →  /gpfs/home5/binal1/plantmetbench/runs/sweep_rgcn_L3_dot/rgcn_L3_h128_dot/seed_2/
======================================================================

======================================================================
  Seed 3  →  /gpfs/home5/binal1/plantmetbench/runs/sweep_rgcn_L3_dot/rgcn_L3_h128_dot/seed_3/
======================================================================

======================================================================
  Multi-seed summary
======================================================================
  Metric                    Mean       Std  n
  --------------------------------------------------
  val_ph50                0.0654    0.0089  5
  val_ph10                0.0083    0.0058  5
  val_ph1                 0.0014    0.0010  5
  val_ph5                 0.0035    0.0031  5
  val_cp_auc              0.8064    0.1042  5
  val_cp_ap               0.7488    0.0837  5
  test_ph50               0.0345    0.0310  5
  test_ph10               0.0041    0.0035  5
  test_ph1                0.0004    0.0010  5
  test_ph5                0.0019    0.0018  5
  test_cp_auc             0.8122    0.1049  5
  test_cp_ap              0.7479    0.0880  5
  best_epoch             84.4000   69.2625  5

Summary saved → /gpfs/home5/binal1/plantmetbench/runs/sweep_rgcn_L3_dot/seeds_summary_rgcn_L3_h128_dot.json
Summary saved → /gpfs/home5/binal1/plantmetbench/runs/sweep_rgcn_L3_dot/rgcn_L3_h128_dot/seeds_summary_rgcn_L3_h128_dot.json
