============================================================================================== 
Warning! Mixing Conda and module environments may lead to corruption of the
user environment. 
We do not recommend users mixing those two environments unless absolutely
necessary. Note that 
SURF does not provide any support for Conda environment.
For more information, please refer to our software policy page:
https://servicedesk.surf.nl/wiki/display/WIKI/Software+policy+Snellius#SoftwarepolicySnellius-UseofAnacondaandMinicondaenvironmentsonSnellius 

Remember that many packages have already been installed on the system and can
be loaded using 
the 'module load <package__name>' command. If you are uncertain if a package is
already available 
on the system, please use 'module avail' or 'module spider' to search for it.
============================================================================================== 

==================================================================
  Config: gnn-name=hgt  num-layers=1  decoder=dot
  Run name: sweep_hgt_L1_dot
==================================================================
# Log started at 2026-08-22T15:28:43.766304
# Log file: /gpfs/home5/binal1/plantmetbench/runs/sweep_hgt_L1_dot/hgt_L1_h128_dot/seed_42/train.log

Run: sweep_hgt_L1_dot  seed=42  →  /gpfs/home5/binal1/plantmetbench/runs/sweep_hgt_L1_dot/hgt_L1_h128_dot/seed_42
  Device: cuda  (NVIDIA H100)

Loading graph from /gpfs/home5/binal1/plantmetbench/data …
  Protein embeddings: 8,445/13,682 nodes covered (61.7%)  dim=960
  Removed 6 is_part_of edge type(s) and Pathway node store
  Removed 3 Organism edge type(s) and Organism node store
Loading taxa split …
  Conversion fingerprints: 19,927/84,470 nodes (23.6%)  dim=3072
  Ranking pool: 8,445/13,682 proteins have embeddings (61.7%)

────────────────────────────────────────────────────────────────────────
Dataset summary
────────────────────────────────────────────────────────────────────────
  Target edge : ('Protein', 'catalyzes', 'Interaction')

Node types:
  GeneProduct   num_nodes=    6,480  x=(6480, 1024)
  Interaction   num_nodes=   84,470  x=(84470, 3072)
  Metabolite    num_nodes=   17,476  x=(17476, 1024)
  Protein       num_nodes=   13,682  x=(13682, 960)
Edge types:
  ('GeneProduct', 'encodes', 'Protein')               num_edges=     2,762
  ('GeneProduct', 'is_about', 'GeneProduct')          num_edges=     4,580
  ('Interaction', 'is_about', 'Interaction')          num_edges=    29,740
  ('Interaction', 'participants', 'Interaction')      num_edges=     9,813
  ('Interaction', 'participants', 'Metabolite')       num_edges=    34,793
  ('Interaction', 'source', 'Metabolite')             num_edges=     7,554
  ('Interaction', 'target', 'Interaction')            num_edges=        17
  ('Interaction', 'target', 'Metabolite')             num_edges=    18,622
  ('Metabolite', 'is_about', 'Metabolite')            num_edges=    12,812
  ('Protein', 'catalyzes', 'Interaction')             num_edges=     7,655
  ('Protein', 'encoded_by', 'GeneProduct')            num_edges=     2,762
  ('Protein', 'is_about', 'GeneProduct')              num_edges=        83
  ('Protein', 'is_about', 'Protein')                  num_edges=     9,932

  Positive edge splits:
    train    9,569 edges
    val      1,211 edges
    test     1,200 edges

  Ranking pool : 8,445 proteins  (embedded only)
  Random P-H@50: 0.0059  (0.59%)
────────────────────────────────────────────────────────────────────────

Node types : ['GeneProduct', 'Interaction', 'Metabolite', 'Protein']
  GeneProduct  num_nodes=    6,480  x=(6480, 1024)
  Interaction  num_nodes=   84,470  x=(84470, 3072)
  Metabolite  num_nodes=   17,476  x=(17476, 1024)
  Protein     num_nodes=   13,682  x=(13682, 960)
 ---------- GNN = HGT -----------
Running dummy forward pass to materialize weights...
Model: HeteroGNN  hidden_dim=128  num_layers=1  decoder=dot  dropout=0.3
  Edge types in GNN: 13
  Trainable parameters: 1,255,966
 Epoch     loss val_loss tst_loss  P-H@10   P-H@50   CP-AUC    time
──────────────────────────────────────────────────────────────────
     5   0.6624   0.7160    0.7183  0.0000   0.0023   0.5047    0.2s
    10   0.6137   0.7502    0.7553  0.0000   0.0012   0.5126    0.2s
    15   0.5714   0.7971    0.8055  0.0000   0.0000   0.5156    0.2s
    20   0.5396   0.8562    0.8683  0.0000   0.0000   0.5180    0.2s
    25   0.5163   0.9234    0.9393  0.0000   0.0000   0.5221    0.2s
    30   0.5000   0.9906    1.0102  0.0000   0.0000   0.5284    0.2s
    35   0.4905   1.0478    1.0705  0.0000   0.0000   0.5394    0.2s
    40   0.4818   1.0876    1.1129  0.0000   0.0000   0.5575    0.2s
    45   0.4744   1.1078    1.1350  0.0000   0.0000   0.5770    0.2s
    50   0.4669   1.1105    1.1391  0.0000   0.0035   0.5967    0.2s
    55   0.4584   1.0989    1.1283  0.0035   0.0695   0.6241    0.2s
    60   0.4534   1.0763    1.1060  0.0000   0.0000   0.6505    0.2s
    65   0.4453   1.0467    1.0765  0.0000   0.0139   0.6813    0.2s
    70   0.4353   1.0179    1.0476  0.0000   0.0162   0.7144    0.2s
    75   0.4295   0.9996    1.0292  0.0000   0.0220   0.7391    0.2s
    80   0.4241   0.9977    1.0268  0.0000   0.0243   0.7617    0.2s
    85   0.4155   1.0076    1.0357  0.0000   0.0232   0.7751    0.2s
    90   0.4066   1.0092    1.0356  0.0000   0.0220   0.7676    0.2s
    95   0.3991   0.9935    1.0175  0.0000   0.0116   0.7934    0.2s
   100   0.3907   0.9771    0.9978  0.0000   0.0116   0.7982    0.2s
   105   0.3826   0.9745    0.9904  0.0000   0.0162   0.8124    0.2s
   110   0.3746   0.9660    0.9758  0.0000   0.0185   0.8258    0.2s
   115   0.3651   0.9538    0.9566  0.0012   0.0127   0.8260    0.2s
   120   0.3560   0.9554    0.9496  0.0012   0.0174   0.8331    0.2s
   125   0.3483   0.9485    0.9352  0.0000   0.0232   0.8425    0.2s
   130   0.3395   0.9443    0.9251  0.0000   0.0267   0.8499    0.2s
   135   0.3317   0.9206    0.9012  0.0000   0.0162   0.8689    0.2s
   140   0.3224   0.9178    0.9002  0.0000   0.0232   0.8539    0.2s
   145   0.3151   0.9102    0.8984  0.0012   0.0174   0.8643    0.2s
   150   0.3048   0.8886    0.8869  0.0023   0.0267   0.8719    0.2s
   155   0.2980   0.8914    0.8985  0.0023   0.0336   0.8820    0.2s
   160   0.2928   0.9040    0.9168  0.0023   0.0556   0.8787    0.2s
   165   0.2878   0.9030    0.9179  0.0023   0.0614   0.8853    0.2s
   170   0.2817   0.9142    0.9227  0.0023   0.0556   0.8825    0.2s
   175   0.2771   0.9324    0.9354  0.0023   0.0429   0.8836    0.2s
   180   0.2734   0.9067    0.9137  0.0023   0.0533   0.8793    0.2s
   185   0.2674   0.8970    0.9086  0.0012   0.0614   0.8922    0.2s
   190   0.2643   0.9373    0.9480  0.0012   0.0626   0.8950    0.2s
   195   0.2616   0.9211    0.9346  0.0012   0.0649   0.8926    0.2s
   200   0.2584   0.9263    0.9400  0.0012   0.0637   0.8937    0.2s

Best checkpoint: epoch 55  val P-H@50 = 0.0695

── Final evaluation (best checkpoint) ──────────────────────────────
  val:
    P-H@1=0.0000  P-H@5=0.0012  P-H@10=0.0035  P-H@50=0.0695
    CP-AUC=0.6204  CP-AP=0.5757  loss=1.0989
  test:
    P-H@1=0.0000  P-H@5=0.0000  P-H@10=0.0000  P-H@50=0.0236
    CP-AUC=0.6413  CP-AP=0.5985  loss=1.1283

Report saved → /gpfs/home5/binal1/plantmetbench/runs/sweep_hgt_L1_dot/hgt_L1_h128_dot/seed_42/report_hgt_epoch055.json
Checkpoint → /gpfs/home5/binal1/plantmetbench/runs/sweep_hgt_L1_dot/hgt_L1_h128_dot/seed_42/hgt_L1_epoch055_best.pt
Log        → /gpfs/home5/binal1/plantmetbench/runs/sweep_hgt_L1_dot/hgt_L1_h128_dot/seed_42/train.log
History    → /gpfs/home5/binal1/plantmetbench/runs/sweep_hgt_L1_dot/hgt_L1_h128_dot/seed_42/history_hgt_epoch055.json
# Log started at 2026-08-22T15:29:26.860036
# Log file: /gpfs/home5/binal1/plantmetbench/runs/sweep_hgt_L1_dot/hgt_L1_h128_dot/seed_0/train.log

Run: sweep_hgt_L1_dot  seed=0  →  /gpfs/home5/binal1/plantmetbench/runs/sweep_hgt_L1_dot/hgt_L1_h128_dot/seed_0
  Device: cuda  (NVIDIA H100)

Loading graph from /gpfs/home5/binal1/plantmetbench/data …
  Protein embeddings: 8,445/13,682 nodes covered (61.7%)  dim=960
  Removed 6 is_part_of edge type(s) and Pathway node store
  Removed 3 Organism edge type(s) and Organism node store
Loading taxa split …
  Conversion fingerprints: 19,927/84,470 nodes (23.6%)  dim=3072
  Ranking pool: 8,445/13,682 proteins have embeddings (61.7%)
Node types : ['GeneProduct', 'Interaction', 'Metabolite', 'Protein']
  GeneProduct  num_nodes=    6,480  x=(6480, 1024)
  Interaction  num_nodes=   84,470  x=(84470, 3072)
  Metabolite  num_nodes=   17,476  x=(17476, 1024)
  Protein     num_nodes=   13,682  x=(13682, 960)
 ---------- GNN = HGT -----------
Running dummy forward pass to materialize weights...
Model: HeteroGNN  hidden_dim=128  num_layers=1  decoder=dot  dropout=0.3
  Edge types in GNN: 13
  Trainable parameters: 1,255,966
 Epoch     loss val_loss tst_loss  P-H@10   P-H@50   CP-AUC    time
──────────────────────────────────────────────────────────────────
     5   0.6550   0.7179    0.7218  0.0000   0.0000   0.4888    0.2s
    10   0.6030   0.7595    0.7679  0.0000   0.0000   0.4907    0.2s
    15   0.5607   0.8174    0.8306  0.0000   0.0000   0.4919    0.2s
    20   0.5309   0.8893    0.9076  0.0000   0.0000   0.4947    0.2s
    25   0.5088   0.9681    0.9918  0.0000   0.0000   0.5012    0.2s
    30   0.4943   1.0434    1.0722  0.0000   0.0000   0.5108    0.2s
    35   0.4852   1.1043    1.1376  0.0000   0.0000   0.5234    0.2s
    40   0.4771   1.1441    1.1810  0.0000   0.0000   0.5423    0.2s
    45   0.4708   1.1629    1.2025  0.0000   0.0000   0.5625    0.2s
    50   0.4637   1.1638    1.2051  0.0000   0.0000   0.5856    0.2s
    55   0.4561   1.1512    1.1935  0.0000   0.0012   0.6104    0.2s
    60   0.4487   1.1289    1.1716  0.0000   0.0220   0.6387    0.2s
    65   0.4445   1.1006    1.1433  0.0000   0.0209   0.6708    0.2s
    70   0.4366   1.0687    1.1112  0.0000   0.0255   0.7073    0.2s
    75   0.4303   1.0372    1.0793  0.0000   0.0267   0.7260    0.2s
    80   0.4228   1.0124    1.0541  0.0000   0.0290   0.7581    0.2s
    85   0.4160   0.9998    1.0409  0.0000   0.0463   0.7724    0.2s
    90   0.4094   0.9985    1.0386  0.0000   0.0521   0.7836    0.2s
    95   0.4016   1.0008    1.0394  0.0070   0.0591   0.8005    0.2s
   100   0.3935   0.9920    1.0284  0.0081   0.0591   0.8087    0.2s
   105   0.3847   0.9692    1.0028  0.0162   0.0614   0.8277    0.2s
   110   0.3780   0.9483    0.9785  0.0197   0.0776   0.8278    0.2s
   115   0.3705   0.9417    0.9674  0.0093   0.0695   0.8572    0.2s
   120   0.3643   0.9346    0.9545  0.0035   0.0672   0.8629    0.2s
   125   0.3566   0.9137    0.9279  0.0070   0.0603   0.8563    0.2s
   130   0.3486   0.9112    0.9182  0.0058   0.0591   0.8763    0.2s
   135   0.3417   0.9094    0.9099  0.0046   0.0510   0.8782    0.2s
   140   0.3336   0.9013    0.8984  0.0035   0.0510   0.8808    0.2s
   145   0.3257   0.8996    0.8964  0.0023   0.0510   0.8914    0.2s
   150   0.3192   0.8823    0.8838  0.0058   0.0823   0.8935    0.2s
   155   0.3094   0.8706    0.8791  0.0093   0.1228   0.8837    0.2s
   160   0.3008   0.8589    0.8756  0.0116   0.1182   0.8806    0.2s
   165   0.2966   0.8616    0.8856  0.0127   0.1112   0.8864    0.2s
   170   0.2863   0.8612    0.8867  0.0127   0.1066   0.8883    0.2s
   175   0.2823   0.8797    0.8982  0.0127   0.0962   0.8905    0.2s
   180   0.2788   0.8657    0.8797  0.0116   0.0892   0.8822    0.2s
   185   0.2736   0.8450    0.8620  0.0116   0.1043   0.8770    0.2s
   190   0.2708   0.8597    0.8791  0.0116   0.0939   0.8862    0.2s
   195   0.2650   0.8698    0.8877  0.0127   0.0753   0.8896    0.2s
   200   0.2623   0.8895    0.9033  0.0116   0.0556   0.8909    0.2s

Best checkpoint: epoch 157  val P-H@50 = 0.1309

── Final evaluation (best checkpoint) ──────────────────────────────
  val:
    P-H@1=0.0023  P-H@5=0.0081  P-H@10=0.0104  P-H@50=0.1309
    CP-AUC=0.8743  CP-AP=0.8061  loss=0.8651
  test:
    P-H@1=0.0000  P-H@5=0.0011  P-H@10=0.0075  P-H@50=0.0439
    CP-AUC=0.8935  CP-AP=0.8086  loss=0.8769

Report saved → /gpfs/home5/binal1/plantmetbench/runs/sweep_hgt_L1_dot/hgt_L1_h128_dot/seed_0/report_hgt_epoch157.json
Checkpoint → /gpfs/home5/binal1/plantmetbench/runs/sweep_hgt_L1_dot/hgt_L1_h128_dot/seed_0/hgt_L1_epoch157_best.pt
Log        → /gpfs/home5/binal1/plantmetbench/runs/sweep_hgt_L1_dot/hgt_L1_h128_dot/seed_0/train.log
History    → /gpfs/home5/binal1/plantmetbench/runs/sweep_hgt_L1_dot/hgt_L1_h128_dot/seed_0/history_hgt_epoch157.json
# Log started at 2026-08-22T15:30:09.978716
# Log file: /gpfs/home5/binal1/plantmetbench/runs/sweep_hgt_L1_dot/hgt_L1_h128_dot/seed_1/train.log

Run: sweep_hgt_L1_dot  seed=1  →  /gpfs/home5/binal1/plantmetbench/runs/sweep_hgt_L1_dot/hgt_L1_h128_dot/seed_1
  Device: cuda  (NVIDIA H100)

Loading graph from /gpfs/home5/binal1/plantmetbench/data …
  Protein embeddings: 8,445/13,682 nodes covered (61.7%)  dim=960
  Removed 6 is_part_of edge type(s) and Pathway node store
  Removed 3 Organism edge type(s) and Organism node store
Loading taxa split …
  Conversion fingerprints: 19,927/84,470 nodes (23.6%)  dim=3072
  Ranking pool: 8,445/13,682 proteins have embeddings (61.7%)
Node types : ['GeneProduct', 'Interaction', 'Metabolite', 'Protein']
  GeneProduct  num_nodes=    6,480  x=(6480, 1024)
  Interaction  num_nodes=   84,470  x=(84470, 3072)
  Metabolite  num_nodes=   17,476  x=(17476, 1024)
  Protein     num_nodes=   13,682  x=(13682, 960)
 ---------- GNN = HGT -----------
Running dummy forward pass to materialize weights...
Model: HeteroGNN  hidden_dim=128  num_layers=1  decoder=dot  dropout=0.3
  Edge types in GNN: 13
  Trainable parameters: 1,255,966
 Epoch     loss val_loss tst_loss  P-H@10   P-H@50   CP-AUC    time
──────────────────────────────────────────────────────────────────
     5   0.6440   0.7172    0.7193  0.0000   0.0000   0.5009    0.2s
    10   0.5958   0.7564    0.7618  0.0000   0.0000   0.5020    0.2s
    15   0.5556   0.8117    0.8211  0.0000   0.0000   0.5044    0.2s
    20   0.5262   0.8803    0.8940  0.0000   0.0000   0.5086    0.2s
    25   0.5051   0.9548    0.9730  0.0000   0.0000   0.5153    0.2s
    30   0.4929   1.0247    1.0474  0.0000   0.0000   0.5252    0.2s
    35   0.4813   1.0794    1.1060  0.0000   0.0000   0.5410    0.2s
    40   0.4737   1.1139    1.1435  0.0000   0.0000   0.5583    0.2s
    45   0.4659   1.1283    1.1604  0.0000   0.0000   0.5791    0.2s
    50   0.4594   1.1261    1.1600  0.0000   0.0035   0.6060    0.2s
    55   0.4521   1.1112    1.1465  0.0000   0.0000   0.6347    0.2s
    60   0.4440   1.0875    1.1236  0.0000   0.0127   0.6653    0.2s
    65   0.4372   1.0595    1.0961  0.0000   0.0139   0.6922    0.2s
    70   0.4299   1.0344    1.0713  0.0000   0.0139   0.7317    0.2s
    75   0.4227   1.0214    1.0584  0.0000   0.0139   0.7446    0.2s
    80   0.4149   1.0229    1.0598  0.0000   0.0209   0.7666    0.2s
    85   0.4080   1.0298    1.0657  0.0000   0.0174   0.7742    0.2s
    90   0.3995   1.0261    1.0602  0.0000   0.0174   0.7986    0.2s
    95   0.3911   1.0035    1.0351  0.0000   0.0197   0.8120    0.2s
   100   0.3803   0.9838    1.0117  0.0000   0.0162   0.8212    0.2s
   105   0.3732   0.9816    1.0041  0.0000   0.0139   0.8261    0.2s
   110   0.3649   0.9674    0.9835  0.0000   0.0278   0.8507    0.2s
   115   0.3564   0.9560    0.9643  0.0012   0.0301   0.8571    0.2s
   120   0.3468   0.9560    0.9553  0.0023   0.0371   0.8477    0.2s
   125   0.3378   0.9476    0.9394  0.0023   0.0394   0.8646    0.2s
   130   0.3324   0.9495    0.9358  0.0023   0.0452   0.8654    0.2s
   135   0.3251   0.9431    0.9291  0.0035   0.0463   0.8816    0.2s
   140   0.3166   0.9352    0.9252  0.0035   0.0394   0.8779    0.2s
   145   0.3092   0.9172    0.9154  0.0081   0.0406   0.8894    0.2s
   150   0.3000   0.9035    0.9116  0.0081   0.0371   0.8812    0.2s
   155   0.2924   0.8948    0.9131  0.0081   0.0382   0.8961    0.2s
   160   0.2878   0.8917    0.9174  0.0035   0.0498   0.8907    0.2s
   165   0.2816   0.9004    0.9261  0.0035   0.0498   0.8891    0.2s
   170   0.2771   0.9153    0.9326  0.0035   0.0440   0.8932    0.2s
   175   0.2734   0.9078    0.9184  0.0046   0.0429   0.8897    0.2s
   180   0.2684   0.9055    0.9128  0.0058   0.0440   0.8895    0.2s
   185   0.2652   0.8909    0.9034  0.0058   0.0452   0.8875    0.2s
   190   0.2631   0.9143    0.9215  0.0058   0.0475   0.8938    0.2s
   195   0.2578   0.9366    0.9353  0.0046   0.0533   0.9001    0.2s
   200   0.2579   0.9554    0.9500  0.0046   0.0545   0.8924    0.2s

Best checkpoint: epoch 199  val P-H@50 = 0.0545

── Final evaluation (best checkpoint) ──────────────────────────────
  val:
    P-H@1=0.0000  P-H@5=0.0023  P-H@10=0.0046  P-H@50=0.0545
    CP-AUC=0.8979  CP-AP=0.8298  loss=0.9509
  test:
    P-H@1=0.0000  P-H@5=0.0011  P-H@10=0.0021  P-H@50=0.0257
    CP-AUC=0.8956  CP-AP=0.7964  loss=0.9460

Report saved → /gpfs/home5/binal1/plantmetbench/runs/sweep_hgt_L1_dot/hgt_L1_h128_dot/seed_1/report_hgt_epoch199.json
Checkpoint → /gpfs/home5/binal1/plantmetbench/runs/sweep_hgt_L1_dot/hgt_L1_h128_dot/seed_1/hgt_L1_epoch199_best.pt
Log        → /gpfs/home5/binal1/plantmetbench/runs/sweep_hgt_L1_dot/hgt_L1_h128_dot/seed_1/train.log
History    → /gpfs/home5/binal1/plantmetbench/runs/sweep_hgt_L1_dot/hgt_L1_h128_dot/seed_1/history_hgt_epoch199.json
# Log started at 2026-08-22T15:30:51.985024
# Log file: /gpfs/home5/binal1/plantmetbench/runs/sweep_hgt_L1_dot/hgt_L1_h128_dot/seed_2/train.log

Run: sweep_hgt_L1_dot  seed=2  →  /gpfs/home5/binal1/plantmetbench/runs/sweep_hgt_L1_dot/hgt_L1_h128_dot/seed_2
  Device: cuda  (NVIDIA H100)

Loading graph from /gpfs/home5/binal1/plantmetbench/data …
  Protein embeddings: 8,445/13,682 nodes covered (61.7%)  dim=960
  Removed 6 is_part_of edge type(s) and Pathway node store
  Removed 3 Organism edge type(s) and Organism node store
Loading taxa split …
  Conversion fingerprints: 19,927/84,470 nodes (23.6%)  dim=3072
  Ranking pool: 8,445/13,682 proteins have embeddings (61.7%)
Node types : ['GeneProduct', 'Interaction', 'Metabolite', 'Protein']
  GeneProduct  num_nodes=    6,480  x=(6480, 1024)
  Interaction  num_nodes=   84,470  x=(84470, 3072)
  Metabolite  num_nodes=   17,476  x=(17476, 1024)
  Protein     num_nodes=   13,682  x=(13682, 960)
 ---------- GNN = HGT -----------
Running dummy forward pass to materialize weights...
Model: HeteroGNN  hidden_dim=128  num_layers=1  decoder=dot  dropout=0.3
  Edge types in GNN: 13
  Trainable parameters: 1,255,966
 Epoch     loss val_loss tst_loss  P-H@10   P-H@50   CP-AUC    time
──────────────────────────────────────────────────────────────────
     5   0.6402   0.7251    0.7261  0.0000   0.0000   0.4863    0.2s
    10   0.5922   0.7684    0.7706  0.0000   0.0000   0.4939    0.2s
    15   0.5521   0.8270    0.8315  0.0000   0.0000   0.4968    0.2s
    20   0.5216   0.8985    0.9061  0.0000   0.0000   0.5009    0.2s
    25   0.5048   0.9757    0.9868  0.0000   0.0000   0.5059    0.2s
    30   0.4906   1.0481    1.0629  0.0000   0.0000   0.5139    0.2s
    35   0.4809   1.1050    1.1232  0.0000   0.0000   0.5266    0.2s
    40   0.4761   1.1413    1.1622  0.0000   0.0000   0.5440    0.2s
    45   0.4674   1.1574    1.1805  0.0000   0.0000   0.5641    0.2s
    50   0.4601   1.1570    1.1817  0.0000   0.0000   0.5851    0.2s
    55   0.4546   1.1437    1.1696  0.0000   0.0081   0.6085    0.2s
    60   0.4482   1.1209    1.1478  0.0000   0.0267   0.6413    0.2s
    65   0.4390   1.0923    1.1200  0.0000   0.0649   0.6699    0.2s
    70   0.4341   1.0629    1.0913  0.0000   0.0939   0.6987    0.2s
    75   0.4253   1.0408    1.0695  0.0000   0.0939   0.7222    0.2s
    80   0.4201   1.0345    1.0630  0.0000   0.0834   0.7401    0.2s
    85   0.4109   1.0395    1.0670  0.0023   0.0857   0.7648    0.2s
    90   0.4001   1.0396    1.0651  0.0023   0.0857   0.7735    0.2s
    95   0.3947   1.0234    1.0459  0.0023   0.1031   0.7920    0.2s
   100   0.3834   0.9968    1.0154  0.0023   0.0834   0.8018    0.2s
   105   0.3771   0.9872    1.0000  0.0023   0.0545   0.8144    0.2s
   110   0.3653   0.9843    0.9894  0.0046   0.0336   0.8354    0.2s
   115   0.3576   0.9575    0.9546  0.0046   0.0301   0.8393    0.2s
   120   0.3494   0.9560    0.9427  0.0046   0.0301   0.8702    0.2s
   125   0.3387   0.9371    0.9154  0.0046   0.0278   0.8635    0.2s
   130   0.3336   0.9310    0.9018  0.0046   0.0151   0.8609    0.2s
   135   0.3240   0.9091    0.8787  0.0023   0.0127   0.8821    0.2s
   140   0.3177   0.8935    0.8658  0.0035   0.0139   0.8746    0.2s
   145   0.3075   0.8820    0.8591  0.0058   0.0185   0.8852    0.2s
   150   0.3018   0.8651    0.8496  0.0046   0.0232   0.8835    0.2s
   155   0.2928   0.8687    0.8585  0.0058   0.0255   0.8832    0.2s
   160   0.2882   0.8885    0.8785  0.0058   0.0348   0.8767    0.2s
   165   0.2842   0.9086    0.8929  0.0035   0.0371   0.8835    0.2s
   170   0.2792   0.9140    0.8933  0.0012   0.0359   0.8889    0.2s
   175   0.2741   0.9091    0.8873  0.0023   0.0336   0.8935    0.2s
   180   0.2690   0.8825    0.8660  0.0058   0.0324   0.8797    0.2s
   185   0.2647   0.8711    0.8578  0.0058   0.0336   0.8870    0.2s
   190   0.2628   0.8851    0.8679  0.0081   0.0336   0.8854    0.2s
   195   0.2602   0.8978    0.8746  0.0070   0.0348   0.8811    0.2s
   200   0.2539   0.8945    0.8713  0.0081   0.0336   0.8929    0.2s

Best checkpoint: epoch 93  val P-H@50 = 0.1031

── Final evaluation (best checkpoint) ──────────────────────────────
  val:
    P-H@1=0.0000  P-H@5=0.0023  P-H@10=0.0023  P-H@50=0.1031
    CP-AUC=0.7806  CP-AP=0.7063  loss=1.0321
  test:
    P-H@1=0.0000  P-H@5=0.0000  P-H@10=0.0000  P-H@50=0.0300
    CP-AUC=0.7922  CP-AP=0.7152  loss=1.0560

Report saved → /gpfs/home5/binal1/plantmetbench/runs/sweep_hgt_L1_dot/hgt_L1_h128_dot/seed_2/report_hgt_epoch093.json
Checkpoint → /gpfs/home5/binal1/plantmetbench/runs/sweep_hgt_L1_dot/hgt_L1_h128_dot/seed_2/hgt_L1_epoch093_best.pt
Log        → /gpfs/home5/binal1/plantmetbench/runs/sweep_hgt_L1_dot/hgt_L1_h128_dot/seed_2/train.log
History    → /gpfs/home5/binal1/plantmetbench/runs/sweep_hgt_L1_dot/hgt_L1_h128_dot/seed_2/history_hgt_epoch093.json
# Log started at 2026-08-22T15:31:33.980447
# Log file: /gpfs/home5/binal1/plantmetbench/runs/sweep_hgt_L1_dot/hgt_L1_h128_dot/seed_3/train.log

Run: sweep_hgt_L1_dot  seed=3  →  /gpfs/home5/binal1/plantmetbench/runs/sweep_hgt_L1_dot/hgt_L1_h128_dot/seed_3
  Device: cuda  (NVIDIA H100)

Loading graph from /gpfs/home5/binal1/plantmetbench/data …
  Protein embeddings: 8,445/13,682 nodes covered (61.7%)  dim=960
  Removed 6 is_part_of edge type(s) and Pathway node store
  Removed 3 Organism edge type(s) and Organism node store
Loading taxa split …
  Conversion fingerprints: 19,927/84,470 nodes (23.6%)  dim=3072
  Ranking pool: 8,445/13,682 proteins have embeddings (61.7%)
Node types : ['GeneProduct', 'Interaction', 'Metabolite', 'Protein']
  GeneProduct  num_nodes=    6,480  x=(6480, 1024)
  Interaction  num_nodes=   84,470  x=(84470, 3072)
  Metabolite  num_nodes=   17,476  x=(17476, 1024)
  Protein     num_nodes=   13,682  x=(13682, 960)
 ---------- GNN = HGT -----------
Running dummy forward pass to materialize weights...
Model: HeteroGNN  hidden_dim=128  num_layers=1  decoder=dot  dropout=0.3
  Edge types in GNN: 13
  Trainable parameters: 1,255,966
 Epoch     loss val_loss tst_loss  P-H@10   P-H@50   CP-AUC    time
──────────────────────────────────────────────────────────────────
     5   0.6329   0.7256    0.7283  0.0000   0.0000   0.4934    0.2s
    10   0.5794   0.7794    0.7860  0.0000   0.0000   0.4987    0.2s
    15   0.5379   0.8549    0.8661  0.0000   0.0000   0.5015    0.2s
    20   0.5114   0.9436    0.9603  0.0000   0.0000   0.5051    0.2s
    25   0.4948   1.0319    1.0546  0.0000   0.0000   0.5116    0.2s
    30   0.4841   1.1055    1.1335  0.0000   0.0000   0.5224    0.2s
    35   0.4783   1.1555    1.1880  0.0000   0.0000   0.5390    0.2s
    40   0.4721   1.1805    1.2165  0.0000   0.0000   0.5567    0.2s
    45   0.4629   1.1845    1.2231  0.0000   0.0000   0.5763    0.2s
    50   0.4566   1.1728    1.2130  0.0000   0.0000   0.6021    0.2s
    55   0.4512   1.1497    1.1910  0.0000   0.0023   0.6254    0.2s
    60   0.4443   1.1193    1.1610  0.0000   0.0139   0.6581    0.2s
    65   0.4369   1.0866    1.1285  0.0000   0.0603   0.6906    0.2s
    70   0.4301   1.0591    1.1010  0.0000   0.1054   0.7219    0.2s
    75   0.4233   1.0466    1.0882  0.0000   0.1251   0.7323    0.2s
    80   0.4164   1.0469    1.0877  0.0000   0.1240   0.7596    0.2s
    85   0.4116   1.0488    1.0882  0.0000   0.0915   0.7666    0.2s
    90   0.4034   1.0382    1.0753  0.0000   0.1020   0.7874    0.2s
    95   0.3944   1.0123    1.0463  0.0000   0.1205   0.8065    0.2s
   100   0.3859   0.9900    1.0199  0.0012   0.1124   0.8211    0.2s
   105   0.3769   0.9772    1.0019  0.0174   0.0904   0.8326    0.2s
   110   0.3693   0.9579    0.9765  0.0185   0.0788   0.8382    0.2s
   115   0.3643   0.9386    0.9507  0.0162   0.0707   0.8492    0.2s
   120   0.3554   0.9280    0.9327  0.0116   0.0603   0.8658    0.2s
   125   0.3479   0.9220    0.9196  0.0104   0.0603   0.8701    0.2s
   130   0.3400   0.9161    0.9081  0.0093   0.0556   0.8712    0.2s
   135   0.3344   0.9088    0.8981  0.0093   0.0510   0.8778    0.2s
   140   0.3255   0.8975    0.8880  0.0093   0.0498   0.8909    0.2s
   145   0.3205   0.8922    0.8863  0.0093   0.0568   0.8788    0.2s
   150   0.3112   0.8879    0.8878  0.0093   0.0718   0.8762    0.2s
   155   0.3024   0.8709    0.8797  0.0093   0.0927   0.8925    0.2s
   160   0.2952   0.8621    0.8799  0.0104   0.1101   0.8841    0.2s
   165   0.2878   0.8565    0.8817  0.0081   0.1066   0.8831    0.2s
   170   0.2829   0.8661    0.8931  0.0104   0.0834   0.8925    0.2s
   175   0.2750   0.8694    0.8916  0.0104   0.0579   0.8882    0.2s
   180   0.2722   0.9017    0.9119  0.0104   0.0382   0.8795    0.2s
   185   0.2666   0.8949    0.9027  0.0104   0.0463   0.8964    0.2s
   190   0.2650   0.9132    0.9196  0.0104   0.0637   0.8906    0.2s
   195   0.2601   0.9014    0.9120  0.0104   0.0672   0.8959    0.2s
   200   0.2569   0.9236    0.9319  0.0104   0.0614   0.8861    0.2s

Best checkpoint: epoch 78  val P-H@50 = 0.1286

── Final evaluation (best checkpoint) ──────────────────────────────
  val:
    P-H@1=0.0000  P-H@5=0.0000  P-H@10=0.0000  P-H@50=0.1286
    CP-AUC=0.7523  CP-AP=0.6774  loss=1.0459
  test:
    P-H@1=0.0000  P-H@5=0.0000  P-H@10=0.0032  P-H@50=0.0107
    CP-AUC=0.7556  CP-AP=0.6827  loss=1.0871

Report saved → /gpfs/home5/binal1/plantmetbench/runs/sweep_hgt_L1_dot/hgt_L1_h128_dot/seed_3/report_hgt_epoch078.json
Checkpoint → /gpfs/home5/binal1/plantmetbench/runs/sweep_hgt_L1_dot/hgt_L1_h128_dot/seed_3/hgt_L1_epoch078_best.pt
Log        → /gpfs/home5/binal1/plantmetbench/runs/sweep_hgt_L1_dot/hgt_L1_h128_dot/seed_3/train.log
History    → /gpfs/home5/binal1/plantmetbench/runs/sweep_hgt_L1_dot/hgt_L1_h128_dot/seed_3/history_hgt_epoch078.json
Remaining : ['--gnn-name', 'hgt', '--num-layers', '1', '--decoder', 'dot', '--epochs', '200']
PlantMetBench — multi-seed training
  Seeds    : [42, 0, 1, 2, 3]
  Run name : sweep_hgt_L1_dot
  Extra    : --gnn-name hgt --num-layers 1 --decoder dot --epochs 200

======================================================================
  Seed 42  →  /gpfs/home5/binal1/plantmetbench/runs/sweep_hgt_L1_dot/hgt_L1_h128_dot/seed_42/
======================================================================

======================================================================
  Seed 0  →  /gpfs/home5/binal1/plantmetbench/runs/sweep_hgt_L1_dot/hgt_L1_h128_dot/seed_0/
======================================================================

======================================================================
  Seed 1  →  /gpfs/home5/binal1/plantmetbench/runs/sweep_hgt_L1_dot/hgt_L1_h128_dot/seed_1/
======================================================================

======================================================================
  Seed 2  →  /gpfs/home5/binal1/plantmetbench/runs/sweep_hgt_L1_dot/hgt_L1_h128_dot/seed_2/
======================================================================

======================================================================
  Seed 3  →  /gpfs/home5/binal1/plantmetbench/runs/sweep_hgt_L1_dot/hgt_L1_h128_dot/seed_3/
======================================================================

======================================================================
  Multi-seed summary
======================================================================
  Metric                    Mean       Std  n
  --------------------------------------------------
  val_ph50                0.0973    0.0345  5
  val_ph10                0.0042    0.0039  5
  val_ph1                 0.0005    0.0010  5
  val_ph5                 0.0028    0.0031  5
  val_cp_auc              0.7851    0.1106  5
  val_cp_ap               0.7190    0.1028  5
  test_ph50               0.0268    0.0120  5
  test_ph10               0.0026    0.0031  5
  test_ph1                0.0000    0.0000  5
  test_ph5                0.0004    0.0006  5
  test_cp_auc             0.7956    0.1061  5
  test_cp_ap              0.7203    0.0864  5
  best_epoch            116.4000   59.7143  5

Summary saved → /gpfs/home5/binal1/plantmetbench/runs/sweep_hgt_L1_dot/seeds_summary_hgt_L1_h128_dot.json
Summary saved → /gpfs/home5/binal1/plantmetbench/runs/sweep_hgt_L1_dot/hgt_L1_h128_dot/seeds_summary_hgt_L1_h128_dot.json
