============================================================================================== 
Warning! Mixing Conda and module environments may lead to corruption of the
user environment. 
We do not recommend users mixing those two environments unless absolutely
necessary. Note that 
SURF does not provide any support for Conda environment.
For more information, please refer to our software policy page:
https://servicedesk.surf.nl/wiki/display/WIKI/Software+policy+Snellius#SoftwarepolicySnellius-UseofAnacondaandMinicondaenvironmentsonSnellius 

Remember that many packages have already been installed on the system and can
be loaded using 
the 'module load <package__name>' command. If you are uncertain if a package is
already available 
on the system, please use 'module avail' or 'module spider' to search for it.
============================================================================================== 

==================================================================
  Config: gnn-name=rgcn  num-layers=2  decoder=dot
  Run name: sweep_rgcn_L2_dot
==================================================================
# Log started at 2026-08-22T15:30:54.192601
# Log file: /gpfs/home5/binal1/plantmetbench/runs/sweep_rgcn_L2_dot/rgcn_L2_h128_dot/seed_42/train.log

Run: sweep_rgcn_L2_dot  seed=42  →  /gpfs/home5/binal1/plantmetbench/runs/sweep_rgcn_L2_dot/rgcn_L2_h128_dot/seed_42
  Device: cuda  (NVIDIA H100)

Loading graph from /gpfs/home5/binal1/plantmetbench/data …
  Protein embeddings: 8,445/13,682 nodes covered (61.7%)  dim=960
  Removed 6 is_part_of edge type(s) and Pathway node store
  Removed 3 Organism edge type(s) and Organism node store
Loading taxa split …
  Conversion fingerprints: 19,927/84,470 nodes (23.6%)  dim=3072
  Ranking pool: 8,445/13,682 proteins have embeddings (61.7%)

────────────────────────────────────────────────────────────────────────
Dataset summary
────────────────────────────────────────────────────────────────────────
  Target edge : ('Protein', 'catalyzes', 'Interaction')

Node types:
  GeneProduct   num_nodes=    6,480  x=(6480, 1024)
  Interaction   num_nodes=   84,470  x=(84470, 3072)
  Metabolite    num_nodes=   17,476  x=(17476, 1024)
  Protein       num_nodes=   13,682  x=(13682, 960)
Edge types:
  ('GeneProduct', 'encodes', 'Protein')               num_edges=     2,762
  ('GeneProduct', 'is_about', 'GeneProduct')          num_edges=     4,580
  ('Interaction', 'is_about', 'Interaction')          num_edges=    29,740
  ('Interaction', 'participants', 'Interaction')      num_edges=     9,813
  ('Interaction', 'participants', 'Metabolite')       num_edges=    34,793
  ('Interaction', 'source', 'Metabolite')             num_edges=     7,554
  ('Interaction', 'target', 'Interaction')            num_edges=        17
  ('Interaction', 'target', 'Metabolite')             num_edges=    18,622
  ('Metabolite', 'is_about', 'Metabolite')            num_edges=    12,812
  ('Protein', 'catalyzes', 'Interaction')             num_edges=     7,655
  ('Protein', 'encoded_by', 'GeneProduct')            num_edges=     2,762
  ('Protein', 'is_about', 'GeneProduct')              num_edges=        83
  ('Protein', 'is_about', 'Protein')                  num_edges=     9,932

  Positive edge splits:
    train    9,569 edges
    val      1,211 edges
    test     1,200 edges

  Ranking pool : 8,445 proteins  (embedded only)
  Random P-H@50: 0.0059  (0.59%)
────────────────────────────────────────────────────────────────────────

Node types : ['GeneProduct', 'Interaction', 'Metabolite', 'Protein']
  GeneProduct  num_nodes=    6,480  x=(6480, 1024)
  Interaction  num_nodes=   84,470  x=(84470, 3072)
  Metabolite  num_nodes=   17,476  x=(17476, 1024)
  Protein     num_nodes=   13,682  x=(13682, 960)
 ----------- GNN = RGCN -----------
Running dummy forward pass to materialize weights...
Model: HeteroGNN  hidden_dim=128  num_layers=2  decoder=dot  dropout=0.3
  Edge types in GNN: 13
  Trainable parameters: 1,634,048
 Epoch     loss val_loss tst_loss  P-H@10   P-H@50   CP-AUC    time
──────────────────────────────────────────────────────────────────
     5   0.4534   1.2036    1.2225  0.0012   0.0232   0.5498    0.1s
    10   0.4071   1.3130    1.3382  0.0012   0.0730   0.6285    0.1s
    15   0.3558   1.0036    1.0251  0.0023   0.0139   0.7559    0.1s
    20   0.3238   1.0229    1.0528  0.0023   0.0139   0.8137    0.1s
    25   0.3013   1.0498    1.0809  0.0023   0.0185   0.8383    0.1s
    30   0.2819   0.9005    0.9169  0.0023   0.0104   0.8687    0.1s
    35   0.2654   0.9264    0.9402  0.0023   0.0267   0.8778    0.1s
    40   0.2536   0.8742    0.8960  0.0023   0.0394   0.8753    0.1s
    45   0.2451   0.8930    0.9187  0.0023   0.0846   0.8908    0.1s
    50   0.2368   0.8799    0.9119  0.0023   0.0800   0.8816    0.1s
    55   0.2289   0.8808    0.9200  0.0023   0.0707   0.8801    0.1s
    60   0.2209   0.8890    0.9309  0.0035   0.0603   0.8768    0.1s
    65   0.2173   0.9202    0.9680  0.0035   0.0626   0.8797    0.1s
    70   0.2113   0.9481    1.0067  0.0046   0.0545   0.8831    0.1s
    75   0.2074   0.9107    0.9639  0.0046   0.0510   0.8874    0.1s
    80   0.2037   0.9728    1.0274  0.0023   0.0545   0.8998    0.1s
    85   0.2013   0.9666    1.0165  0.0023   0.0556   0.8955    0.1s
    90   0.1970   1.0085    1.0631  0.0023   0.0568   0.8716    0.1s
    95   0.1928   0.9978    1.0564  0.0012   0.0591   0.8933    0.1s
   100   0.1885   1.0189    1.0819  0.0035   0.0568   0.8809    0.1s
   105   0.1871   1.0500    1.1132  0.0035   0.0510   0.8894    0.1s
   110   0.1843   1.0850    1.1399  0.0046   0.0510   0.8895    0.1s
   115   0.1785   1.0674    1.1213  0.0046   0.0487   0.8863    0.1s
   120   0.1770   1.1312    1.1844  0.0081   0.0417   0.8839    0.1s
   125   0.1736   1.1670    1.2160  0.0093   0.0475   0.8867    0.1s
   130   0.1719   1.1247    1.1614  0.0093   0.0417   0.8907    0.1s
   135   0.1702   1.1879    1.2349  0.0116   0.0452   0.8974    0.1s
   140   0.1642   1.2328    1.2794  0.0116   0.0452   0.8741    0.1s
   145   0.1658   1.3064    1.3461  0.0162   0.0487   0.8753    0.1s
   150   0.1629   1.3651    1.4023  0.0139   0.0498   0.8794    0.1s
   155   0.1612   1.4069    1.4441  0.0139   0.0510   0.8848    0.1s
   160   0.1615   1.3532    1.3715  0.0127   0.0614   0.8809    0.1s
   165   0.1568   1.3976    1.4294  0.0139   0.0637   0.8833    0.1s
   170   0.1569   1.5091    1.5307  0.0127   0.0579   0.8797    0.1s
   175   0.1554   1.5944    1.6344  0.0162   0.0660   0.8806    0.1s
   180   0.1524   1.5693    1.6150  0.0151   0.0730   0.8755    0.1s
   185   0.1495   1.5107    1.5505  0.0151   0.0660   0.8809    0.1s
   190   0.1494   1.5891    1.6261  0.0127   0.0672   0.8852    0.1s
   195   0.1476   1.6720    1.7144  0.0162   0.0881   0.8860    0.1s
   200   0.1467   1.7408    1.7838  0.0162   0.1031   0.8802    0.1s

Best checkpoint: epoch 197  val P-H@50 = 0.1031

── Final evaluation (best checkpoint) ──────────────────────────────
  val:
    P-H@1=0.0000  P-H@5=0.0070  P-H@10=0.0162  P-H@50=0.1031
    CP-AUC=0.8722  CP-AP=0.8419  loss=1.7076
  test:
    P-H@1=0.0000  P-H@5=0.0043  P-H@10=0.0139  P-H@50=0.0792
    CP-AUC=0.8782  CP-AP=0.8248  loss=1.7449

Report saved → /gpfs/home5/binal1/plantmetbench/runs/sweep_rgcn_L2_dot/rgcn_L2_h128_dot/seed_42/report_rgcn_epoch197.json
Checkpoint → /gpfs/home5/binal1/plantmetbench/runs/sweep_rgcn_L2_dot/rgcn_L2_h128_dot/seed_42/rgcn_L2_epoch197_best.pt
Log        → /gpfs/home5/binal1/plantmetbench/runs/sweep_rgcn_L2_dot/rgcn_L2_h128_dot/seed_42/train.log
History    → /gpfs/home5/binal1/plantmetbench/runs/sweep_rgcn_L2_dot/rgcn_L2_h128_dot/seed_42/history_rgcn_epoch197.json
# Log started at 2026-08-22T15:31:27.995800
# Log file: /gpfs/home5/binal1/plantmetbench/runs/sweep_rgcn_L2_dot/rgcn_L2_h128_dot/seed_0/train.log

Run: sweep_rgcn_L2_dot  seed=0  →  /gpfs/home5/binal1/plantmetbench/runs/sweep_rgcn_L2_dot/rgcn_L2_h128_dot/seed_0
  Device: cuda  (NVIDIA H100)

Loading graph from /gpfs/home5/binal1/plantmetbench/data …
  Protein embeddings: 8,445/13,682 nodes covered (61.7%)  dim=960
  Removed 6 is_part_of edge type(s) and Pathway node store
  Removed 3 Organism edge type(s) and Organism node store
Loading taxa split …
  Conversion fingerprints: 19,927/84,470 nodes (23.6%)  dim=3072
  Ranking pool: 8,445/13,682 proteins have embeddings (61.7%)
Node types : ['GeneProduct', 'Interaction', 'Metabolite', 'Protein']
  GeneProduct  num_nodes=    6,480  x=(6480, 1024)
  Interaction  num_nodes=   84,470  x=(84470, 3072)
  Metabolite  num_nodes=   17,476  x=(17476, 1024)
  Protein     num_nodes=   13,682  x=(13682, 960)
 ----------- GNN = RGCN -----------
Running dummy forward pass to materialize weights...
Model: HeteroGNN  hidden_dim=128  num_layers=2  decoder=dot  dropout=0.3
  Edge types in GNN: 13
  Trainable parameters: 1,634,048
 Epoch     loss val_loss tst_loss  P-H@10   P-H@50   CP-AUC    time
──────────────────────────────────────────────────────────────────
     5   0.4365   1.2233    1.2485  0.0209   0.1136   0.5646    0.1s
    10   0.3848   1.1766    1.2017  0.0081   0.0649   0.6811    0.1s
    15   0.3459   0.9417    0.9690  0.0035   0.0255   0.8046    0.1s
    20   0.3131   1.0321    1.0679  0.0093   0.0243   0.8380    0.1s
    25   0.2902   0.8813    0.9136  0.0093   0.0301   0.8726    0.1s
    30   0.2718   0.9035    0.9256  0.0093   0.1089   0.8894    0.1s
    35   0.2604   0.8669    0.8829  0.0139   0.1078   0.9048    0.1s
    40   0.2508   0.8777    0.8920  0.0081   0.1078   0.8976    0.1s
    45   0.2400   0.8342    0.8520  0.0058   0.0510   0.8915    0.1s
    50   0.2321   0.8874    0.9181  0.0023   0.0348   0.8887    0.1s
    55   0.2252   0.8371    0.8716  0.0023   0.0290   0.8878    0.1s
    60   0.2160   0.8705    0.9078  0.0023   0.0382   0.8833    0.1s
    65   0.2129   0.8675    0.9057  0.0023   0.0614   0.8853    0.1s
    70   0.2087   0.8982    0.9426  0.0023   0.0660   0.8901    0.1s
    75   0.2075   0.9192    0.9711  0.0023   0.0695   0.8815    0.1s
    80   0.2019   0.9170    0.9691  0.0023   0.0672   0.8939    0.1s
    85   0.1971   0.9244    0.9843  0.0023   0.0603   0.8878    0.1s
    90   0.1946   0.9317    0.9953  0.0023   0.0556   0.8873    0.1s
    95   0.1913   0.9756    1.0471  0.0023   0.0579   0.8883    0.1s
   100   0.1880   0.9742    1.0509  0.0023   0.0603   0.8827    0.1s
   105   0.1836   1.0140    1.1008  0.0023   0.0579   0.8961    0.1s
   110   0.1807   1.0835    1.1674  0.0023   0.0521   0.8754    0.1s
   115   0.1793   1.0887    1.1834  0.0023   0.0603   0.9113    0.1s
   120   0.1799   1.1580    1.2567  0.0023   0.0498   0.8917    0.1s
   125   0.1750   1.1904    1.2927  0.0023   0.0487   0.8912    0.1s
   130   0.1714   1.1717    1.2848  0.0023   0.0626   0.8859    0.1s
   135   0.1699   1.1759    1.2914  0.0035   0.0765   0.8910    0.1s
   140   0.1657   1.1971    1.3225  0.0058   0.0823   0.8848    0.1s
   145   0.1650   1.2675    1.3963  0.0046   0.0811   0.8875    0.1s
   150   0.1635   1.3422    1.4648  0.0023   0.0846   0.8948    0.1s
   155   0.1614   1.3475    1.4939  0.0012   0.0973   0.8895    0.1s
   160   0.1571   1.4292    1.5774  0.0012   0.1031   0.8854    0.1s
   165   0.1579   1.4487    1.5780  0.0012   0.1008   0.8874    0.1s
   170   0.1540   1.4484    1.5855  0.0058   0.1043   0.8949    0.1s
   175   0.1521   1.4688    1.6177  0.0012   0.1159   0.8914    0.1s
   180   0.1547   1.6304    1.7636  0.0046   0.1136   0.8861    0.1s
   185   0.1508   1.6527    1.7928  0.0023   0.0997   0.8762    0.1s
   190   0.1516   1.6548    1.8120  0.0046   0.1194   0.8814    0.1s
   195   0.1479   1.6370    1.7790  0.0046   0.1170   0.8848    0.1s
   200   0.1491   1.6994    1.8483  0.0023   0.1054   0.8893    0.1s

Best checkpoint: epoch 192  val P-H@50 = 0.1286

── Final evaluation (best checkpoint) ──────────────────────────────
  val:
    P-H@1=0.0000  P-H@5=0.0023  P-H@10=0.0035  P-H@50=0.1286
    CP-AUC=0.8825  CP-AP=0.8469  loss=1.6177
  test:
    P-H@1=0.0000  P-H@5=0.0000  P-H@10=0.0032  P-H@50=0.0642
    CP-AUC=0.8765  CP-AP=0.8272  loss=1.7709

Report saved → /gpfs/home5/binal1/plantmetbench/runs/sweep_rgcn_L2_dot/rgcn_L2_h128_dot/seed_0/report_rgcn_epoch192.json
Checkpoint → /gpfs/home5/binal1/plantmetbench/runs/sweep_rgcn_L2_dot/rgcn_L2_h128_dot/seed_0/rgcn_L2_epoch192_best.pt
Log        → /gpfs/home5/binal1/plantmetbench/runs/sweep_rgcn_L2_dot/rgcn_L2_h128_dot/seed_0/train.log
History    → /gpfs/home5/binal1/plantmetbench/runs/sweep_rgcn_L2_dot/rgcn_L2_h128_dot/seed_0/history_rgcn_epoch192.json
# Log started at 2026-08-22T15:32:02.053478
# Log file: /gpfs/home5/binal1/plantmetbench/runs/sweep_rgcn_L2_dot/rgcn_L2_h128_dot/seed_1/train.log

Run: sweep_rgcn_L2_dot  seed=1  →  /gpfs/home5/binal1/plantmetbench/runs/sweep_rgcn_L2_dot/rgcn_L2_h128_dot/seed_1
  Device: cuda  (NVIDIA H100)

Loading graph from /gpfs/home5/binal1/plantmetbench/data …
  Protein embeddings: 8,445/13,682 nodes covered (61.7%)  dim=960
  Removed 6 is_part_of edge type(s) and Pathway node store
  Removed 3 Organism edge type(s) and Organism node store
Loading taxa split …
  Conversion fingerprints: 19,927/84,470 nodes (23.6%)  dim=3072
  Ranking pool: 8,445/13,682 proteins have embeddings (61.7%)
Node types : ['GeneProduct', 'Interaction', 'Metabolite', 'Protein']
  GeneProduct  num_nodes=    6,480  x=(6480, 1024)
  Interaction  num_nodes=   84,470  x=(84470, 3072)
  Metabolite  num_nodes=   17,476  x=(17476, 1024)
  Protein     num_nodes=   13,682  x=(13682, 960)
 ----------- GNN = RGCN -----------
Running dummy forward pass to materialize weights...
Model: HeteroGNN  hidden_dim=128  num_layers=2  decoder=dot  dropout=0.3
  Edge types in GNN: 13
  Trainable parameters: 1,634,048
 Epoch     loss val_loss tst_loss  P-H@10   P-H@50   CP-AUC    time
──────────────────────────────────────────────────────────────────
     5   0.4928   1.1988    1.2356  0.0000   0.0000   0.4815    0.1s
    10   0.4310   1.3072    1.3389  0.0000   0.0127   0.5890    0.1s
    15   0.3637   0.9637    0.9746  0.0023   0.0035   0.7797    0.1s
    20   0.3258   1.0812    1.0938  0.0023   0.0035   0.8038    0.1s
    25   0.3011   0.9742    0.9818  0.0023   0.0058   0.8316    0.1s
    30   0.2802   0.9466    0.9546  0.0023   0.0104   0.8613    0.1s
    35   0.2635   0.8885    0.8953  0.0023   0.0220   0.8872    0.1s
    40   0.2519   0.9245    0.9425  0.0023   0.0278   0.8796    0.1s
    45   0.2433   0.8701    0.8937  0.0023   0.0545   0.8820    0.1s
    50   0.2342   0.9099    0.9491  0.0023   0.0487   0.8818    0.1s
    55   0.2290   0.9275    0.9797  0.0023   0.0232   0.8824    0.1s
    60   0.2217   0.8913    0.9406  0.0058   0.0209   0.8809    0.1s
    65   0.2184   0.9458    0.9946  0.0046   0.0151   0.8899    0.1s
    70   0.2128   0.9595    1.0047  0.0046   0.0185   0.8895    0.1s
    75   0.2066   0.9159    0.9563  0.0046   0.0174   0.8872    0.1s
    80   0.2036   0.9449    0.9896  0.0070   0.0209   0.8897    0.1s
    85   0.2045   1.0165    1.0712  0.0046   0.0185   0.8798    0.1s
    90   0.1964   1.0082    1.0678  0.0046   0.0151   0.8892    0.1s
    95   0.1925   0.9914    1.0506  0.0046   0.0232   0.8868    0.1s
   100   0.1922   0.9727    1.0302  0.0023   0.0197   0.8859    0.1s
   105   0.1898   1.0255    1.0855  0.0023   0.0324   0.8869    0.1s
   110   0.1889   1.0448    1.1019  0.0023   0.0313   0.9029    0.1s
   115   0.1841   1.0798    1.1330  0.0023   0.0301   0.8936    0.1s
   120   0.1794   1.1097    1.1692  0.0023   0.0278   0.8754    0.1s
   125   0.1765   1.1224    1.1857  0.0023   0.0267   0.8823    0.1s
   130   0.1770   1.2066    1.2723  0.0023   0.0232   0.8868    0.1s
   135   0.1719   1.2012    1.2711  0.0023   0.0220   0.8934    0.1s
   140   0.1682   1.2343    1.3006  0.0023   0.0267   0.8892    0.1s
   145   0.1682   1.2221    1.2819  0.0023   0.0220   0.8923    0.1s
   150   0.1654   1.3353    1.4182  0.0023   0.0197   0.8869    0.1s
   155   0.1602   1.3406    1.4257  0.0023   0.0243   0.8993    0.1s
   160   0.1618   1.3258    1.4136  0.0023   0.0290   0.8868    0.1s
   165   0.1596   1.3702    1.4599  0.0023   0.0336   0.8819    0.1s
   170   0.1573   1.4800    1.5702  0.0023   0.0324   0.8876    0.1s
   175   0.1561   1.4148    1.4947  0.0023   0.0406   0.8854    0.1s
   180   0.1566   1.5272    1.6177  0.0035   0.0452   0.8844    0.1s
   185   0.1532   1.5330    1.6171  0.0023   0.0475   0.8826    0.1s
   190   0.1499   1.5168    1.6002  0.0035   0.0452   0.8845    0.1s
   195   0.1485   1.5798    1.6649  0.0023   0.0475   0.8937    0.1s
   200   0.1473   1.6342    1.7160  0.0023   0.0591   0.8822    0.1s

Best checkpoint: epoch 200  val P-H@50 = 0.0591

── Final evaluation (best checkpoint) ──────────────────────────────
  val:
    P-H@1=0.0000  P-H@5=0.0023  P-H@10=0.0023  P-H@50=0.0591
    CP-AUC=0.8810  CP-AP=0.8337  loss=1.6342
  test:
    P-H@1=0.0000  P-H@5=0.0075  P-H@10=0.0107  P-H@50=0.0503
    CP-AUC=0.8788  CP-AP=0.8134  loss=1.7160

Report saved → /gpfs/home5/binal1/plantmetbench/runs/sweep_rgcn_L2_dot/rgcn_L2_h128_dot/seed_1/report_rgcn_epoch200.json
Checkpoint → /gpfs/home5/binal1/plantmetbench/runs/sweep_rgcn_L2_dot/rgcn_L2_h128_dot/seed_1/rgcn_L2_epoch200_best.pt
Log        → /gpfs/home5/binal1/plantmetbench/runs/sweep_rgcn_L2_dot/rgcn_L2_h128_dot/seed_1/train.log
History    → /gpfs/home5/binal1/plantmetbench/runs/sweep_rgcn_L2_dot/rgcn_L2_h128_dot/seed_1/history_rgcn_epoch200.json
# Log started at 2026-08-22T15:32:35.258805
# Log file: /gpfs/home5/binal1/plantmetbench/runs/sweep_rgcn_L2_dot/rgcn_L2_h128_dot/seed_2/train.log

Run: sweep_rgcn_L2_dot  seed=2  →  /gpfs/home5/binal1/plantmetbench/runs/sweep_rgcn_L2_dot/rgcn_L2_h128_dot/seed_2
  Device: cuda  (NVIDIA H100)

Loading graph from /gpfs/home5/binal1/plantmetbench/data …
  Protein embeddings: 8,445/13,682 nodes covered (61.7%)  dim=960
  Removed 6 is_part_of edge type(s) and Pathway node store
  Removed 3 Organism edge type(s) and Organism node store
Loading taxa split …
  Conversion fingerprints: 19,927/84,470 nodes (23.6%)  dim=3072
  Ranking pool: 8,445/13,682 proteins have embeddings (61.7%)
Node types : ['GeneProduct', 'Interaction', 'Metabolite', 'Protein']
  GeneProduct  num_nodes=    6,480  x=(6480, 1024)
  Interaction  num_nodes=   84,470  x=(84470, 3072)
  Metabolite  num_nodes=   17,476  x=(17476, 1024)
  Protein     num_nodes=   13,682  x=(13682, 960)
 ----------- GNN = RGCN -----------
Running dummy forward pass to materialize weights...
Model: HeteroGNN  hidden_dim=128  num_layers=2  decoder=dot  dropout=0.3
  Edge types in GNN: 13
  Trainable parameters: 1,634,048
 Epoch     loss val_loss tst_loss  P-H@10   P-H@50   CP-AUC    time
──────────────────────────────────────────────────────────────────
     5   0.4458   1.3180    1.3405  0.0000   0.0058   0.5125    0.1s
    10   0.3946   1.1997    1.2056  0.0058   0.0823   0.6143    0.1s
    15   0.3477   0.9855    0.9827  0.0081   0.0649   0.7655    0.1s
    20   0.3119   1.0712    1.0814  0.0127   0.0487   0.8221    0.1s
    25   0.2911   0.9496    0.9584  0.0093   0.0614   0.8609    0.1s
    30   0.2749   0.9403    0.9549  0.0081   0.0603   0.8859    0.1s
    35   0.2595   0.9216    0.9447  0.0070   0.0556   0.8782    0.1s
    40   0.2489   0.9140    0.9405  0.0058   0.0521   0.8902    0.1s
    45   0.2413   0.8893    0.9183  0.0023   0.0278   0.8831    0.1s
    50   0.2318   0.9022    0.9388  0.0023   0.0139   0.8840    0.1s
    55   0.2271   0.9186    0.9620  0.0023   0.0139   0.8794    0.1s
    60   0.2187   0.8987    0.9450  0.0023   0.0139   0.8947    0.1s
    65   0.2138   0.9603    1.0098  0.0023   0.0185   0.8907    0.1s
    70   0.2098   0.9556    1.0022  0.0023   0.0243   0.8826    0.1s
    75   0.2070   0.8987    0.9384  0.0023   0.0406   0.8824    0.1s
    80   0.2043   0.9513    0.9927  0.0023   0.0463   0.8849    0.1s
    85   0.1999   1.0534    1.0995  0.0023   0.0498   0.8926    0.1s
    90   0.1958   0.9991    1.0345  0.0023   0.0487   0.8829    0.1s
    95   0.1935   1.0019    1.0330  0.0023   0.0591   0.8838    0.1s
   100   0.1877   1.0524    1.0900  0.0023   0.0556   0.8704    0.1s
   105   0.1854   1.0921    1.1239  0.0070   0.0568   0.8870    0.1s
   110   0.1800   1.0910    1.1163  0.0070   0.0591   0.8821    0.1s
   115   0.1794   1.1076    1.1450  0.0046   0.0533   0.8863    0.1s
   120   0.1737   1.1521    1.2023  0.0058   0.0556   0.8998    0.1s
   125   0.1717   1.2030    1.2501  0.0046   0.0510   0.8892    0.1s
   130   0.1723   1.2276    1.2670  0.0012   0.0533   0.8747    0.1s
   135   0.1694   1.2864    1.3253  0.0035   0.0545   0.8862    0.1s
   140   0.1654   1.2962    1.3401  0.0035   0.0545   0.8778    0.1s
   145   0.1639   1.3302    1.3800  0.0046   0.0487   0.8876    0.1s
   150   0.1620   1.3763    1.4273  0.0046   0.0487   0.8807    0.1s
   155   0.1570   1.3892    1.4335  0.0081   0.0533   0.8820    0.1s
   160   0.1556   1.4036    1.4606  0.0081   0.0521   0.8780    0.1s
   165   0.1557   1.5203    1.5780  0.0070   0.0417   0.8788    0.1s
   170   0.1536   1.6310    1.6770  0.0093   0.0359   0.8815    0.1s
   175   0.1495   1.5089    1.5714  0.0081   0.0406   0.8880    0.1s
   180   0.1478   1.5080    1.5636  0.0081   0.0475   0.8762    0.1s
   185   0.1485   1.7020    1.7775  0.0070   0.0440   0.8804    0.1s
   190   0.1489   1.7191    1.7975  0.0058   0.0475   0.8783    0.1s
   195   0.1445   1.7450    1.7953  0.0058   0.0487   0.8702    0.1s
   200   0.1441   1.7515    1.8022  0.0070   0.0440   0.8818    0.1s

Best checkpoint: epoch 9  val P-H@50 = 0.0834

── Final evaluation (best checkpoint) ──────────────────────────────
  val:
    P-H@1=0.0012  P-H@5=0.0012  P-H@10=0.0046  P-H@50=0.0834
    CP-AUC=0.5888  CP-AP=0.5703  loss=1.2712
  test:
    P-H@1=0.0011  P-H@5=0.0043  P-H@10=0.0064  P-H@50=0.0385
    CP-AUC=0.6059  CP-AP=0.5813  loss=1.2818

Report saved → /gpfs/home5/binal1/plantmetbench/runs/sweep_rgcn_L2_dot/rgcn_L2_h128_dot/seed_2/report_rgcn_epoch009.json
Checkpoint → /gpfs/home5/binal1/plantmetbench/runs/sweep_rgcn_L2_dot/rgcn_L2_h128_dot/seed_2/rgcn_L2_epoch009_best.pt
Log        → /gpfs/home5/binal1/plantmetbench/runs/sweep_rgcn_L2_dot/rgcn_L2_h128_dot/seed_2/train.log
History    → /gpfs/home5/binal1/plantmetbench/runs/sweep_rgcn_L2_dot/rgcn_L2_h128_dot/seed_2/history_rgcn_epoch009.json
# Log started at 2026-08-22T15:33:08.826145
# Log file: /gpfs/home5/binal1/plantmetbench/runs/sweep_rgcn_L2_dot/rgcn_L2_h128_dot/seed_3/train.log

Run: sweep_rgcn_L2_dot  seed=3  →  /gpfs/home5/binal1/plantmetbench/runs/sweep_rgcn_L2_dot/rgcn_L2_h128_dot/seed_3
  Device: cuda  (NVIDIA H100)

Loading graph from /gpfs/home5/binal1/plantmetbench/data …
  Protein embeddings: 8,445/13,682 nodes covered (61.7%)  dim=960
  Removed 6 is_part_of edge type(s) and Pathway node store
  Removed 3 Organism edge type(s) and Organism node store
Loading taxa split …
  Conversion fingerprints: 19,927/84,470 nodes (23.6%)  dim=3072
  Ranking pool: 8,445/13,682 proteins have embeddings (61.7%)
Node types : ['GeneProduct', 'Interaction', 'Metabolite', 'Protein']
  GeneProduct  num_nodes=    6,480  x=(6480, 1024)
  Interaction  num_nodes=   84,470  x=(84470, 3072)
  Metabolite  num_nodes=   17,476  x=(17476, 1024)
  Protein     num_nodes=   13,682  x=(13682, 960)
 ----------- GNN = RGCN -----------
Running dummy forward pass to materialize weights...
Model: HeteroGNN  hidden_dim=128  num_layers=2  decoder=dot  dropout=0.3
  Edge types in GNN: 13
  Trainable parameters: 1,634,048
 Epoch     loss val_loss tst_loss  P-H@10   P-H@50   CP-AUC    time
──────────────────────────────────────────────────────────────────
     5   0.4493   1.1448    1.1743  0.0023   0.0139   0.5366    0.1s
    10   0.3981   1.2532    1.2803  0.0070   0.0371   0.6495    0.1s
    15   0.3449   0.9643    0.9792  0.0046   0.0313   0.7972    0.1s
    20   0.3160   1.0041    1.0161  0.0093   0.0417   0.8405    0.1s
    25   0.2922   0.9804    0.9871  0.0104   0.0429   0.8550    0.1s
    30   0.2759   0.8752    0.8771  0.0116   0.0429   0.8994    0.1s
    35   0.2632   0.9049    0.9143  0.0104   0.0487   0.9104    0.1s
    40   0.2522   0.8855    0.9073  0.0139   0.0371   0.8903    0.1s
    45   0.2419   0.8868    0.9218  0.0139   0.0348   0.8993    0.1s
    50   0.2375   0.8748    0.9209  0.0127   0.0371   0.8919    0.1s
    55   0.2299   0.8917    0.9460  0.0070   0.0267   0.8806    0.1s
    60   0.2249   0.8973    0.9564  0.0035   0.0174   0.8885    0.1s
    65   0.2197   0.8771    0.9417  0.0023   0.0070   0.8840    0.1s
    70   0.2164   0.9753    1.0511  0.0023   0.0070   0.8940    0.1s
    75   0.2123   0.9159    0.9890  0.0023   0.0046   0.8830    0.1s
    80   0.2070   0.9276    1.0062  0.0023   0.0104   0.8860    0.1s
    85   0.2066   0.9786    1.0615  0.0023   0.0151   0.8793    0.1s
    90   0.2018   0.9830    1.0625  0.0023   0.0232   0.8809    0.1s
    95   0.1993   1.0016    1.0779  0.0023   0.0267   0.8894    0.1s
   100   0.1962   1.0188    1.0985  0.0023   0.0290   0.8882    0.1s
   105   0.1914   1.0450    1.1323  0.0035   0.0348   0.8849    0.1s
   110   0.1885   1.0588    1.1519  0.0035   0.0452   0.8867    0.1s
   115   0.1873   1.0592    1.1511  0.0035   0.0452   0.8842    0.1s
   120   0.1815   1.0430    1.1389  0.0035   0.0406   0.8855    0.1s
   125   0.1836   1.0691    1.1665  0.0035   0.0440   0.8823    0.1s
   130   0.1775   1.0589    1.1673  0.0046   0.0371   0.8838    0.1s
   135   0.1759   1.0907    1.2111  0.0046   0.0394   0.8911    0.1s
   140   0.1758   1.1545    1.2896  0.0035   0.0359   0.9030    0.1s
   145   0.1704   1.2316    1.3719  0.0035   0.0301   0.8838    0.1s
   150   0.1658   1.2282    1.3697  0.0046   0.0313   0.8803    0.1s
   155   0.1657   1.2684    1.4186  0.0035   0.0336   0.8900    0.1s
   160   0.1656   1.3057    1.4594  0.0035   0.0255   0.8817    0.1s
   165   0.1631   1.3685    1.5211  0.0035   0.0267   0.8869    0.1s
   170   0.1621   1.4381    1.6024  0.0035   0.0313   0.8850    0.1s
   175   0.1604   1.4628    1.6232  0.0035   0.0336   0.8853    0.1s
   180   0.1572   1.4851    1.6490  0.0035   0.0359   0.8732    0.1s
   185   0.1547   1.4808    1.6461  0.0058   0.0452   0.8844    0.1s
   190   0.1530   1.5331    1.7154  0.0035   0.0417   0.8823    0.1s
   195   0.1548   1.6246    1.7953  0.0046   0.0475   0.8885    0.1s
   200   0.1516   1.6528    1.8388  0.0058   0.0626   0.8717    0.1s

Best checkpoint: epoch 200  val P-H@50 = 0.0626

── Final evaluation (best checkpoint) ──────────────────────────────
  val:
    P-H@1=0.0000  P-H@5=0.0046  P-H@10=0.0058  P-H@50=0.0626
    CP-AUC=0.8773  CP-AP=0.8237  loss=1.6528
  test:
    P-H@1=0.0000  P-H@5=0.0000  P-H@10=0.0096  P-H@50=0.0385
    CP-AUC=0.8750  CP-AP=0.8101  loss=1.8388

Report saved → /gpfs/home5/binal1/plantmetbench/runs/sweep_rgcn_L2_dot/rgcn_L2_h128_dot/seed_3/report_rgcn_epoch200.json
Checkpoint → /gpfs/home5/binal1/plantmetbench/runs/sweep_rgcn_L2_dot/rgcn_L2_h128_dot/seed_3/rgcn_L2_epoch200_best.pt
Log        → /gpfs/home5/binal1/plantmetbench/runs/sweep_rgcn_L2_dot/rgcn_L2_h128_dot/seed_3/train.log
History    → /gpfs/home5/binal1/plantmetbench/runs/sweep_rgcn_L2_dot/rgcn_L2_h128_dot/seed_3/history_rgcn_epoch200.json
Remaining : ['--gnn-name', 'rgcn', '--num-layers', '2', '--decoder', 'dot', '--epochs', '200']
PlantMetBench — multi-seed training
  Seeds    : [42, 0, 1, 2, 3]
  Run name : sweep_rgcn_L2_dot
  Extra    : --gnn-name rgcn --num-layers 2 --decoder dot --epochs 200

======================================================================
  Seed 42  →  /gpfs/home5/binal1/plantmetbench/runs/sweep_rgcn_L2_dot/rgcn_L2_h128_dot/seed_42/
======================================================================

======================================================================
  Seed 0  →  /gpfs/home5/binal1/plantmetbench/runs/sweep_rgcn_L2_dot/rgcn_L2_h128_dot/seed_0/
======================================================================

======================================================================
  Seed 1  →  /gpfs/home5/binal1/plantmetbench/runs/sweep_rgcn_L2_dot/rgcn_L2_h128_dot/seed_1/
======================================================================

======================================================================
  Seed 2  →  /gpfs/home5/binal1/plantmetbench/runs/sweep_rgcn_L2_dot/rgcn_L2_h128_dot/seed_2/
======================================================================

======================================================================
  Seed 3  →  /gpfs/home5/binal1/plantmetbench/runs/sweep_rgcn_L2_dot/rgcn_L2_h128_dot/seed_3/
======================================================================

======================================================================
  Multi-seed summary
======================================================================
  Metric                    Mean       Std  n
  --------------------------------------------------
  val_ph50                0.0874    0.0291  5
  val_ph10                0.0065    0.0056  5
  val_ph1                 0.0002    0.0005  5
  val_ph5                 0.0035    0.0023  5
  val_cp_auc              0.8204    0.1295  5
  val_cp_ap               0.7833    0.1194  5
  test_ph50               0.0542    0.0176  5
  test_ph10               0.0088    0.0041  5
  test_ph1                0.0002    0.0005  5
  test_ph5                0.0032    0.0032  5
  test_cp_auc             0.8229    0.1213  5
  test_cp_ap              0.7714    0.1065  5
  best_epoch            159.6000   84.2514  5

Summary saved → /gpfs/home5/binal1/plantmetbench/runs/sweep_rgcn_L2_dot/seeds_summary_rgcn_L2_h128_dot.json
Summary saved → /gpfs/home5/binal1/plantmetbench/runs/sweep_rgcn_L2_dot/rgcn_L2_h128_dot/seeds_summary_rgcn_L2_h128_dot.json
